Component: Arm Compiler for Embedded 6.21 Tool: armlink [5ec1fa00]

==============================================================================

Section Cross References

    startup_stm32f407xx.o(RESET) refers to startup_stm32f407xx.o(STACK) for __initial_sp
    startup_stm32f407xx.o(RESET) refers to startup_stm32f407xx.o(.text) for Reset_Handler
    startup_stm32f407xx.o(RESET) refers to stm32f4xx_it.o(.text.NMI_Handler) for NMI_Handler
    startup_stm32f407xx.o(RESET) refers to stm32f4xx_it.o(.text.HardFault_Handler) for HardFault_Handler
    startup_stm32f407xx.o(RESET) refers to stm32f4xx_it.o(.text.MemManage_Handler) for MemManage_Handler
    startup_stm32f407xx.o(RESET) refers to stm32f4xx_it.o(.text.BusFault_Handler) for BusFault_Handler
    startup_stm32f407xx.o(RESET) refers to stm32f4xx_it.o(.text.UsageFault_Handler) for UsageFault_Handler
    startup_stm32f407xx.o(RESET) refers to stm32f4xx_it.o(.text.SVC_Handler) for SVC_Handler
    startup_stm32f407xx.o(RESET) refers to stm32f4xx_it.o(.text.DebugMon_Handler) for DebugMon_Handler
    startup_stm32f407xx.o(RESET) refers to stm32f4xx_it.o(.text.PendSV_Handler) for PendSV_Handler
    startup_stm32f407xx.o(RESET) refers to stm32f4xx_it.o(.text.SysTick_Handler) for SysTick_Handler
    startup_stm32f407xx.o(RESET) refers to stm32f4xx_it.o(.text.EXTI4_IRQHandler) for EXTI4_IRQHandler
    startup_stm32f407xx.o(RESET) refers to stm32f4xx_it.o(.text.DMA1_Stream1_IRQHandler) for DMA1_Stream1_IRQHandler
    startup_stm32f407xx.o(RESET) refers to stm32f4xx_it.o(.text.DMA1_Stream3_IRQHandler) for DMA1_Stream3_IRQHandler
    startup_stm32f407xx.o(RESET) refers to stm32f4xx_it.o(.text.DMA1_Stream4_IRQHandler) for DMA1_Stream4_IRQHandler
    startup_stm32f407xx.o(RESET) refers to stm32f4xx_it.o(.text.DMA1_Stream5_IRQHandler) for DMA1_Stream5_IRQHandler
    startup_stm32f407xx.o(RESET) refers to stm32f4xx_it.o(.text.DMA1_Stream6_IRQHandler) for DMA1_Stream6_IRQHandler
    startup_stm32f407xx.o(RESET) refers to stm32f4xx_it.o(.text.TIM1_BRK_TIM9_IRQHandler) for TIM1_BRK_TIM9_IRQHandler
    startup_stm32f407xx.o(RESET) refers to stm32f4xx_it.o(.text.TIM2_IRQHandler) for TIM2_IRQHandler
    startup_stm32f407xx.o(RESET) refers to stm32f4xx_it.o(.text.SPI2_IRQHandler) for SPI2_IRQHandler
    startup_stm32f407xx.o(RESET) refers to stm32f4xx_it.o(.text.USART2_IRQHandler) for USART2_IRQHandler
    startup_stm32f407xx.o(RESET) refers to stm32f4xx_it.o(.text.USART3_IRQHandler) for USART3_IRQHandler
    startup_stm32f407xx.o(RESET) refers to stm32f4xx_it.o(.text.SDIO_IRQHandler) for SDIO_IRQHandler
    startup_stm32f407xx.o(RESET) refers to stm32f4xx_it.o(.text.TIM6_DAC_IRQHandler) for TIM6_DAC_IRQHandler
    startup_stm32f407xx.o(RESET) refers to stm32f4xx_it.o(.text.DMA2_Stream3_IRQHandler) for DMA2_Stream3_IRQHandler
    startup_stm32f407xx.o(.text) refers to system_stm32f4xx.o(.text.SystemInit) for SystemInit
    startup_stm32f407xx.o(.text) refers to entry.o(.ARM.Collect$$$$00000000) for __main
    main.o(.text.HAL_TIM_PeriodElapsedCallback) refers to tim.o(.bss.htim6) for htim6
    main.o(.text.HAL_TIM_PeriodElapsedCallback) refers to key.o(.text.KEY_Scan) for KEY_Scan
    main.o(.text.HAL_TIM_PeriodElapsedCallback) refers to main.o(.bss..L_MergedGlobals) for .L_MergedGlobals
    main.o(.text.HAL_TIM_PeriodElapsedCallback) refers to bat_adc.o(.text.BatteryDetect) for BatteryDetect
    main.o(.text.HAL_TIM_PeriodElapsedCallback) refers to tlc5940.o(.bss.g_tlc) for g_tlc
    main.o(.text.HAL_TIM_PeriodElapsedCallback) refers to tim.o(.bss.htim2) for htim2
    main.o(.text.HAL_TIM_PeriodElapsedCallback) refers to stm32f4xx_hal_gpio.o(.text.HAL_GPIO_WritePin) for HAL_GPIO_WritePin
    main.o(.ARM.exidx.text.HAL_TIM_PeriodElapsedCallback) refers to main.o(.text.HAL_TIM_PeriodElapsedCallback) for [Anonymous Symbol]
    main.o(.text.main) refers to stm32f4xx_hal.o(.text.HAL_Init) for HAL_Init
    main.o(.text.main) refers to main.o(.text.SystemClock_Config) for SystemClock_Config
    main.o(.text.main) refers to gpio.o(.text.MX_GPIO_Init) for MX_GPIO_Init
    main.o(.text.main) refers to dma.o(.text.MX_DMA_Init) for MX_DMA_Init
    main.o(.text.main) refers to adc.o(.text.MX_ADC1_Init) for MX_ADC1_Init
    main.o(.text.main) refers to sdio.o(.text.MX_SDIO_SD_Init) for MX_SDIO_SD_Init
    main.o(.text.main) refers to spi.o(.text.MX_SPI1_Init) for MX_SPI1_Init
    main.o(.text.main) refers to spi.o(.text.MX_SPI2_Init) for MX_SPI2_Init
    main.o(.text.main) refers to usart.o(.text.MX_USART3_UART_Init) for MX_USART3_UART_Init
    main.o(.text.main) refers to usart.o(.text.MX_USART2_UART_Init) for MX_USART2_UART_Init
    main.o(.text.main) refers to tim.o(.text.MX_TIM6_Init) for MX_TIM6_Init
    main.o(.text.main) refers to tim.o(.text.MX_TIM9_Init) for MX_TIM9_Init
    main.o(.text.main) refers to tim.o(.text.MX_TIM1_Init) for MX_TIM1_Init
    main.o(.text.main) refers to tim.o(.text.MX_TIM2_Init) for MX_TIM2_Init
[...]
    [Anonymous Symbol]                       0x08008130   Section        0  fnirs.o(.text.nirs_data_send)
    [Anonymous Symbol]                       0x08008210   Section        0  fnirs.o(.text.nirs_init)
    [Anonymous Symbol]                       0x0800823c   Section        0  fnirs.o(.text.nirs_set_sample_rate)
    [Anonymous Symbol]                       0x08008288   Section        0  fnirs.o(.text.nirs_start)
    [Anonymous Symbol]                       0x080082e4   Section        0  fnirs.o(.text.nirs_stop)
    [Anonymous Symbol]                       0x0800833c   Section        0  fnirs.o(.text.nirs_timer_handle)
    [Anonymous Symbol]                       0x08008440   Section        0  utils.o(.text.reverseArray)
    [Anonymous Symbol]                       0x080084bc   Section        0  fnirs.o(.text.sd_read_nirs)
    [Anonymous Symbol]                       0x08008548   Section        0  csnp32.o(.text.sdio_init)
    [Anonymous Symbol]                       0x08008698   Section        0  csnp32.o(.text.sdio_read)
    [Anonymous Symbol]                       0x080086e0   Section        0  csnp32.o(.text.sdio_write)
    [Anonymous Symbol]                       0x0800872c   Section        0  ads1258.o(.text.set_ads_channel)
    [Anonymous Symbol]                       0x08008904   Section        0  ads1258.o(.text.stopConversions)
    [Anonymous Symbol]                       0x08008914   Section        0  tlc5940.o(.text.tlc5940_init)
    [Anonymous Symbol]                       0x080089b4   Section        0  tlc5940.o(.text.tlcSetDC)
    [Anonymous Symbol]                       0x08008ae0   Section        0  tlc5940.o(.text.tlcSetGS)
    i.__0vsnprintf                           0x08008bc0   Section        0  printfa.o(i.__0vsnprintf)
    i.__hardfp_ceil                          0x08008bf8   Section        0  ceil.o(i.__hardfp_ceil)
    i.__scatterload_copy                     0x08008d10   Section       14  handlers.o(i.__scatterload_copy)
    i.__scatterload_null                     0x08008d1e   Section        2  handlers.o(i.__scatterload_null)
    i.__scatterload_zeroinit                 0x08008d20   Section       14  handlers.o(i.__scatterload_zeroinit)
    _fp_digits                               0x08008d31   Thumb Code   366  printfa.o(i._fp_digits)
    i._fp_digits                             0x08008d30   Section        0  printfa.o(i._fp_digits)
    _printf_core                             0x08008eb5   Thumb Code  1744  printfa.o(i._printf_core)
    i._printf_core                           0x08008eb4   Section        0  printfa.o(i._printf_core)
    _printf_post_padding                     0x08009591   Thumb Code    36  printfa.o(i._printf_post_padding)
    i._printf_post_padding                   0x08009590   Section        0  printfa.o(i._printf_post_padding)
    _printf_pre_padding                      0x080095b5   Thumb Code    46  printfa.o(i._printf_pre_padding)
    i._printf_pre_padding                    0x080095b4   Section        0  printfa.o(i._printf_pre_padding)
    _snputc                                  0x080095e3   Thumb Code    22  printfa.o(i._snputc)
    i._snputc                                0x080095e2   Section        0  printfa.o(i._snputc)
    DMA_CalcBaseAndBitshift.flagBitshiftOffset 0x08009610   Data           8  stm32f4xx_hal_dma.o(.rodata.cst8)
    [Anonymous Symbol]                       0x08009610   Section        0  stm32f4xx_hal_dma.o(.rodata.cst8)
    .L.str.1                                 0x08009618   Data          25  csnp32.o(.rodata.str1.1)
    [Anonymous Symbol]                       0x08009618   Section        0  csnp32.o(.rodata.str1.1)
    .L.str.3                                 0x08009631   Data          23  csnp32.o(.rodata.str1.1)
    .L.str.2                                 0x08009648   Data          25  csnp32.o(.rodata.str1.1)
    .L.str.9                                 0x08009661   Data          25  csnp32.o(.rodata.str1.1)
    .L.str                                   0x0800967a   Data          35  csnp32.o(.rodata.str1.1)
    .L.str.3                                 0x0800969d   Data          17  ads1258.o(.rodata.str1.1)
    [Anonymous Symbol]                       0x0800969d   Section        0  ads1258.o(.rodata.str1.1)
    .L.str.9                                 0x080096ae   Data          36  ads1258.o(.rodata.str1.1)
    .L.str.1                                 0x080096d2   Data          41  transmit.o(.rodata.str1.1)
    [Anonymous Symbol]                       0x080096d2   Section        0  transmit.o(.rodata.str1.1)
    .L.str                                   0x080096fb   Data          21  transmit.o(.rodata.str1.1)
    .L_MergedGlobals                         0x20000000   Data           8  stm32f4xx_hal.o(.data..L_MergedGlobals)
    [Anonymous Symbol]                       0x20000000   Section        0  stm32f4xx_hal.o(.data..L_MergedGlobals)
    .L_MergedGlobals                         0x20000008   Data           8  ads1258.o(.data..L_MergedGlobals)
    DataConvert.gain                         0x20000008   Data           4  ads1258.o(.data..L_MergedGlobals)
    [Anonymous Symbol]                       0x20000008   Section        0  ads1258.o(.data..L_MergedGlobals)
    DataConvert.ref                          0x2000000c   Data           4  ads1258.o(.data..L_MergedGlobals)
    .L_MergedGlobals                         0x20000010   Data          24  bat_adc.o(.data..L_MergedGlobals)
    [Anonymous Symbol]                       0x20000010   Section        0  bat_adc.o(.data..L_MergedGlobals)
    .L_MergedGlobals                         0x20000028   Data           3  key.o(.data..L_MergedGlobals)
    KEY_Scan.key_state                       0x20000028   Data           1  key.o(.data..L_MergedGlobals)
    [Anonymous Symbol]                       0x20000028   Section        0  key.o(.data..L_MergedGlobals)
    KEY_Scan.Long_Cnt                        0x20000029   Data           1  key.o(.data..L_MergedGlobals)
    KEY_Scan.Twice_Cnt                       0x2000002a   Data           1  key.o(.data..L_MergedGlobals)
    .L_MergedGlobals                         0x2000002b   Data           2  led.o(.data..L_MergedGlobals)
    cur_chr                                  0x2000002b   Data           1  led.o(.data..L_MergedGlobals)
    [Anonymous Symbol]                       0x2000002b   Section        0  led.o(.data..L_MergedGlobals)
    pre_chr                                  0x2000002c   Data           1  led.o(.data..L_MergedGlobals)
    .L_MergedGlobals                         0x20000038   Data           8  main.o(.bss..L_MergedGlobals)
    [Anonymous Symbol]                       0x20000038   Section        0  main.o(.bss..L_MergedGlobals)
    HAL_TIM_PeriodElapsedCallback.__cnt      0x2000003c   Data           4  main.o(.bss..L_MergedGlobals)
    .L_MergedGlobals                         0x20000040   Data          20  transmit.o(.bss..L_MergedGlobals)
    DecodeCommand.temp                       0x20000040   Data           1  transmit.o(.bss..L_MergedGlobals)
    [Anonymous Symbol]                       0x20000040   Section        0  transmit.o(.bss..L_MergedGlobals)
    .L_MergedGlobals.1                       0x20000054   Data           4  bat_adc.o(.bss..L_MergedGlobals.1)
    [Anonymous Symbol]                       0x20000054   Section        0  bat_adc.o(.bss..L_MergedGlobals.1)
    .L_MergedGlobals.11                      0x20000058   Data          48  ads1258.o(.bss..L_MergedGlobals.11)
    [Anonymous Symbol]                       0x20000058   Section        0  ads1258.o(.bss..L_MergedGlobals.11)
    .L_MergedGlobals.3                       0x20000088   Data           6  key.o(.bss..L_MergedGlobals.3)
    [Anonymous Symbol]                       0x20000088   Section        0  key.o(.bss..L_MergedGlobals.3)
    KEY_Scan.Click_Buf                       0x20000089   Data           1  key.o(.bss..L_MergedGlobals.3)
    KEY_Scan.KEY_flag                        0x2000008a   Data           1  key.o(.bss..L_MergedGlobals.3)
    KEY_Scan.Click                           0x2000008b   Data           1  key.o(.bss..L_MergedGlobals.3)
    KEY_Scan.Long_Press                      0x2000008c   Data           1  key.o(.bss..L_MergedGlobals.3)
    KEY_Scan.Double_Click                    0x2000008d   Data           1  key.o(.bss..L_MergedGlobals.3)
    STACK                                    0x20001fb8   Section     1024  startup_stm32f407xx.o(STACK)

    Global Symbols

    Symbol Name                              Value     Ov Type        Size  Object(Section)

    BuildAttributes$$THM_ISAv4$E$P$D$K$B$S$7EM$VFPi3$EXTD16$VFPS$VFMA$PE$A:L22UL41UL21$X:L11$S22US41US21$IEEE1$IW$~IW$USESV6$~STKCKD$USESV7$~SHL$OTIME$ROPI$IEEEJ$EBA8$MICROLIB$REQ8$PRES8$EABIv2 0x00000000   Number         0  anon$$obj.o ABSOLUTE
    __cpp_initialize__aeabi_                  - Undefined Weak Reference
    __cxa_finalize                            - Undefined Weak Reference
    __decompress                              - Undefined Weak Reference
    _clock_init                               - Undefined Weak Reference
    _microlib_exit                            - Undefined Weak Reference
    __Vectors_Size                           0x00000188   Number         0  startup_stm32f407xx.o ABSOLUTE
    __Vectors                                0x08000000   Data           4  startup_stm32f407xx.o(RESET)
    __Vectors_End                            0x08000188   Data           0  startup_stm32f407xx.o(RESET)
    __main                                   0x08000189   Thumb Code     0  entry.o(.ARM.Collect$$$$00000000)
    _main_stk                                0x08000189   Thumb Code     0  entry2.o(.ARM.Collect$$$$00000001)
    _main_scatterload                        0x0800018d   Thumb Code     0  entry5.o(.ARM.Collect$$$$00000004)
    __main_after_scatterload                 0x08000191   Thumb Code     0  entry5.o(.ARM.Collect$$$$00000004)
    _main_clock                              0x08000191   Thumb Code     0  entry7b.o(.ARM.Collect$$$$00000008)
    _main_cpp_init                           0x08000191   Thumb Code     0  entry8b.o(.ARM.Collect$$$$0000000A)
    _main_init                               0x08000191   Thumb Code     0  entry9a.o(.ARM.Collect$$$$0000000B)
    __rt_final_cpp                           0x08000199   Thumb Code     0  entry10a.o(.ARM.Collect$$$$0000000D)
    __rt_final_exit                          0x08000199   Thumb Code     0  entry11a.o(.ARM.Collect$$$$0000000F)
    Reset_Handler                            0x0800019d   Thumb Code     8  startup_stm32f407xx.o(.text)
    ADC_IRQHandler                           0x080001b7   Thumb Code     0  startup_stm32f407xx.o(.text)
    CAN1_RX0_IRQHandler                      0x080001b7   Thumb Code     0  startup_stm32f407xx.o(.text)
    CAN1_RX1_IRQHandler                      0x080001b7   Thumb Code     0  startup_stm32f407xx.o(.text)
    CAN1_SCE_IRQHandler                      0x080001b7   Thumb Code     0  startup_stm32f407xx.o(.text)
    CAN1_TX_IRQHandler                       0x080001b7   Thumb Code     0  startup_stm32f407xx.o(.text)
    CAN2_RX0_IRQHandler                      0x080001b7   Thumb Code     0  startup_stm32f407xx.o(.text)
    CAN2_RX1_IRQHandler                      0x080001b7   Thumb Code     0  startup_stm32f407xx.o(.text)
    CAN2_SCE_IRQHandler                      0x080001b7   Thumb Code     0  startup_stm32f407xx.o(.text)
    CAN2_TX_IRQHandler                       0x080001b7   Thumb Code     0  startup_stm32f407xx.o(.text)
    DCMI_IRQHandler                          0x080001b7   Thumb Code     0  startup_stm32f407xx.o(.text)
    DMA1_Stream0_IRQHandler                  0x080001b7   Thumb Code     0  startup_stm32f407xx.o(.text)
    DMA1_Stream2_IRQHandler                  0x080001b7   Thumb Code     0  startup_stm32f407xx.o(.text)
    DMA1_Stream7_IRQHandler                  0x080001b7   Thumb Code     0  startup_stm32f407xx.o(.text)
    DMA2_Stream0_IRQHandler                  0x080001b7   Thumb Code     0  startup_stm32f407xx.o(.text)
    DMA2_Stream1_IRQHandler                  0x080001b7   Thumb Code     0  startup_stm32f407xx.o(.text)
    DMA2_Stream2_IRQHandler                  0x080001b7   Thumb Code     0  startup_stm32f407xx.o(.text)
    DMA2_Stream4_IRQHandler                  0x080001b7   Thumb Code     0  startup_stm32f407xx.o(.text)
    DMA2_Stream5_IRQHandler                  0x080001b7   Thumb Code     0  startup_stm32f407xx.o(.text)
    DMA2_Stream6_IRQHandler                  0x080001b7   Thumb Code     0  startup_stm32f407xx.o(.text)
    DMA2_Stream7_IRQHandler                  0x080001b7   Thumb Code     0  startup_stm32f407xx.o(.text)
    ETH_IRQHandler                           0x080001b7   Thumb Code     0  startup_stm32f407xx.o(.text)
    ETH_WKUP_IRQHandler                      0x080001b7   Thumb Code     0  startup_stm32f407xx.o(.text)
    EXTI0_IRQHandler                         0x080001b7   Thumb Code     0  startup_stm32f407xx.o(.text)
    EXTI15_10_IRQHandler                     0x080001b7   Thumb Code     0  startup_stm32f407xx.o(.text)
    EXTI1_IRQHandler                         0x080001b7   Thumb Code     0  startup_stm32f407xx.o(.text)
    EXTI2_IRQHandler                         0x080001b7   Thumb Code     0  startup_stm32f407xx.o(.text)
    EXTI3_IRQHandler                         0x080001b7   Thumb Code     0  startup_stm32f407xx.o(.text)
    EXTI9_5_IRQHandler                       0x080001b7   Thumb Code     0  startup_stm32f407xx.o(.text)
    FLASH_IRQHandler                         0x080001b7   Thumb Code     0  startup_stm32f407xx.o(.text)
    FMC_IRQHandler                           0x080001b7   Thumb Code     0  startup_stm32f407xx.o(.text)
    FPU_IRQHandler                           0x080001b7   Thumb Code     0  startup_stm32f407xx.o(.text)
    HASH_RNG_IRQHandler                      0x080001b7   Thumb Code     0  startup_stm32f407xx.o(.text)
    I2C1_ER_IRQHandler                       0x080001b7   Thumb Code     0  startup_stm32f407xx.o(.text)
    I2C1_EV_IRQHandler                       0x080001b7   Thumb Code     0  startup_stm32f407xx.o(.text)
    I2C2_ER_IRQHandler                       0x080001b7   Thumb Code     0  startup_stm32f407xx.o(.text)
    I2C2_EV_IRQHandler                       0x080001b7   Thumb Code     0  startup_stm32f407xx.o(.text)
    I2C3_ER_IRQHandler                       0x080001b7   Thumb Code     0  startup_stm32f407xx.o(.text)
    I2C3_EV_IRQHandler                       0x080001b7   Thumb Code     0  startup_stm32f407xx.o(.text)
    OTG_FS_IRQHandler                        0x080001b7   Thumb Code     0  startup_stm32f407xx.o(.text)
    OTG_FS_WKUP_IRQHandler                   0x080001b7   Thumb Code     0  startup_stm32f407xx.o(.text)
    OTG_HS_EP1_IN_IRQHandler                 0x080001b7   Thumb Code     0  startup_stm32f407xx.o(.text)
    OTG_HS_EP1_OUT_IRQHandler                0x080001b7   Thumb Code     0  startup_stm32f407xx.o(.text)
    OTG_HS_IRQHandler                        0x080001b7   Thumb Code     0  startup_stm32f407xx.o(.text)
    OTG_HS_WKUP_IRQHandler                   0x080001b7   Thumb Code     0  startup_stm32f407xx.o(.text)
    PVD_IRQHandler                           0x080001b7   Thumb Code     0  startup_stm32f407xx.o(.text)
    RCC_IRQHandler                           0x080001b7   Thumb Code     0  startup_stm32f407xx.o(.text)
    RTC_Alarm_IRQHandler                     0x080001b7   Thumb Code     0  startup_stm32f407xx.o(.text)
    RTC_WKUP_IRQHandler                      0x080001b7   Thumb Code     0  startup_stm32f407xx.o(.text)
    SPI1_IRQHandler                          0x080001b7   Thumb Code     0  startup_stm32f407xx.o(.text)
    SPI3_IRQHandler                          0x080001b7   Thumb Code     0  startup_stm32f407xx.o(.text)
    TAMP_STAMP_IRQHandler                    0x080001b7   Thumb Code     0  startup_stm32f407xx.o(.text)
    TIM1_CC_IRQHandler                       0x080001b7   Thumb Code     0  startup_stm32f407xx.o(.text)
    TIM1_TRG_COM_TIM11_IRQHandler            0x080001b7   Thumb Code     0  startup_stm32f407xx.o(.text)
    TIM1_UP_TIM10_IRQHandler                 0x080001b7   Thumb Code     0  startup_stm32f407xx.o(.text)
    TIM3_IRQHandler                          0x080001b7   Thumb Code     0  startup_stm32f407xx.o(.text)
    TIM4_IRQHandler                          0x080001b7   Thumb Code     0  startup_stm32f407xx.o(.text)
    TIM5_IRQHandler                          0x080001b7   Thumb Code     0  startup_stm32f407xx.o(.text)
    TIM7_IRQHandler                          0x080001b7   Thumb Code     0  startup_stm32f407xx.o(.text)
    TIM8_BRK_TIM12_IRQHandler                0x080001b7   Thumb Code     0  startup_stm32f407xx.o(.text)
    TIM8_CC_IRQHandler                       0x080001b7   Thumb Code     0  startup_stm32f407xx.o(.text)
    TIM8_TRG_COM_TIM14_IRQHandler            0x080001b7   Thumb Code     0  startup_stm32f407xx.o(.text)
    TIM8_UP_TIM13_IRQHandler                 0x080001b7   Thumb Code     0  startup_stm32f407xx.o(.text)
    UART4_IRQHandler                         0x080001b7   Thumb Code     0  startup_stm32f407xx.o(.text)
    UART5_IRQHandler                         0x080001b7   Thumb Code     0  startup_stm32f407xx.o(.text)
    USART1_IRQHandler                        0x080001b7   Thumb Code     0  startup_stm32f407xx.o(.text)
    USART6_IRQHandler                        0x080001b7   Thumb Code     0  startup_stm32f407xx.o(.text)
    WWDG_IRQHandler                          0x080001b7   Thumb Code     0  startup_stm32f407xx.o(.text)
    __aeabi_uldivmod                         0x080001c1   Thumb Code    98  uldiv.o(.text)
    __aeabi_memcpy                           0x08000223   Thumb Code    36  memcpya.o(.text)
    __aeabi_memcpy4                          0x08000223   Thumb Code     0  memcpya.o(.text)
    __aeabi_memcpy8                          0x08000223   Thumb Code     0  memcpya.o(.text)
    __aeabi_memset                           0x08000247   Thumb Code    14  memseta.o(.text)
    __aeabi_memset4                          0x08000247   Thumb Code     0  memseta.o(.text)
    __aeabi_memset8                          0x08000247   Thumb Code     0  memseta.o(.text)
    __aeabi_memclr                           0x08000255   Thumb Code     4  memseta.o(.text)
    __aeabi_memclr4                          0x08000255   Thumb Code     0  memseta.o(.text)
    __aeabi_memclr8                          0x08000255   Thumb Code     0  memseta.o(.text)
    _memset$wrapper                          0x08000259   Thumb Code    18  memseta.o(.text)
    memcmp                                   0x0800026b   Thumb Code    26  memcmp.o(.text)
    __aeabi_dadd                             0x08000285   Thumb Code   322  dadd.o(.text)
    __aeabi_dsub                             0x080003c7   Thumb Code     6  dadd.o(.text)
    __aeabi_drsub                            0x080003cd   Thumb Code     6  dadd.o(.text)
    __aeabi_dmul                             0x080003d3   Thumb Code   228  dmul.o(.text)
    __aeabi_ui2d                             0x080004b7   Thumb Code    26  dfltui.o(.text)
    __aeabi_d2iz                             0x080004d1   Thumb Code    62  dfixi.o(.text)
    __aeabi_f2d                              0x0800050f   Thumb Code    38  f2d.o(.text)
    __aeabi_uidiv                            0x08000535   Thumb Code     0  uidiv.o(.text)
    __aeabi_uidivmod                         0x08000535   Thumb Code    44  uidiv.o(.text)
    __aeabi_llsl                             0x08000561   Thumb Code    30  llshl.o(.text)
    _ll_shift_l                              0x08000561   Thumb Code     0  llshl.o(.text)
    __aeabi_llsr                             0x0800057f   Thumb Code    32  llushr.o(.text)
    _ll_ushift_r                             0x0800057f   Thumb Code     0  llushr.o(.text)
    __aeabi_lasr                             0x0800059f   Thumb Code    36  llsshr.o(.text)
    _ll_sshift_r                             0x0800059f   Thumb Code     0  llsshr.o(.text)
    __I$use$fp                               0x080005c3   Thumb Code     0  iusefp.o(.text)
    _double_round                            0x080005c3   Thumb Code    30  depilogue.o(.text)
    _double_epilogue                         0x080005e1   Thumb Code   156  depilogue.o(.text)
    __aeabi_ddiv                             0x0800067d   Thumb Code   222  ddiv.o(.text)
    __aeabi_d2ulz                            0x0800075b   Thumb Code    48  dfixul.o(.text)
    __aeabi_cdrcmple                         0x0800078d   Thumb Code    48  cdrcmple.o(.text)
    __scatterload                            0x080007bd   Thumb Code    38  init.o(.text)
    __scatterload_rt2                        0x080007bd   Thumb Code     0  init.o(.text)
    BatteryDetect                            0x080007ed   Thumb Code   232  bat_adc.o(.text.BatteryDetect)
    BusFault_Handler                         0x080008f5   Thumb Code     2  stm32f4xx_it.o(.text.BusFault_Handler)
    CRC16Calculate                           0x080008f9   Thumb Code   222  transmit.o(.text.CRC16Calculate)
    ConfigHandler                            0x080009d9   Thumb Code   624  transmit.o(.text.ConfigHandler)
    DMA1_Stream1_IRQHandler                  0x08000c7d   Thumb Code    12  stm32f4xx_it.o(.text.DMA1_Stream1_IRQHandler)
    DMA1_Stream3_IRQHandler                  0x08000c89   Thumb Code    12  stm32f4xx_it.o(.text.DMA1_Stream3_IRQHandler)
    DMA1_Stream4_IRQHandler                  0x08000c95   Thumb Code    12  stm32f4xx_it.o(.text.DMA1_Stream4_IRQHandler)
    DMA1_Stream5_IRQHandler                  0x08000ca1   Thumb Code    12  stm32f4xx_it.o(.text.DMA1_Stream5_IRQHandler)
    DMA1_Stream6_IRQHandler                  0x08000cad   Thumb Code    12  stm32f4xx_it.o(.text.DMA1_Stream6_IRQHandler)
    DMA2_Stream3_IRQHandler                  0x08000cb9   Thumb Code    12  stm32f4xx_it.o(.text.DMA2_Stream3_IRQHandler)
    DataConvert                              0x08000cc5   Thumb Code   508  ads1258.o(.text.DataConvert)
    DataFrameInit                            0x08000f71   Thumb Code   528  transmit.o(.text.DataFrameInit)
    DebugMon_Handler                         0x08001181   Thumb Code     2  stm32f4xx_it.o(.text.DebugMon_Handler)
    DebugPrintf                              0x08001185   Thumb Code   118  utils.o(.text.DebugPrintf)
    DecodeCommand                            0x080011fd   Thumb Code   776  transmit.o(.text.DecodeCommand)
    Delay_us                                 0x08001549   Thumb Code   106  utils.o(.text.Delay_us)
    EXTI4_IRQHandler                         0x080015b5   Thumb Code     6  stm32f4xx_it.o(.text.EXTI4_IRQHandler)
    EncodeCommand                            0x080015bd   Thumb Code   304  transmit.o(.text.EncodeCommand)
    Error_Handler                            0x08001705   Thumb Code    10  main.o(.text.Error_Handler)
    GetBatValue                              0x08001711   Thumb Code    12  bat_adc.o(.text.GetBatValue)
    HAL_ADC_ConfigChannel                    0x0800171d   Thumb Code   326  stm32f4xx_hal_adc.o(.text.HAL_ADC_ConfigChannel)
    HAL_ADC_GetState                         0x08001865   Thumb Code     4  stm32f4xx_hal_adc.o(.text.HAL_ADC_GetState)
    HAL_ADC_GetValue                         0x08001869   Thumb Code     6  stm32f4xx_hal_adc.o(.text.HAL_ADC_GetValue)
    HAL_ADC_Init                             0x08001871   Thumb Code   350  stm32f4xx_hal_adc.o(.text.HAL_ADC_Init)
    HAL_ADC_MspInit                          0x080019d1   Thumb Code   100  adc.o(.text.HAL_ADC_MspInit)
    HAL_ADC_PollForConversion                0x08001a35   Thumb Code   254  stm32f4xx_hal_adc.o(.text.HAL_ADC_PollForConversion)
    HAL_ADC_Start                            0x08001b35   Thumb Code   346  stm32f4xx_hal_adc.o(.text.HAL_ADC_Start)
    HAL_DMA_Abort                            0x08001c91   Thumb Code   142  stm32f4xx_hal_dma.o(.text.HAL_DMA_Abort)
    HAL_DMA_Abort_IT                         0x08001d21   Thumb Code    36  stm32f4xx_hal_dma.o(.text.HAL_DMA_Abort_IT)
    HAL_DMA_GetError                         0x08001d45   Thumb Code     4  stm32f4xx_hal_dma.o(.text.HAL_DMA_GetError)
    HAL_DMA_IRQHandler                       0x08001d49   Thumb Code   448  stm32f4xx_hal_dma.o(.text.HAL_DMA_IRQHandler)
    HAL_DMA_Init                             0x08001f09   Thumb Code   354  stm32f4xx_hal_dma.o(.text.HAL_DMA_Init)
    HAL_DMA_Start_IT                         0x0800206d   Thumb Code   162  stm32f4xx_hal_dma.o(.text.HAL_DMA_Start_IT)
    HAL_Delay                                0x08002111   Thumb Code    40  stm32f4xx_hal.o(.text.HAL_Delay)
    HAL_GPIO_EXTI_Callback                   0x08002139   Thumb Code    72  fnirs.o(.text.HAL_GPIO_EXTI_Callback)
    HAL_GPIO_EXTI_IRQHandler                 0x08002181   Thumb Code    22  stm32f4xx_hal_gpio.o(.text.HAL_GPIO_EXTI_IRQHandler)
    HAL_GPIO_Init                            0x08002199   Thumb Code   414  stm32f4xx_hal_gpio.o(.text.HAL_GPIO_Init)
    HAL_GPIO_ReadPin                         0x08002339   Thumb Code    10  stm32f4xx_hal_gpio.o(.text.HAL_GPIO_ReadPin)
    HAL_GPIO_WritePin                        0x08002345   Thumb Code    10  stm32f4xx_hal_gpio.o(.text.HAL_GPIO_WritePin)
    HAL_GetTick                              0x08002351   Thumb Code    12  stm32f4xx_hal.o(.text.HAL_GetTick)
    HAL_IncTick                              0x0800235d   Thumb Code    26  stm32f4xx_hal.o(.text.HAL_IncTick)
    HAL_Init                                 0x08002379   Thumb Code    54  stm32f4xx_hal.o(.text.HAL_Init)
    HAL_InitTick                             0x080023b1   Thumb Code    72  stm32f4xx_hal.o(.text.HAL_InitTick)
    HAL_MspInit                              0x080023f9   Thumb Code    56  stm32f4xx_hal_msp.o(.text.HAL_MspInit)
    HAL_NVIC_EnableIRQ                       0x08002431   Thumb Code    34  stm32f4xx_hal_cortex.o(.text.HAL_NVIC_EnableIRQ)
    HAL_NVIC_SetPriority                     0x08002455   Thumb Code    86  stm32f4xx_hal_cortex.o(.text.HAL_NVIC_SetPriority)
    HAL_NVIC_SetPriorityGrouping             0x080024ad   Thumb Code    32  stm32f4xx_hal_cortex.o(.text.HAL_NVIC_SetPriorityGrouping)
    HAL_RCC_ClockConfig                      0x080024cd   Thumb Code   356  stm32f4xx_hal_rcc.o(.text.HAL_RCC_ClockConfig)
    HAL_RCC_GetPCLK1Freq                     0x08002631   Thumb Code    38  stm32f4xx_hal_rcc.o(.text.HAL_RCC_GetPCLK1Freq)
    HAL_RCC_GetPCLK2Freq                     0x08002659   Thumb Code    38  stm32f4xx_hal_rcc.o(.text.HAL_RCC_GetPCLK2Freq)
    HAL_RCC_GetSysClockFreq                  0x08002681   Thumb Code   108  stm32f4xx_hal_rcc.o(.text.HAL_RCC_GetSysClockFreq)
    HAL_RCC_OscConfig                        0x080026ed   Thumb Code   944  stm32f4xx_hal_rcc.o(.text.HAL_RCC_OscConfig)
    HAL_SD_AbortCallback                     0x08002a9d   Thumb Code     2  stm32f4xx_hal_sd.o(.text.HAL_SD_AbortCallback)
    HAL_SD_ConfigWideBusOperation            0x08002aa1   Thumb Code   294  stm32f4xx_hal_sd.o(.text.HAL_SD_ConfigWideBusOperation)
    HAL_SD_Erase                             0x08002bc9   Thumb Code   252  stm32f4xx_hal_sd.o(.text.HAL_SD_Erase)
    HAL_SD_ErrorCallback                     0x08002cc5   Thumb Code     2  stm32f4xx_hal_sd.o(.text.HAL_SD_ErrorCallback)
    HAL_SD_GetCardCID                        0x08002cc9   Thumb Code    70  stm32f4xx_hal_sd.o(.text.HAL_SD_GetCardCID)
    HAL_SD_GetCardCSD                        0x08002d11   Thumb Code   390  stm32f4xx_hal_sd.o(.text.HAL_SD_GetCardCSD)
    HAL_SD_GetCardState                      0x08002e99   Thumb Code    42  stm32f4xx_hal_sd.o(.text.HAL_SD_GetCardState)
    HAL_SD_IRQHandler                        0x08002ec5   Thumb Code   672  stm32f4xx_hal_sd.o(.text.HAL_SD_IRQHandler)
    HAL_SD_Init                              0x08003165   Thumb Code    64  stm32f4xx_hal_sd.o(.text.HAL_SD_Init)
    HAL_SD_InitCard                          0x080031a5   Thumb Code   524  stm32f4xx_hal_sd.o(.text.HAL_SD_InitCard)
    HAL_SD_MspInit                           0x080033b1   Thumb Code   276  sdio.o(.text.HAL_SD_MspInit)
    HAL_SD_ReadBlocks                        0x080034c5   Thumb Code   568  stm32f4xx_hal_sd.o(.text.HAL_SD_ReadBlocks)
    HAL_SD_RxCpltCallback                    0x080036fd   Thumb Code     2  stm32f4xx_hal_sd.o(.text.HAL_SD_RxCpltCallback)
    HAL_SD_TxCpltCallback                    0x08003701   Thumb Code    32  csnp32.o(.text.HAL_SD_TxCpltCallback)
    HAL_SD_WriteBlocks_DMA                   0x08003721   Thumb Code   304  stm32f4xx_hal_sd.o(.text.HAL_SD_WriteBlocks_DMA)
    HAL_SPI_ErrorCallback                    0x08003851   Thumb Code     2  stm32f4xx_hal_spi.o(.text.HAL_SPI_ErrorCallback)
    HAL_SPI_IRQHandler                       0x08003855   Thumb Code   300  stm32f4xx_hal_spi.o(.text.HAL_SPI_IRQHandler)
    HAL_SPI_Init                             0x08003981   Thumb Code   180  stm32f4xx_hal_spi.o(.text.HAL_SPI_Init)
    HAL_SPI_MspInit                          0x08003a35   Thumb Code   292  spi.o(.text.HAL_SPI_MspInit)
    HAL_SPI_TransmitReceive                  0x08003b59   Thumb Code   846  stm32f4xx_hal_spi.o(.text.HAL_SPI_TransmitReceive)
    HAL_SPI_Transmit_DMA                     0x08003ea9   Thumb Code   212  stm32f4xx_hal_spi.o(.text.HAL_SPI_Transmit_DMA)
    HAL_SPI_TxCpltCallback                   0x08003f7d   Thumb Code    50  transmit.o(.text.HAL_SPI_TxCpltCallback)
    HAL_SPI_TxHalfCpltCallback               0x08003fb1   Thumb Code     2  stm32f4xx_hal_spi.o(.text.HAL_SPI_TxHalfCpltCallback)
    HAL_SYSTICK_Config                       0x08003fb5   Thumb Code    44  stm32f4xx_hal_cortex.o(.text.HAL_SYSTICK_Config)
    HAL_TIMEx_BreakCallback                  0x08003fe1   Thumb Code     2  stm32f4xx_hal_tim_ex.o(.text.HAL_TIMEx_BreakCallback)
    HAL_TIMEx_CommutCallback                 0x08003fe5   Thumb Code     2  stm32f4xx_hal_tim_ex.o(.text.HAL_TIMEx_CommutCallback)
    HAL_TIMEx_ConfigBreakDeadTime            0x08003fe9   Thumb Code    80  stm32f4xx_hal_tim_ex.o(.text.HAL_TIMEx_ConfigBreakDeadTime)
    HAL_TIMEx_MasterConfigSynchronization    0x08004039   Thumb Code   186  stm32f4xx_hal_tim_ex.o(.text.HAL_TIMEx_MasterConfigSynchronization)
    HAL_TIM_Base_Init                        0x080040f5   Thumb Code    90  stm32f4xx_hal_tim.o(.text.HAL_TIM_Base_Init)
    HAL_TIM_Base_MspInit                     0x08004151   Thumb Code   226  tim.o(.text.HAL_TIM_Base_MspInit)
    HAL_TIM_Base_Start_IT                    0x08004235   Thumb Code   170  stm32f4xx_hal_tim.o(.text.HAL_TIM_Base_Start_IT)
    HAL_TIM_Base_Stop_IT                     0x080042e1   Thumb Code    60  stm32f4xx_hal_tim.o(.text.HAL_TIM_Base_Stop_IT)
    HAL_TIM_ConfigClockSource                0x0800431d   Thumb Code   416  stm32f4xx_hal_tim.o(.text.HAL_TIM_ConfigClockSource)
    HAL_TIM_IC_CaptureCallback               0x080044bd   Thumb Code     2  stm32f4xx_hal_tim.o(.text.HAL_TIM_IC_CaptureCallback)
    HAL_TIM_IRQHandler                       0x080044c1   Thumb Code   334  stm32f4xx_hal_tim.o(.text.HAL_TIM_IRQHandler)
    HAL_TIM_OC_DelayElapsedCallback          0x08004611   Thumb Code     2  stm32f4xx_hal_tim.o(.text.HAL_TIM_OC_DelayElapsedCallback)
    HAL_TIM_PWM_ConfigChannel                0x08004615   Thumb Code   548  stm32f4xx_hal_tim.o(.text.HAL_TIM_PWM_ConfigChannel)
    HAL_TIM_PWM_Init                         0x08004839   Thumb Code    90  stm32f4xx_hal_tim.o(.text.HAL_TIM_PWM_Init)
    HAL_TIM_PWM_MspInit                      0x08004895   Thumb Code     2  stm32f4xx_hal_tim.o(.text.HAL_TIM_PWM_MspInit)
    HAL_TIM_PWM_PulseFinishedCallback        0x08004899   Thumb Code     2  stm32f4xx_hal_tim.o(.text.HAL_TIM_PWM_PulseFinishedCallback)
    HAL_TIM_PWM_Start                        0x0800489d   Thumb Code   286  stm32f4xx_hal_tim.o(.text.HAL_TIM_PWM_Start)
    HAL_TIM_PeriodElapsedCallback            0x080049bd   Thumb Code   128  main.o(.text.HAL_TIM_PeriodElapsedCallback)
    HAL_TIM_SlaveConfigSynchro               0x08004a3d   Thumb Code    88  stm32f4xx_hal_tim.o(.text.HAL_TIM_SlaveConfigSynchro)
    HAL_TIM_TriggerCallback                  0x08004a95   Thumb Code     2  stm32f4xx_hal_tim.o(.text.HAL_TIM_TriggerCallback)
    HAL_UARTEx_RxEventCallback               0x08004a99   Thumb Code     2  stm32f4xx_hal_uart.o(.text.HAL_UARTEx_RxEventCallback)
    HAL_UART_DMAStop                         0x08004a9d   Thumb Code   540  stm32f4xx_hal_uart.o(.text.HAL_UART_DMAStop)
    HAL_UART_ErrorCallback                   0x08004cb9   Thumb Code     2  stm32f4xx_hal_uart.o(.text.HAL_UART_ErrorCallback)
    HAL_UART_IRQHandler                      0x08004cbd   Thumb Code  1416  stm32f4xx_hal_uart.o(.text.HAL_UART_IRQHandler)
    HAL_UART_Init                            0x08005245   Thumb Code    96  stm32f4xx_hal_uart.o(.text.HAL_UART_Init)
    HAL_UART_MspInit                         0x080052a5   Thumb Code   486  usart.o(.text.HAL_UART_MspInit)
    HAL_UART_Receive_DMA                     0x0800548d   Thumb Code   378  stm32f4xx_hal_uart.o(.text.HAL_UART_Receive_DMA)
    HAL_UART_RxCpltCallback                  0x08005609   Thumb Code     2  stm32f4xx_hal_uart.o(.text.HAL_UART_RxCpltCallback)
    HAL_UART_RxHalfCpltCallback              0x0800560d   Thumb Code     2  stm32f4xx_hal_uart.o(.text.HAL_UART_RxHalfCpltCallback)
    HAL_UART_RxIdleCallback                  0x08005611   Thumb Code   136  transmit.o(.text.HAL_UART_RxIdleCallback)
    HAL_UART_Transmit_DMA                    0x08005699   Thumb Code   204  stm32f4xx_hal_uart.o(.text.HAL_UART_Transmit_DMA)
    HAL_UART_TxCpltCallback                  0x08005765   Thumb Code    62  transmit.o(.text.HAL_UART_TxCpltCallback)
    HAL_UART_TxHalfCpltCallback              0x080057a5   Thumb Code     2  stm32f4xx_hal_uart.o(.text.HAL_UART_TxHalfCpltCallback)
    HardFault_Handler                        0x080057a9   Thumb Code     2  stm32f4xx_it.o(.text.HardFault_Handler)
    InitDataBuf                              0x080057ad   Thumb Code    46  transmit.o(.text.InitDataBuf)
    KEY_Scan                                 0x080057dd   Thumb Code   344  key.o(.text.KEY_Scan)
    MX_ADC1_Init                             0x08005975   Thumb Code   112  adc.o(.text.MX_ADC1_Init)
    MX_DMA_Init                              0x080059e5   Thumb Code   156  dma.o(.text.MX_DMA_Init)
    MX_GPIO_Init                             0x08005a81   Thumb Code   360  gpio.o(.text.MX_GPIO_Init)
    MX_SDIO_SD_Init                          0x08005be9   Thumb Code    86  sdio.o(.text.MX_SDIO_SD_Init)
    MX_SPI1_Init                             0x08005c41   Thumb Code    76  spi.o(.text.MX_SPI1_Init)
    MX_SPI2_Init                             0x08005c8d   Thumb Code    70  spi.o(.text.MX_SPI2_Init)
    MX_TIM1_Init                             0x08005cd5   Thumb Code   326  tim.o(.text.MX_TIM1_Init)
    MX_TIM2_Init                             0x08005e1d   Thumb Code   110  tim.o(.text.MX_TIM2_Init)
    MX_TIM6_Init                             0x08005e8d   Thumb Code    82  tim.o(.text.MX_TIM6_Init)
    MX_TIM9_Init                             0x08005ee1   Thumb Code    92  tim.o(.text.MX_TIM9_Init)
    MX_USART2_UART_Init                      0x08005f3d   Thumb Code    64  usart.o(.text.MX_USART2_UART_Init)
    MX_USART3_UART_Init                      0x08005f7d   Thumb Code    64  usart.o(.text.MX_USART3_UART_Init)
    MemManage_Handler                        0x08005fbd   Thumb Code     2  stm32f4xx_it.o(.text.MemManage_Handler)
    NMI_Handler                              0x08005fc1   Thumb Code     2  stm32f4xx_it.o(.text.NMI_Handler)
    PendSV_Handler                           0x08005fc5   Thumb Code     2  stm32f4xx_it.o(.text.PendSV_Handler)
    ReadDataDirect                           0x08005fc9   Thumb Code   264  ads1258.o(.text.ReadDataDirect)
    SDIO_ConfigData                          0x080060d5   Thumb Code    38  stm32f4xx_ll_sdmmc.o(.text.SDIO_ConfigData)
    SDIO_GetPowerState                       0x080060fd   Thumb Code     8  stm32f4xx_ll_sdmmc.o(.text.SDIO_GetPowerState)
    SDIO_GetResponse                         0x08006105   Thumb Code     6  stm32f4xx_ll_sdmmc.o(.text.SDIO_GetResponse)
    SDIO_IRQHandler                          0x0800610d   Thumb Code    12  stm32f4xx_it.o(.text.SDIO_IRQHandler)
    SDIO_Init                                0x08006119   Thumb Code    44  stm32f4xx_ll_sdmmc.o(.text.SDIO_Init)
    SDIO_PowerState_ON                       0x08006145   Thumb Code    10  stm32f4xx_ll_sdmmc.o(.text.SDIO_PowerState_ON)
    SDIO_ReadFIFO                            0x08006151   Thumb Code     6  stm32f4xx_ll_sdmmc.o(.text.SDIO_ReadFIFO)
    SDIO_WriteFIFO                           0x08006159   Thumb Code    12  stm32f4xx_ll_sdmmc.o(.text.SDIO_WriteFIFO)
    SDMMC_CmdAppCommand                      0x08006165   Thumb Code    24  stm32f4xx_ll_sdmmc.o(.text.SDMMC_CmdAppCommand)
    SDMMC_CmdAppOperCommand                  0x0800617d   Thumb Code   144  stm32f4xx_ll_sdmmc.o(.text.SDMMC_CmdAppOperCommand)
    SDMMC_CmdBlockLength                     0x0800620d   Thumb Code    24  stm32f4xx_ll_sdmmc.o(.text.SDMMC_CmdBlockLength)
    SDMMC_CmdBusWidth                        0x08006225   Thumb Code    24  stm32f4xx_ll_sdmmc.o(.text.SDMMC_CmdBusWidth)
    SDMMC_CmdErase                           0x0800623d   Thumb Code    26  stm32f4xx_ll_sdmmc.o(.text.SDMMC_CmdErase)
    SDMMC_CmdGoIdleState                     0x08006259   Thumb Code    96  stm32f4xx_ll_sdmmc.o(.text.SDMMC_CmdGoIdleState)
    SDMMC_CmdOperCond                        0x080062b9   Thumb Code   166  stm32f4xx_ll_sdmmc.o(.text.SDMMC_CmdOperCond)
    SDMMC_CmdReadMultiBlock                  0x08006361   Thumb Code    24  stm32f4xx_ll_sdmmc.o(.text.SDMMC_CmdReadMultiBlock)
    SDMMC_CmdReadSingleBlock                 0x08006379   Thumb Code    24  stm32f4xx_ll_sdmmc.o(.text.SDMMC_CmdReadSingleBlock)
    SDMMC_CmdSDEraseEndAdd                   0x08006391   Thumb Code    24  stm32f4xx_ll_sdmmc.o(.text.SDMMC_CmdSDEraseEndAdd)
    SDMMC_CmdSDEraseStartAdd                 0x080063a9   Thumb Code    24  stm32f4xx_ll_sdmmc.o(.text.SDMMC_CmdSDEraseStartAdd)
    SDMMC_CmdSelDesel                        0x080063c1   Thumb Code    24  stm32f4xx_ll_sdmmc.o(.text.SDMMC_CmdSelDesel)
    SDMMC_CmdSendCID                         0x080063d9   Thumb Code   156  stm32f4xx_ll_sdmmc.o(.text.SDMMC_CmdSendCID)
    SDMMC_CmdSendCSD                         0x08006475   Thumb Code   156  stm32f4xx_ll_sdmmc.o(.text.SDMMC_CmdSendCSD)
    SDMMC_CmdSendSCR                         0x08006511   Thumb Code    26  stm32f4xx_ll_sdmmc.o(.text.SDMMC_CmdSendSCR)
    SDMMC_CmdSendStatus                      0x0800652d   Thumb Code    24  stm32f4xx_ll_sdmmc.o(.text.SDMMC_CmdSendStatus)
    SDMMC_CmdSetRelAdd                       0x08006545   Thumb Code   204  stm32f4xx_ll_sdmmc.o(.text.SDMMC_CmdSetRelAdd)
    SDMMC_CmdStopTransfer                    0x08006611   Thumb Code    30  stm32f4xx_ll_sdmmc.o(.text.SDMMC_CmdStopTransfer)
    SDMMC_CmdWriteMultiBlock                 0x08006631   Thumb Code    24  stm32f4xx_ll_sdmmc.o(.text.SDMMC_CmdWriteMultiBlock)
    SDMMC_CmdWriteSingleBlock                0x08006649   Thumb Code    24  stm32f4xx_ll_sdmmc.o(.text.SDMMC_CmdWriteSingleBlock)
    SDMMC_GetCmdResp1                        0x08006661   Thumb Code   358  stm32f4xx_ll_sdmmc.o(.text.SDMMC_GetCmdResp1)
    SPI2_IRQHandler                          0x08006a21   Thumb Code    12  stm32f4xx_it.o(.text.SPI2_IRQHandler)
    SPITransmitDMA                           0x08006a2d   Thumb Code   116  transmit.o(.text.SPITransmitDMA)
    SVC_Handler                              0x08006d0d   Thumb Code     2  stm32f4xx_it.o(.text.SVC_Handler)
    SetLED                                   0x08006d11   Thumb Code   204  led.o(.text.SetLED)
    SwitchLED                                0x08006ddd   Thumb Code    84  led.o(.text.SwitchLED)
    SwitchOn                                 0x08006e31   Thumb Code   118  led.o(.text.SwitchOn)
    SysTick_Handler                          0x08006ea9   Thumb Code     4  stm32f4xx_it.o(.text.SysTick_Handler)
    SystemClock_Config                       0x08006ead   Thumb Code   184  main.o(.text.SystemClock_Config)
    SystemInit                               0x08006f65   Thumb Code    18  system_stm32f4xx.o(.text.SystemInit)
    TIM1_BRK_TIM9_IRQHandler                 0x08006f79   Thumb Code    30  stm32f4xx_it.o(.text.TIM1_BRK_TIM9_IRQHandler)
    TIM2_IRQHandler                          0x08006f99   Thumb Code    12  stm32f4xx_it.o(.text.TIM2_IRQHandler)
    TIM6_DAC_IRQHandler                      0x08006fa5   Thumb Code    12  stm32f4xx_it.o(.text.TIM6_DAC_IRQHandler)
    TIM_Base_SetConfig                       0x08006fb1   Thumb Code   322  stm32f4xx_hal_tim.o(.text.TIM_Base_SetConfig)
    USART2_IRQHandler                        0x08007799   Thumb Code    12  stm32f4xx_it.o(.text.USART2_IRQHandler)
    USART3_IRQHandler                        0x080077a5   Thumb Code    26  stm32f4xx_it.o(.text.USART3_IRQHandler)
    UsageFault_Handler                       0x080077c1   Thumb Code     2  stm32f4xx_it.o(.text.UsageFault_Handler)
    ads1258init                              0x080077c5   Thumb Code   368  ads1258.o(.text.ads1258init)
    fnirs_struct_init                        0x080079ad   Thumb Code   166  fnirs.o(.text.fnirs_struct_init)
    main                                     0x08007a55   Thumb Code   164  main.o(.text.main)
    nirs_config                              0x08007b21   Thumb Code  1550  fnirs.o(.text.nirs_config)
    nirs_data_send                           0x08008131   Thumb Code   200  fnirs.o(.text.nirs_data_send)
    nirs_init                                0x08008211   Thumb Code    24  fnirs.o(.text.nirs_init)
    nirs_set_sample_rate                     0x0800823d   Thumb Code    74  fnirs.o(.text.nirs_set_sample_rate)
    nirs_start                               0x08008289   Thumb Code    64  fnirs.o(.text.nirs_start)
    nirs_stop                                0x080082e5   Thumb Code    56  fnirs.o(.text.nirs_stop)
    nirs_timer_handle                        0x0800833d   Thumb Code   258  fnirs.o(.text.nirs_timer_handle)
    reverseArray                             0x08008441   Thumb Code   124  utils.o(.text.reverseArray)
    sd_read_nirs                             0x080084bd   Thumb Code   116  fnirs.o(.text.sd_read_nirs)
    sdio_init                                0x08008549   Thumb Code   192  csnp32.o(.text.sdio_init)
    sdio_read                                0x08008699   Thumb Code    72  csnp32.o(.text.sdio_read)
    sdio_write                               0x080086e1   Thumb Code    76  csnp32.o(.text.sdio_write)
    set_ads_channel                          0x0800872d   Thumb Code   470  ads1258.o(.text.set_ads_channel)
    stopConversions                          0x08008905   Thumb Code    14  ads1258.o(.text.stopConversions)
    tlc5940_init                             0x08008915   Thumb Code   160  tlc5940.o(.text.tlc5940_init)
    tlcSetDC                                 0x080089b5   Thumb Code   298  tlc5940.o(.text.tlcSetDC)
    tlcSetGS                                 0x08008ae1   Thumb Code   222  tlc5940.o(.text.tlcSetGS)
    __0vsnprintf                             0x08008bc1   Thumb Code    46  printfa.o(i.__0vsnprintf)
    __1vsnprintf                             0x08008bc1   Thumb Code     0  printfa.o(i.__0vsnprintf)
    __2vsnprintf                             0x08008bc1   Thumb Code     0  printfa.o(i.__0vsnprintf)
    __c89vsnprintf                           0x08008bc1   Thumb Code     0  printfa.o(i.__0vsnprintf)
    vsnprintf                                0x08008bc1   Thumb Code     0  printfa.o(i.__0vsnprintf)
    __hardfp_ceil                            0x08008bf9   Thumb Code   252  ceil.o(i.__hardfp_ceil)
    __scatterload_copy                       0x08008d11   Thumb Code    14  handlers.o(i.__scatterload_copy)
    __scatterload_null                       0x08008d1f   Thumb Code     2  handlers.o(i.__scatterload_null)
    __scatterload_zeroinit                   0x08008d21   Thumb Code    14  handlers.o(i.__scatterload_zeroinit)
    AHBPrescTable                            0x080095f8   Data          16  system_stm32f4xx.o(.rodata.AHBPrescTable)
    APBPrescTable                            0x08009608   Data           8  system_stm32f4xx.o(.rodata.APBPrescTable)
    Region$$Table$$Base                      0x08009710   Number         0  anon$$obj.o(Region$$Table)
    Region$$Table$$Limit                     0x08009730   Number         0  anon$$obj.o(Region$$Table)
    uwTickFreq                               0x20000000   Data           1  stm32f4xx_hal.o(.data..L_MergedGlobals)
    uwTickPrio                               0x20000004   Data           4  stm32f4xx_hal.o(.data..L_MergedGlobals)
    Battery_value                            0x20000010   Data           2  bat_adc.o(.data..L_MergedGlobals)
    bat_thershold                            0x20000012   Data          22  bat_adc.o(.data..L_MergedGlobals)
    SDWriteReady                             0x2000002d   Data           1  csnp32.o(.data.SDWriteReady)
    SendDoneDebugUART                        0x2000002e   Data           1  utils.o(.data.SendDoneDebugUART)
    SendDoneSPI                              0x2000002f   Data           1  transmit.o(.data.SendDoneSPI)
    SendDoneUART                             0x20000030   Data           1  transmit.o(.data.SendDoneUART)
    SystemCoreClock                          0x20000034   Data           4  system_stm32f4xx.o(.data.SystemCoreClock)
    tim_ready                                0x20000038   Data           1  main.o(.bss..L_MergedGlobals)
    SensorID                                 0x20000041   Data           6  transmit.o(.bss..L_MergedGlobals)
    ResponseBuf                              0x20000048   Data          12  transmit.o(.bss..L_MergedGlobals)
    PBAT                                     0x20000054   Data           1  bat_adc.o(.bss..L_MergedGlobals.1)
    ADC_value                                0x20000056   Data           2  bat_adc.o(.bss..L_MergedGlobals.1)
    datadone                                 0x20000058   Data           1  ads1258.o(.bss..L_MergedGlobals.11)
    registerMap                              0x20000059   Data          10  ads1258.o(.bss..L_MergedGlobals.11)
    channel                                  0x20000064   Data          36  ads1258.o(.bss..L_MergedGlobals.11)
    key_return                               0x20000088   Data           1  key.o(.bss..L_MergedGlobals.3)
    CRC16_Table                              0x2000008e   Data         512  transmit.o(.bss.CRC16_Table)
    U_RxBuf                                  0x20000290   Data         256  transmit.o(.bss.U_RxBuf)
    g_fnirs_ctx                              0x20000390   Data        5356  fnirs.o(.bss.g_fnirs_ctx)
    g_tlc                                    0x2000187c   Data         188  tlc5940.o(.bss.g_tlc)
    hadc1                                    0x20001938   Data          72  adc.o(.bss.hadc1)
    hdma_sdio_tx                             0x20001980   Data          96  sdio.o(.bss.hdma_sdio_tx)
    hdma_spi2_tx                             0x200019e0   Data          96  spi.o(.bss.hdma_spi2_tx)
    hdma_usart2_rx                           0x20001a40   Data          96  usart.o(.bss.hdma_usart2_rx)
    hdma_usart2_tx                           0x20001aa0   Data          96  usart.o(.bss.hdma_usart2_tx)
    hdma_usart3_rx                           0x20001b00   Data          96  usart.o(.bss.hdma_usart3_rx)
    hdma_usart3_tx                           0x20001b60   Data          96  usart.o(.bss.hdma_usart3_tx)
    hsd                                      0x20001bc0   Data         132  sdio.o(.bss.hsd)
    hspi1                                    0x20001c44   Data          88  spi.o(.bss.hspi1)
    hspi2                                    0x20001c9c   Data          88  spi.o(.bss.hspi2)
    htim1                                    0x20001cf4   Data          72  tim.o(.bss.htim1)
    htim2                                    0x20001d3c   Data          72  tim.o(.bss.htim2)
    htim6                                    0x20001d84   Data          72  tim.o(.bss.htim6)
    htim9                                    0x20001dcc   Data          72  tim.o(.bss.htim9)
    huart2                                   0x20001e14   Data          72  usart.o(.bss.huart2)
    huart3                                   0x20001e5c   Data          72  usart.o(.bss.huart3)
    read_ads_value                           0x20001ea4   Data           4  fnirs.o(.bss.read_ads_value)
    uart_rx                                  0x20001ea8   Data         264  transmit.o(.bss.uart_rx)
    uwTick                                   0x20001fb0   Data           4  stm32f4xx_hal.o(.bss.uwTick)
    __initial_sp                             0x200023b8   Data           0  startup_stm32f407xx.o(STACK)



==============================================================================

Memory Map of the image

  Image Entry point : 0x08000189

  Load Region LR_IROM1 (Base: 0x08000000, Size: 0x00009768, Max: 0x00100000, ABSOLUTE)

    Execution Region ER_IROM1 (Exec base: 0x08000000, Load base: 0x08000000, Size: 0x00009730, Max: 0x00100000, ABSOLUTE)

    Exec Addr    Load Addr    Size         Type   Attr      Idx    E Section Name        Object

    0x08000000   0x08000000   0x00000188   Data   RO            3    RESET               startup_stm32f407xx.o
    0x08000188   0x08000188   0x00000000   Code   RO         1683  * .ARM.Collect$$$$00000000  mc_w.l(entry.o)
    0x08000188   0x08000188   0x00000004   Code   RO         1734    .ARM.Collect$$$$00000001  mc_w.l(entry2.o)
    0x0800018c   0x0800018c   0x00000004   Code   RO         1737    .ARM.Collect$$$$00000004  mc_w.l(entry5.o)
    0x08000190   0x08000190   0x00000000   Code   RO         1739    .ARM.Collect$$$$00000008  mc_w.l(entry7b.o)
    0x08000190   0x08000190   0x00000000   Code   RO         1741    .ARM.Collect$$$$0000000A  mc_w.l(entry8b.o)
    0x08000190   0x08000190   0x00000008   Code   RO         1742    .ARM.Collect$$$$0000000B  mc_w.l(entry9a.o)
    0x08000198   0x08000198   0x00000000   Code   RO         1744    .ARM.Collect$$$$0000000D  mc_w.l(entry10a.o)
    0x08000198   0x08000198   0x00000000   Code   RO         1746    .ARM.Collect$$$$0000000F  mc_w.l(entry11a.o)
    0x08000198   0x08000198   0x00000004   Code   RO         1735    .ARM.Collect$$$$00002712  mc_w.l(entry2.o)
    0x0800019c   0x0800019c   0x00000024   Code   RO            4    .text               startup_stm32f407xx.o
    0x080001c0   0x080001c0   0x00000062   Code   RO         1686    .text               mc_w.l(uldiv.o)
    0x08000222   0x08000222   0x00000024   Code   RO         1688    .text               mc_w.l(memcpya.o)
    0x08000246   0x08000246   0x00000024   Code   RO         1690    .text               mc_w.l(memseta.o)
    0x0800026a   0x0800026a   0x0000001a   Code   RO         1692    .text               mc_w.l(memcmp.o)
    0x08000284   0x08000284   0x0000014e   Code   RO         1724    .text               mf_w.l(dadd.o)
    0x080003d2   0x080003d2   0x000000e4   Code   RO         1726    .text               mf_w.l(dmul.o)
    0x080004b6   0x080004b6   0x0000001a   Code   RO         1728    .text               mf_w.l(dfltui.o)
    0x080004d0   0x080004d0   0x0000003e   Code   RO         1730    .text               mf_w.l(dfixi.o)
    0x0800050e   0x0800050e   0x00000026   Code   RO         1732    .text               mf_w.l(f2d.o)
    0x08000534   0x08000534   0x0000002c   Code   RO         1758    .text               mc_w.l(uidiv.o)
    0x08000560   0x08000560   0x0000001e   Code   RO         1760    .text               mc_w.l(llshl.o)
    0x0800057e   0x0800057e   0x00000020   Code   RO         1762    .text               mc_w.l(llushr.o)
    0x0800059e   0x0800059e   0x00000024   Code   RO         1764    .text               mc_w.l(llsshr.o)
    0x080005c2   0x080005c2   0x00000000   Code   RO         1766    .text               mc_w.l(iusefp.o)
    0x080005c2   0x080005c2   0x000000ba   Code   RO         1767    .text               mf_w.l(depilogue.o)
    0x0800067c   0x0800067c   0x000000de   Code   RO         1769    .text               mf_w.l(ddiv.o)
    0x0800075a   0x0800075a   0x00000030   Code   RO         1771    .text               mf_w.l(dfixul.o)
    0x0800078a   0x0800078a   0x00000002   PAD
    0x0800078c   0x0800078c   0x00000030   Code   RO         1773    .text               mf_w.l(cdrcmple.o)
    0x080007bc   0x080007bc   0x00000030   Code   RO         1775    .text               mc_w.l(init.o)
    0x080007ec   0x080007ec   0x00000108   Code   RO         1560    .text.BatteryDetect  bat_adc.o
    0x080008f4   0x080008f4   0x00000002   Code   RO          152    .text.BusFault_Handler  stm32f4xx_it.o
    0x080008f6   0x080008f6   0x00000002   PAD
    0x080008f8   0x080008f8   0x000000de   Code   RO         1645    .text.CRC16Calculate  transmit.o
    0x080009d6   0x080009d6   0x00000002   PAD
    0x080009d8   0x080009d8   0x000002a4   Code   RO         1655    .text.ConfigHandler  transmit.o
    0x08000c7c   0x08000c7c   0x0000000c   Code   RO          166    .text.DMA1_Stream1_IRQHandler  stm32f4xx_it.o
    0x08000c88   0x08000c88   0x0000000c   Code   RO          168    .text.DMA1_Stream3_IRQHandler  stm32f4xx_it.o
    0x08000c94   0x08000c94   0x0000000c   Code   RO          170    .text.DMA1_Stream4_IRQHandler  stm32f4xx_it.o
    0x08000ca0   0x08000ca0   0x0000000c   Code   RO          172    .text.DMA1_Stream5_IRQHandler  stm32f4xx_it.o
    0x08000cac   0x08000cac   0x0000000c   Code   RO          174    .text.DMA1_Stream6_IRQHandler  stm32f4xx_it.o
    0x08000cb8   0x08000cb8   0x0000000c   Code   RO          190    .text.DMA2_Stream3_IRQHandler  stm32f4xx_it.o
    0x08000cc4   0x08000cc4   0x000002ac   Code   RO         1540    .text.DataConvert   ads1258.o
    0x08000f70   0x08000f70   0x00000210   Code   RO         1651    .text.DataFrameInit  transmit.o
    0x08001180   0x08001180   0x00000002   Code   RO          158    .text.DebugMon_Handler  stm32f4xx_it.o
    0x08001182   0x08001182   0x00000002   PAD
    0x08001184   0x08001184   0x00000076   Code   RO         1602    .text.DebugPrintf   utils.o
    0x080011fa   0x080011fa   0x00000002   PAD
    0x080011fc   0x080011fc   0x0000034c   Code   RO         1659    .text.DecodeCommand  transmit.o
    0x08001548   0x08001548   0x0000006a   Code   RO         1592    .text.Delay_us      utils.o
    0x080015b2   0x080015b2   0x00000002   PAD
    0x080015b4   0x080015b4   0x00000006   Code   RO          164    .text.EXTI4_IRQHandler  stm32f4xx_it.o
    0x080015ba   0x080015ba   0x00000002   PAD
    0x080015bc   0x080015bc   0x00000148   Code   RO         1661    .text.EncodeCommand  transmit.o
    0x08001704   0x08001704   0x0000000a   Code   RO           17    .text.Error_Handler  main.o
    0x0800170e   0x0800170e   0x00000002   PAD
    0x08001710   0x08001710   0x0000000c   Code   RO         1566    .text.GetBatValue   bat_adc.o
    0x0800171c   0x0800171c   0x00000146   Code   RO          249    .text.HAL_ADC_ConfigChannel  stm32f4xx_hal_adc.o
    0x08001862   0x08001862   0x00000002   PAD
    0x08001864   0x08001864   0x00000004   Code   RO          253    .text.HAL_ADC_GetState  stm32f4xx_hal_adc.o
    0x08001868   0x08001868   0x00000006   Code   RO          245    .text.HAL_ADC_GetValue  stm32f4xx_hal_adc.o
    0x0800186e   0x0800186e   0x00000002   PAD
    0x08001870   0x08001870   0x0000015e   Code   RO          207    .text.HAL_ADC_Init  stm32f4xx_hal_adc.o
    0x080019ce   0x080019ce   0x00000002   PAD
    0x080019d0   0x080019d0   0x00000064   Code   RO           41    .text.HAL_ADC_MspInit  adc.o
    0x08001a34   0x08001a34   0x000000fe   Code   RO          219    .text.HAL_ADC_PollForConversion  stm32f4xx_hal_adc.o
    0x08001b32   0x08001b32   0x00000002   PAD
    0x08001b34   0x08001b34   0x0000015a   Code   RO          215    .text.HAL_ADC_Start  stm32f4xx_hal_adc.o
    0x08001c8e   0x08001c8e   0x00000002   PAD
    0x08001c90   0x08001c90   0x0000008e   Code   RO          460    .text.HAL_DMA_Abort  stm32f4xx_hal_dma.o
    0x08001d1e   0x08001d1e   0x00000002   PAD
    0x08001d20   0x08001d20   0x00000024   Code   RO          462    .text.HAL_DMA_Abort_IT  stm32f4xx_hal_dma.o
    0x08001d44   0x08001d44   0x00000004   Code   RO          474    .text.HAL_DMA_GetError  stm32f4xx_hal_dma.o
    0x08001d48   0x08001d48   0x000001c0   Code   RO          466    .text.HAL_DMA_IRQHandler  stm32f4xx_hal_dma.o
    0x08001f08   0x08001f08   0x00000162   Code   RO          452    .text.HAL_DMA_Init  stm32f4xx_hal_dma.o
    0x0800206a   0x0800206a   0x00000002   PAD
    0x0800206c   0x0800206c   0x000000a2   Code   RO          458    .text.HAL_DMA_Start_IT  stm32f4xx_hal_dma.o
    0x0800210e   0x0800210e   0x00000002   PAD
    0x08002110   0x08002110   0x00000028   Code   RO          619    .text.HAL_Delay     stm32f4xx_hal.o
    0x08002138   0x08002138   0x00000048   Code   RO         1431    .text.HAL_GPIO_EXTI_Callback  fnirs.o
    0x08002180   0x08002180   0x00000016   Code   RO          426    .text.HAL_GPIO_EXTI_IRQHandler  stm32f4xx_hal_gpio.o
    0x08002196   0x08002196   0x00000002   PAD
    0x08002198   0x08002198   0x0000019e   Code   RO          414    .text.HAL_GPIO_Init  stm32f4xx_hal_gpio.o
    0x08002336   0x08002336   0x00000002   PAD
    0x08002338   0x08002338   0x0000000a   Code   RO          418    .text.HAL_GPIO_ReadPin  stm32f4xx_hal_gpio.o
    0x08002342   0x08002342   0x00000002   PAD
    0x08002344   0x08002344   0x0000000a   Code   RO          420    .text.HAL_GPIO_WritePin  stm32f4xx_hal_gpio.o
    0x0800234e   0x0800234e   0x00000002   PAD
    0x08002350   0x08002350   0x0000000c   Code   RO          611    .text.HAL_GetTick   stm32f4xx_hal.o
    0x0800235c   0x0800235c   0x0000001a   Code   RO          609    .text.HAL_IncTick   stm32f4xx_hal.o
    0x08002376   0x08002376   0x00000002   PAD
    0x08002378   0x08002378   0x00000036   Code   RO          599    .text.HAL_Init      stm32f4xx_hal.o
    0x080023ae   0x080023ae   0x00000002   PAD
    0x080023b0   0x080023b0   0x00000048   Code   RO          601    .text.HAL_InitTick  stm32f4xx_hal.o
    0x080023f8   0x080023f8   0x00000038   Code   RO          199    .text.HAL_MspInit   stm32f4xx_hal_msp.o
    0x08002430   0x08002430   0x00000022   Code   RO          551    .text.HAL_NVIC_EnableIRQ  stm32f4xx_hal_cortex.o
    0x08002452   0x08002452   0x00000002   PAD
    0x08002454   0x08002454   0x00000056   Code   RO          549    .text.HAL_NVIC_SetPriority  stm32f4xx_hal_cortex.o
    0x080024aa   0x080024aa   0x00000002   PAD
    0x080024ac   0x080024ac   0x00000020   Code   RO          547    .text.HAL_NVIC_SetPriorityGrouping  stm32f4xx_hal_cortex.o
    0x080024cc   0x080024cc   0x00000164   Code   RO          308    .text.HAL_RCC_ClockConfig  stm32f4xx_hal_rcc.o
    0x08002630   0x08002630   0x00000026   Code   RO          320    .text.HAL_RCC_GetPCLK1Freq  stm32f4xx_hal_rcc.o
    0x08002656   0x08002656   0x00000002   PAD
    0x08002658   0x08002658   0x00000026   Code   RO          322    .text.HAL_RCC_GetPCLK2Freq  stm32f4xx_hal_rcc.o
    0x0800267e   0x0800267e   0x00000002   PAD
    0x08002680   0x08002680   0x0000006c   Code   RO          310    .text.HAL_RCC_GetSysClockFreq  stm32f4xx_hal_rcc.o
    0x080026ec   0x080026ec   0x000003b0   Code   RO          306    .text.HAL_RCC_OscConfig  stm32f4xx_hal_rcc.o
    0x08002a9c   0x08002a9c   0x00000002   Code   RO          829    .text.HAL_SD_AbortCallback  stm32f4xx_hal_sd.o
    0x08002a9e   0x08002a9e   0x00000002   PAD
    0x08002aa0   0x08002aa0   0x00000126   Code   RO          843    .text.HAL_SD_ConfigWideBusOperation  stm32f4xx_hal_sd.o
    0x08002bc6   0x08002bc6   0x00000002   PAD
    0x08002bc8   0x08002bc8   0x000000fc   Code   RO          815    .text.HAL_SD_Erase  stm32f4xx_hal_sd.o
    0x08002cc4   0x08002cc4   0x00000002   Code   RO          819    .text.HAL_SD_ErrorCallback  stm32f4xx_hal_sd.o
    0x08002cc6   0x08002cc6   0x00000002   PAD
    0x08002cc8   0x08002cc8   0x00000046   Code   RO          835    .text.HAL_SD_GetCardCID  stm32f4xx_hal_sd.o
    0x08002d0e   0x08002d0e   0x00000002   PAD
    0x08002d10   0x08002d10   0x00000186   Code   RO          837    .text.HAL_SD_GetCardCSD  stm32f4xx_hal_sd.o
    0x08002e96   0x08002e96   0x00000002   PAD
    0x08002e98   0x08002e98   0x0000002a   Code   RO          845    .text.HAL_SD_GetCardState  stm32f4xx_hal_sd.o
    0x08002ec2   0x08002ec2   0x00000002   PAD
    0x08002ec4   0x08002ec4   0x000002a0   Code   RO          817    .text.HAL_SD_IRQHandler  stm32f4xx_hal_sd.o
    0x08003164   0x08003164   0x00000040   Code   RO          787    .text.HAL_SD_Init   stm32f4xx_hal_sd.o
    0x080031a4   0x080031a4   0x0000020c   Code   RO          791    .text.HAL_SD_InitCard  stm32f4xx_hal_sd.o
    0x080033b0   0x080033b0   0x00000114   Code   RO           65    .text.HAL_SD_MspInit  sdio.o
    0x080034c4   0x080034c4   0x00000238   Code   RO          797    .text.HAL_SD_ReadBlocks  stm32f4xx_hal_sd.o
    0x080036fc   0x080036fc   0x00000002   Code   RO          821    .text.HAL_SD_RxCpltCallback  stm32f4xx_hal_sd.o
    0x080036fe   0x080036fe   0x00000002   PAD
    0x08003700   0x08003700   0x00000020   Code   RO         1467    .text.HAL_SD_TxCpltCallback  csnp32.o
    0x08003720   0x08003720   0x00000130   Code   RO          811    .text.HAL_SD_WriteBlocks_DMA  stm32f4xx_hal_sd.o
    0x08003850   0x08003850   0x00000002   Code   RO          941    .text.HAL_SPI_ErrorCallback  stm32f4xx_hal_spi.o
    0x08003852   0x08003852   0x00000002   PAD
    0x08003854   0x08003854   0x0000012c   Code   RO          937    .text.HAL_SPI_IRQHandler  stm32f4xx_hal_spi.o
    0x08003980   0x08003980   0x000000b4   Code   RO          861    .text.HAL_SPI_Init  stm32f4xx_hal_spi.o
    0x08003a34   0x08003a34   0x00000124   Code   RO           83    .text.HAL_SPI_MspInit  spi.o
    0x08003b58   0x08003b58   0x0000034e   Code   RO          873    .text.HAL_SPI_TransmitReceive  stm32f4xx_hal_spi.o
    0x08003ea6   0x08003ea6   0x00000002   PAD
    0x08003ea8   0x08003ea8   0x000000d4   Code   RO          897    .text.HAL_SPI_Transmit_DMA  stm32f4xx_hal_spi.o
    0x08003f7c   0x08003f7c   0x00000032   Code   RO         1633    .text.HAL_SPI_TxCpltCallback  transmit.o
    0x08003fae   0x08003fae   0x00000002   PAD
    0x08003fb0   0x08003fb0   0x00000002   Code   RO          949    .text.HAL_SPI_TxHalfCpltCallback  stm32f4xx_hal_spi.o
    0x08003fb2   0x08003fb2   0x00000002   PAD
    0x08003fb4   0x08003fb4   0x0000002c   Code   RO          559    .text.HAL_SYSTICK_Config  stm32f4xx_hal_cortex.o
    0x08003fe0   0x08003fe0   0x00000002   Code   RO         1280    .text.HAL_TIMEx_BreakCallback  stm32f4xx_hal_tim_ex.o
    0x08003fe2   0x08003fe2   0x00000002   PAD
    0x08003fe4   0x08003fe4   0x00000002   Code   RO         1276    .text.HAL_TIMEx_CommutCallback  stm32f4xx_hal_tim_ex.o
    0x08003fe6   0x08003fe6   0x00000002   PAD
    0x08003fe8   0x08003fe8   0x00000050   Code   RO         1272    .text.HAL_TIMEx_ConfigBreakDeadTime  stm32f4xx_hal_tim_ex.o
    0x08004038   0x08004038   0x000000ba   Code   RO         1270    .text.HAL_TIMEx_MasterConfigSynchronization  stm32f4xx_hal_tim_ex.o
    0x080040f2   0x080040f2   0x00000002   PAD
    0x080040f4   0x080040f4   0x0000005a   Code   RO          975    .text.HAL_TIM_Base_Init  stm32f4xx_hal_tim.o
    0x0800414e   0x0800414e   0x00000002   PAD
    0x08004150   0x08004150   0x000000e2   Code   RO          108    .text.HAL_TIM_Base_MspInit  tim.o
    0x08004232   0x08004232   0x00000002   PAD
    0x08004234   0x08004234   0x000000aa   Code   RO          989    .text.HAL_TIM_Base_Start_IT  stm32f4xx_hal_tim.o
    0x080042de   0x080042de   0x00000002   PAD
    0x080042e0   0x080042e0   0x0000003c   Code   RO          991    .text.HAL_TIM_Base_Stop_IT  stm32f4xx_hal_tim.o
    0x0800431c   0x0800431c   0x000001a0   Code   RO         1155    .text.HAL_TIM_ConfigClockSource  stm32f4xx_hal_tim.o
    0x080044bc   0x080044bc   0x00000002   Code   RO         1111    .text.HAL_TIM_IC_CaptureCallback  stm32f4xx_hal_tim.o
    0x080044be   0x080044be   0x00000002   PAD
    0x080044c0   0x080044c0   0x0000014e   Code   RO         1109    .text.HAL_TIM_IRQHandler  stm32f4xx_hal_tim.o
    0x0800460e   0x0800460e   0x00000002   PAD
    0x08004610   0x08004610   0x00000002   Code   RO         1113    .text.HAL_TIM_OC_DelayElapsedCallback  stm32f4xx_hal_tim.o
    0x08004612   0x08004612   0x00000002   PAD
    0x08004614   0x08004614   0x00000224   Code   RO         1129    .text.HAL_TIM_PWM_ConfigChannel  stm32f4xx_hal_tim.o
    0x08004838   0x08004838   0x0000005a   Code   RO         1029    .text.HAL_TIM_PWM_Init  stm32f4xx_hal_tim.o
    0x08004892   0x08004892   0x00000002   PAD
    0x08004894   0x08004894   0x00000002   Code   RO         1031    .text.HAL_TIM_PWM_MspInit  stm32f4xx_hal_tim.o
    0x08004896   0x08004896   0x00000002   PAD
    0x08004898   0x08004898   0x00000002   Code   RO         1115    .text.HAL_TIM_PWM_PulseFinishedCallback  stm32f4xx_hal_tim.o
    0x0800489a   0x0800489a   0x00000002   PAD
    0x0800489c   0x0800489c   0x0000011e   Code   RO         1037    .text.HAL_TIM_PWM_Start  stm32f4xx_hal_tim.o
    0x080049ba   0x080049ba   0x00000002   PAD
    0x080049bc   0x080049bc   0x00000080   Code   RO           11    .text.HAL_TIM_PeriodElapsedCallback  main.o
    0x08004a3c   0x08004a3c   0x00000058   Code   RO         1159    .text.HAL_TIM_SlaveConfigSynchro  stm32f4xx_hal_tim.o
    0x08004a94   0x08004a94   0x00000002   Code   RO         1119    .text.HAL_TIM_TriggerCallback  stm32f4xx_hal_tim.o
    0x08004a96   0x08004a96   0x00000002   PAD
    0x08004a98   0x08004a98   0x00000002   Code   RO         1380    .text.HAL_UARTEx_RxEventCallback  stm32f4xx_hal_uart.o
    0x08004a9a   0x08004a9a   0x00000002   PAD
    0x08004a9c   0x08004a9c   0x0000021c   Code   RO         1336    .text.HAL_UART_DMAStop  stm32f4xx_hal_uart.o
    0x08004cb8   0x08004cb8   0x00000002   Code   RO         1378    .text.HAL_UART_ErrorCallback  stm32f4xx_hal_uart.o
    0x08004cba   0x08004cba   0x00000002   PAD
    0x08004cbc   0x08004cbc   0x00000588   Code   RO         1372    .text.HAL_UART_IRQHandler  stm32f4xx_hal_uart.o
    0x08005244   0x08005244   0x00000060   Code   RO         1294    .text.HAL_UART_Init  stm32f4xx_hal_uart.o
    0x080052a4   0x080052a4   0x000001e6   Code   RO          128    .text.HAL_UART_MspInit  usart.o
    0x0800548a   0x0800548a   0x00000002   PAD
    0x0800548c   0x0800548c   0x0000017a   Code   RO         1328    .text.HAL_UART_Receive_DMA  stm32f4xx_hal_uart.o
    0x08005606   0x08005606   0x00000002   PAD
    0x08005608   0x08005608   0x00000002   Code   RO         1386    .text.HAL_UART_RxCpltCallback  stm32f4xx_hal_uart.o
    0x0800560a   0x0800560a   0x00000002   PAD
    0x0800560c   0x0800560c   0x00000002   Code   RO         1388    .text.HAL_UART_RxHalfCpltCallback  stm32f4xx_hal_uart.o
    0x0800560e   0x0800560e   0x00000002   PAD
    0x08005610   0x08005610   0x00000088   Code   RO         1637    .text.HAL_UART_RxIdleCallback  transmit.o
    0x08005698   0x08005698   0x000000cc   Code   RO         1320    .text.HAL_UART_Transmit_DMA  stm32f4xx_hal_uart.o
    0x08005764   0x08005764   0x0000003e   Code   RO         1635    .text.HAL_UART_TxCpltCallback  transmit.o
    0x080057a2   0x080057a2   0x00000002   PAD
    0x080057a4   0x080057a4   0x00000002   Code   RO         1384    .text.HAL_UART_TxHalfCpltCallback  stm32f4xx_hal_uart.o
    0x080057a6   0x080057a6   0x00000002   PAD
    0x080057a8   0x080057a8   0x00000002   Code   RO          148    .text.HardFault_Handler  stm32f4xx_it.o
    0x080057aa   0x080057aa   0x00000002   PAD
    0x080057ac   0x080057ac   0x0000002e   Code   RO         1649    .text.InitDataBuf   transmit.o
    0x080057da   0x080057da   0x00000002   PAD
    0x080057dc   0x080057dc   0x00000198   Code   RO         1578    .text.KEY_Scan      key.o
    0x08005974   0x08005974   0x00000070   Code   RO           39    .text.MX_ADC1_Init  adc.o
    0x080059e4   0x080059e4   0x0000009c   Code   RO           54    .text.MX_DMA_Init   dma.o
    0x08005a80   0x08005a80   0x00000168   Code   RO           29    .text.MX_GPIO_Init  gpio.o
    0x08005be8   0x08005be8   0x00000056   Code   RO           63    .text.MX_SDIO_SD_Init  sdio.o
    0x08005c3e   0x08005c3e   0x00000002   PAD
    0x08005c40   0x08005c40   0x0000004c   Code   RO           79    .text.MX_SPI1_Init  spi.o
    0x08005c8c   0x08005c8c   0x00000046   Code   RO           81    .text.MX_SPI2_Init  spi.o
    0x08005cd2   0x08005cd2   0x00000002   PAD
    0x08005cd4   0x08005cd4   0x00000146   Code   RO           98    .text.MX_TIM1_Init  tim.o
    0x08005e1a   0x08005e1a   0x00000002   PAD
    0x08005e1c   0x08005e1c   0x0000006e   Code   RO          102    .text.MX_TIM2_Init  tim.o
    0x08005e8a   0x08005e8a   0x00000002   PAD
    0x08005e8c   0x08005e8c   0x00000052   Code   RO          104    .text.MX_TIM6_Init  tim.o
    0x08005ede   0x08005ede   0x00000002   PAD
    0x08005ee0   0x08005ee0   0x0000005c   Code   RO          106    .text.MX_TIM9_Init  tim.o
    0x08005f3c   0x08005f3c   0x00000040   Code   RO          124    .text.MX_USART2_UART_Init  usart.o
    0x08005f7c   0x08005f7c   0x00000040   Code   RO          126    .text.MX_USART3_UART_Init  usart.o
    0x08005fbc   0x08005fbc   0x00000002   Code   RO          150    .text.MemManage_Handler  stm32f4xx_it.o
    0x08005fbe   0x08005fbe   0x00000002   PAD
    0x08005fc0   0x08005fc0   0x00000002   Code   RO          146    .text.NMI_Handler   stm32f4xx_it.o
    0x08005fc2   0x08005fc2   0x00000002   PAD
    0x08005fc4   0x08005fc4   0x00000002   Code   RO          160    .text.PendSV_Handler  stm32f4xx_it.o
    0x08005fc6   0x08005fc6   0x00000002   PAD
    0x08005fc8   0x08005fc8   0x0000010c   Code   RO         1538    .text.ReadDataDirect  ads1258.o
    0x080060d4   0x080060d4   0x00000026   Code   RO          707    .text.SDIO_ConfigData  stm32f4xx_ll_sdmmc.o
    0x080060fa   0x080060fa   0x00000002   PAD
    0x080060fc   0x080060fc   0x00000008   Code   RO          699    .text.SDIO_GetPowerState  stm32f4xx_ll_sdmmc.o
    0x08006104   0x08006104   0x00000006   Code   RO          705    .text.SDIO_GetResponse  stm32f4xx_ll_sdmmc.o
    0x0800610a   0x0800610a   0x00000002   PAD
    0x0800610c   0x0800610c   0x0000000c   Code   RO          186    .text.SDIO_IRQHandler  stm32f4xx_it.o
    0x08006118   0x08006118   0x0000002c   Code   RO          689    .text.SDIO_Init     stm32f4xx_ll_sdmmc.o
    0x08006144   0x08006144   0x0000000a   Code   RO          695    .text.SDIO_PowerState_ON  stm32f4xx_ll_sdmmc.o
    0x0800614e   0x0800614e   0x00000002   PAD
    0x08006150   0x08006150   0x00000006   Code   RO          691    .text.SDIO_ReadFIFO  stm32f4xx_ll_sdmmc.o
    0x08006156   0x08006156   0x00000002   PAD
    0x08006158   0x08006158   0x0000000c   Code   RO          693    .text.SDIO_WriteFIFO  stm32f4xx_ll_sdmmc.o
    0x08006164   0x08006164   0x00000018   Code   RO          747    .text.SDMMC_CmdAppCommand  stm32f4xx_ll_sdmmc.o
    0x0800617c   0x0800617c   0x00000090   Code   RO          749    .text.SDMMC_CmdAppOperCommand  stm32f4xx_ll_sdmmc.o
    0x0800620c   0x0800620c   0x00000018   Code   RO          715    .text.SDMMC_CmdBlockLength  stm32f4xx_ll_sdmmc.o
    0x08006224   0x08006224   0x00000018   Code   RO          753    .text.SDMMC_CmdBusWidth  stm32f4xx_ll_sdmmc.o
    0x0800623c   0x0800623c   0x0000001a   Code   RO          735    .text.SDMMC_CmdErase  stm32f4xx_ll_sdmmc.o
    0x08006256   0x08006256   0x00000002   PAD
    0x08006258   0x08006258   0x00000060   Code   RO          741    .text.SDMMC_CmdGoIdleState  stm32f4xx_ll_sdmmc.o
    0x080062b8   0x080062b8   0x000000a6   Code   RO          743    .text.SDMMC_CmdOperCond  stm32f4xx_ll_sdmmc.o
    0x0800635e   0x0800635e   0x00000002   PAD
    0x08006360   0x08006360   0x00000018   Code   RO          721    .text.SDMMC_CmdReadMultiBlock  stm32f4xx_ll_sdmmc.o
    0x08006378   0x08006378   0x00000018   Code   RO          719    .text.SDMMC_CmdReadSingleBlock  stm32f4xx_ll_sdmmc.o
    0x08006390   0x08006390   0x00000018   Code   RO          729    .text.SDMMC_CmdSDEraseEndAdd  stm32f4xx_ll_sdmmc.o
    0x080063a8   0x080063a8   0x00000018   Code   RO          727    .text.SDMMC_CmdSDEraseStartAdd  stm32f4xx_ll_sdmmc.o
    0x080063c0   0x080063c0   0x00000018   Code   RO          739    .text.SDMMC_CmdSelDesel  stm32f4xx_ll_sdmmc.o
    0x080063d8   0x080063d8   0x0000009c   Code   RO          757    .text.SDMMC_CmdSendCID  stm32f4xx_ll_sdmmc.o
    0x08006474   0x08006474   0x0000009c   Code   RO          761    .text.SDMMC_CmdSendCSD  stm32f4xx_ll_sdmmc.o
    0x08006510   0x08006510   0x0000001a   Code   RO          755    .text.SDMMC_CmdSendSCR  stm32f4xx_ll_sdmmc.o
    0x0800652a   0x0800652a   0x00000002   PAD
    0x0800652c   0x0800652c   0x00000018   Code   RO          769    .text.SDMMC_CmdSendStatus  stm32f4xx_ll_sdmmc.o
    0x08006544   0x08006544   0x000000cc   Code   RO          763    .text.SDMMC_CmdSetRelAdd  stm32f4xx_ll_sdmmc.o
    0x08006610   0x08006610   0x0000001e   Code   RO          737    .text.SDMMC_CmdStopTransfer  stm32f4xx_ll_sdmmc.o
    0x0800662e   0x0800662e   0x00000002   PAD
    0x08006630   0x08006630   0x00000018   Code   RO          725    .text.SDMMC_CmdWriteMultiBlock  stm32f4xx_ll_sdmmc.o
    0x08006648   0x08006648   0x00000018   Code   RO          723    .text.SDMMC_CmdWriteSingleBlock  stm32f4xx_ll_sdmmc.o
    0x08006660   0x08006660   0x00000166   Code   RO          717    .text.SDMMC_GetCmdResp1  stm32f4xx_ll_sdmmc.o
    0x080067c6   0x080067c6   0x00000002   PAD
    0x080067c8   0x080067c8   0x00000076   Code   RO          809    .text.SD_DMAError   stm32f4xx_hal_sd.o
    0x0800683e   0x0800683e   0x00000002   PAD
    0x08006840   0x08006840   0x0000006a   Code   RO          827    .text.SD_DMARxAbort  stm32f4xx_hal_sd.o
    0x080068aa   0x080068aa   0x00000002   PAD
    0x080068ac   0x080068ac   0x0000000e   Code   RO          813    .text.SD_DMATransmitCplt  stm32f4xx_hal_sd.o
    0x080068ba   0x080068ba   0x00000002   PAD
    0x080068bc   0x080068bc   0x0000006a   Code   RO          825    .text.SD_DMATxAbort  stm32f4xx_hal_sd.o
    0x08006926   0x08006926   0x00000002   PAD
    0x08006928   0x08006928   0x000000f8   Code   RO          851    .text.SD_FindSCR    stm32f4xx_hal_sd.o
    0x08006a20   0x08006a20   0x0000000c   Code   RO          180    .text.SPI2_IRQHandler  stm32f4xx_it.o
    0x08006a2c   0x08006a2c   0x00000074   Code   RO         1639    .text.SPITransmitDMA  transmit.o
    0x08006aa0   0x08006aa0   0x0000000c   Code   RO          939    .text.SPI_DMAAbortOnError  stm32f4xx_hal_spi.o
    0x08006aac   0x08006aac   0x0000001e   Code   RO          903    .text.SPI_DMAError  stm32f4xx_hal_spi.o
    0x08006aca   0x08006aca   0x00000002   PAD
    0x08006acc   0x08006acc   0x00000006   Code   RO          899    .text.SPI_DMAHalfTransmitCplt  stm32f4xx_hal_spi.o
    0x08006ad2   0x08006ad2   0x00000002   PAD
    0x08006ad4   0x08006ad4   0x00000112   Code   RO          901    .text.SPI_DMATransmitCplt  stm32f4xx_hal_spi.o
    0x08006be6   0x08006be6   0x00000002   PAD
    0x08006be8   0x08006be8   0x00000124   Code   RO          965    .text.SPI_WaitFlagStateUntilTimeout  stm32f4xx_hal_spi.o
    0x08006d0c   0x08006d0c   0x00000002   Code   RO          156    .text.SVC_Handler   stm32f4xx_it.o
    0x08006d0e   0x08006d0e   0x00000002   PAD
    0x08006d10   0x08006d10   0x000000cc   Code   RO         1616    .text.SetLED        led.o
    0x08006ddc   0x08006ddc   0x00000054   Code   RO         1618    .text.SwitchLED     led.o
    0x08006e30   0x08006e30   0x00000076   Code   RO         1620    .text.SwitchOn      led.o
    0x08006ea6   0x08006ea6   0x00000002   PAD
    0x08006ea8   0x08006ea8   0x00000004   Code   RO          162    .text.SysTick_Handler  stm32f4xx_it.o
    0x08006eac   0x08006eac   0x000000b8   Code   RO           15    .text.SystemClock_Config  main.o
    0x08006f64   0x08006f64   0x00000012   Code   RO         1416    .text.SystemInit    system_stm32f4xx.o
    0x08006f76   0x08006f76   0x00000002   PAD
    0x08006f78   0x08006f78   0x0000001e   Code   RO          176    .text.TIM1_BRK_TIM9_IRQHandler  stm32f4xx_it.o
    0x08006f96   0x08006f96   0x00000002   PAD
    0x08006f98   0x08006f98   0x0000000c   Code   RO          178    .text.TIM2_IRQHandler  stm32f4xx_it.o
    0x08006fa4   0x08006fa4   0x0000000c   Code   RO          188    .text.TIM6_DAC_IRQHandler  stm32f4xx_it.o
    0x08006fb0   0x08006fb0   0x00000142   Code   RO          979    .text.TIM_Base_SetConfig  stm32f4xx_hal_tim.o
    0x080070f2   0x080070f2   0x00000002   PAD
    0x080070f4   0x080070f4   0x000000fa   Code   RO         1161    .text.TIM_SlaveTimer_SetConfig  stm32f4xx_hal_tim.o
    0x080071ee   0x080071ee   0x00000002   PAD
    0x080071f0   0x080071f0   0x0000000a   Code   RO         1376    .text.UART_DMAAbortOnError  stm32f4xx_hal_uart.o
    0x080071fa   0x080071fa   0x00000002   PAD
    0x080071fc   0x080071fc   0x0000017c   Code   RO         1326    .text.UART_DMAError  stm32f4xx_hal_uart.o
    0x08007378   0x08007378   0x0000015e   Code   RO         1404    .text.UART_DMAReceiveCplt  stm32f4xx_hal_uart.o
    0x080074d6   0x080074d6   0x00000002   PAD
    0x080074d8   0x080074d8   0x00000018   Code   RO         1406    .text.UART_DMARxHalfCplt  stm32f4xx_hal_uart.o
    0x080074f0   0x080074f0   0x000000b0   Code   RO         1322    .text.UART_DMATransmitCplt  stm32f4xx_hal_uart.o
    0x080075a0   0x080075a0   0x00000006   Code   RO         1324    .text.UART_DMATxHalfCplt  stm32f4xx_hal_uart.o
    0x080075a6   0x080075a6   0x00000002   PAD
    0x080075a8   0x080075a8   0x000000fe   Code   RO         1374    .text.UART_Receive_IT  stm32f4xx_hal_uart.o
    0x080076a6   0x080076a6   0x00000002   PAD
    0x080076a8   0x080076a8   0x000000ee   Code   RO         1298    .text.UART_SetConfig  stm32f4xx_hal_uart.o
    0x08007796   0x08007796   0x00000002   PAD
    0x08007798   0x08007798   0x0000000c   Code   RO          182    .text.USART2_IRQHandler  stm32f4xx_it.o
    0x080077a4   0x080077a4   0x0000001a   Code   RO          184    .text.USART3_IRQHandler  stm32f4xx_it.o
    0x080077be   0x080077be   0x00000002   PAD
    0x080077c0   0x080077c0   0x00000002   Code   RO          154    .text.UsageFault_Handler  stm32f4xx_it.o
    0x080077c2   0x080077c2   0x00000002   PAD
    0x080077c4   0x080077c4   0x000001e8   Code   RO         1514    .text.ads1258init   ads1258.o
    0x080079ac   0x080079ac   0x000000a6   Code   RO         1435    .text.fnirs_struct_init  fnirs.o
    0x08007a52   0x08007a52   0x00000002   PAD
    0x08007a54   0x08007a54   0x000000cc   Code   RO           13    .text.main          main.o
    0x08007b20   0x08007b20   0x0000060e   Code   RO         1441    .text.nirs_config   fnirs.o
    0x0800812e   0x0800812e   0x00000002   PAD
    0x08008130   0x08008130   0x000000e0   Code   RO         1451    .text.nirs_data_send  fnirs.o
    0x08008210   0x08008210   0x0000002c   Code   RO         1437    .text.nirs_init     fnirs.o
    0x0800823c   0x0800823c   0x0000004a   Code   RO         1439    .text.nirs_set_sample_rate  fnirs.o
    0x08008286   0x08008286   0x00000002   PAD
    0x08008288   0x08008288   0x0000005c   Code   RO         1443    .text.nirs_start    fnirs.o
    0x080082e4   0x080082e4   0x00000058   Code   RO         1445    .text.nirs_stop     fnirs.o
    0x0800833c   0x0800833c   0x00000102   Code   RO         1453    .text.nirs_timer_handle  fnirs.o
    0x0800843e   0x0800843e   0x00000002   PAD
    0x08008440   0x08008440   0x0000007c   Code   RO         1600    .text.reverseArray  utils.o
    0x080084bc   0x080084bc   0x0000008c   Code   RO         1455    .text.sd_read_nirs  fnirs.o
    0x08008548   0x08008548   0x00000150   Code   RO         1469    .text.sdio_init     csnp32.o
    0x08008698   0x08008698   0x00000048   Code   RO         1471    .text.sdio_read     csnp32.o
    0x080086e0   0x080086e0   0x0000004c   Code   RO         1473    .text.sdio_write    csnp32.o
    0x0800872c   0x0800872c   0x000001d6   Code   RO         1530    .text.set_ads_channel  ads1258.o
    0x08008902   0x08008902   0x00000002   PAD
    0x08008904   0x08008904   0x0000000e   Code   RO         1536    .text.stopConversions  ads1258.o
    0x08008912   0x08008912   0x00000002   PAD
    0x08008914   0x08008914   0x000000a0   Code   RO         1487    .text.tlc5940_init  tlc5940.o
    0x080089b4   0x080089b4   0x0000012a   Code   RO         1489    .text.tlcSetDC      tlc5940.o
    0x08008ade   0x08008ade   0x00000002   PAD
    0x08008ae0   0x08008ae0   0x000000de   Code   RO         1495    .text.tlcSetGS      tlc5940.o
    0x08008bbe   0x08008bbe   0x00000002   PAD
    0x08008bc0   0x08008bc0   0x00000034   Code   RO         1702    i.__0vsnprintf      mc_w.l(printfa.o)
    0x08008bf4   0x08008bf4   0x00000004   PAD
    0x08008bf8   0x08008bf8   0x00000118   Code   RO         1677    i.__hardfp_ceil     m_wm.l(ceil.o)
    0x08008d10   0x08008d10   0x0000000e   Code   RO         1779    i.__scatterload_copy  mc_w.l(handlers.o)
    0x08008d1e   0x08008d1e   0x00000002   Code   RO         1780    i.__scatterload_null  mc_w.l(handlers.o)
    0x08008d20   0x08008d20   0x0000000e   Code   RO         1781    i.__scatterload_zeroinit  mc_w.l(handlers.o)
    0x08008d2e   0x08008d2e   0x00000002   PAD
    0x08008d30   0x08008d30   0x00000184   Code   RO         1704    i._fp_digits        mc_w.l(printfa.o)
    0x08008eb4   0x08008eb4   0x000006dc   Code   RO         1705    i._printf_core      mc_w.l(printfa.o)
    0x08009590   0x08009590   0x00000024   Code   RO         1706    i._printf_post_padding  mc_w.l(printfa.o)
    0x080095b4   0x080095b4   0x0000002e   Code   RO         1707    i._printf_pre_padding  mc_w.l(printfa.o)
    0x080095e2   0x080095e2   0x00000016   Code   RO         1708    i._snputc           mc_w.l(printfa.o)
    0x080095f8   0x080095f8   0x00000010   Data   RO         1421    .rodata.AHBPrescTable  system_stm32f4xx.o
    0x08009608   0x08009608   0x00000008   Data   RO         1422    .rodata.APBPrescTable  system_stm32f4xx.o
    0x08009610   0x08009610   0x00000008   Data   RO          476    .rodata.cst8        stm32f4xx_hal_dma.o
    0x08009618   0x08009618   0x00000085   Data   RO         1476    .rodata.str1.1      csnp32.o
    0x0800969d   0x0800969d   0x00000035   Data   RO         1549    .rodata.str1.1      ads1258.o
    0x080096d2   0x080096d2   0x0000003e   Data   RO         1667    .rodata.str1.1      transmit.o
    0x08009710   0x08009710   0x00000020   Data   RO         1778    Region$$Table       anon$$obj.o


    Execution Region RW_IRAM1 (Exec base: 0x20000000, Load base: 0x08009730, Size: 0x000023b8, Max: 0x0001c000, ABSOLUTE)

    Exec Addr    Load Addr    Size         Type   Attr      Idx    E Section Name        Object

    0x20000000   0x08009730   0x00000008   Data   RW          654    .data..L_MergedGlobals  stm32f4xx_hal.o
    0x20000008   0x08009738   0x00000008   Data   RW         1550    .data..L_MergedGlobals  ads1258.o
    0x20000010   0x08009740   0x00000018   Data   RW         1568    .data..L_MergedGlobals  bat_adc.o
    0x20000028   0x08009758   0x00000003   Data   RW         1580    .data..L_MergedGlobals  key.o
    0x2000002b   0x0800975b   0x00000002   Data   RW         1624    .data..L_MergedGlobals  led.o
    0x2000002d   0x0800975d   0x00000001   Data   RW         1475    .data.SDWriteReady  csnp32.o
    0x2000002e   0x0800975e   0x00000001   Data   RW         1606    .data.SendDoneDebugUART  utils.o
    0x2000002f   0x0800975f   0x00000001   Data   RW         1663    .data.SendDoneSPI   transmit.o
    0x20000030   0x08009760   0x00000001   Data   RW         1664    .data.SendDoneUART  transmit.o
    0x20000031   0x08009761   0x00000003   PAD
    0x20000034   0x08009764   0x00000004   Data   RW         1420    .data.SystemCoreClock  system_stm32f4xx.o
    0x20000038        -       0x00000008   Zero   RW           20    .bss..L_MergedGlobals  main.o
    0x20000040        -       0x00000014   Zero   RW         1669    .bss..L_MergedGlobals  transmit.o
    0x20000054        -       0x00000004   Zero   RW         1569    .bss..L_MergedGlobals.1  bat_adc.o
    0x20000058        -       0x00000030   Zero   RW         1551    .bss..L_MergedGlobals.11  ads1258.o
    0x20000088        -       0x00000006   Zero   RW         1581    .bss..L_MergedGlobals.3  key.o
    0x2000008e        -       0x00000200   Zero   RW         1668    .bss.CRC16_Table    transmit.o
    0x2000028e   0x08009768   0x00000002   PAD
    0x20000290        -       0x00000100   Zero   RW         1666    .bss.U_RxBuf        transmit.o
    0x20000390        -       0x000014ec   Zero   RW         1458    .bss.g_fnirs_ctx    fnirs.o
    0x2000187c        -       0x000000bc   Zero   RW         1503    .bss.g_tlc          tlc5940.o
    0x20001938        -       0x00000048   Zero   RW           45    .bss.hadc1          adc.o
    0x20001980        -       0x00000060   Zero   RW           70    .bss.hdma_sdio_tx   sdio.o
    0x200019e0        -       0x00000060   Zero   RW           89    .bss.hdma_spi2_tx   spi.o
    0x20001a40        -       0x00000060   Zero   RW          135    .bss.hdma_usart2_rx  usart.o
    0x20001aa0        -       0x00000060   Zero   RW          134    .bss.hdma_usart2_tx  usart.o
    0x20001b00        -       0x00000060   Zero   RW          137    .bss.hdma_usart3_rx  usart.o
    0x20001b60        -       0x00000060   Zero   RW          136    .bss.hdma_usart3_tx  usart.o
    0x20001bc0        -       0x00000084   Zero   RW           69    .bss.hsd            sdio.o
    0x20001c44        -       0x00000058   Zero   RW           87    .bss.hspi1          spi.o
    0x20001c9c        -       0x00000058   Zero   RW           88    .bss.hspi2          spi.o
    0x20001cf4        -       0x00000048   Zero   RW          112    .bss.htim1          tim.o
    0x20001d3c        -       0x00000048   Zero   RW          113    .bss.htim2          tim.o
    0x20001d84        -       0x00000048   Zero   RW          114    .bss.htim6          tim.o
    0x20001dcc        -       0x00000048   Zero   RW          115    .bss.htim9          tim.o
    0x20001e14        -       0x00000048   Zero   RW          132    .bss.huart2         usart.o
    0x20001e5c        -       0x00000048   Zero   RW          133    .bss.huart3         usart.o
    0x20001ea4        -       0x00000004   Zero   RW         1457    .bss.read_ads_value  fnirs.o
    0x20001ea8        -       0x00000108   Zero   RW         1665    .bss.uart_rx        transmit.o
    0x20001fb0        -       0x00000004   Zero   RW          653    .bss.uwTick         stm32f4xx_hal.o
    0x20001fb4   0x08009768   0x00000004   PAD
    0x20001fb8        -       0x00000400   Zero   RW            1    STACK               startup_stm32f407xx.o


    Execution Region RW_IRAM2 (Exec base: 0x2001c000, Load base: 0x08009768, Size: 0x00000000, Max: 0x00004000, ABSOLUTE)

    **** No section assigned to this execution region ****


==============================================================================

Image component sizes


      Code (inc. data)   RO Data    RW Data    ZI Data      Debug   Object Name

       212          0          0          0         72       5255   adc.o
      1924        306         53          8         48      10561   ads1258.o
       276         32          0         24          4       3277   bat_adc.o
       516        144        133          1          0       5638   csnp32.o
       156          0          0          0          0       3510   dma.o
      2708        128          0          0       5360      10149   fnirs.o
       360          0          0          0          0       4333   gpio.o
       408         64          0          3          6       1794   key.o
       406         56          0          2          0       2248   led.o
       526         40          0          0          8       7018   main.o
       362          0          0          0        228       7606   sdio.o
       438          0          0          0        272       7349   spi.o
        36          8        392          0       1024        836   startup_stm32f407xx.o
       204          0          0          8          4       7300   stm32f4xx_hal.o
      1286          0          0          0          0      12288   stm32f4xx_hal_adc.o
       196          0          0          0          0      10754   stm32f4xx_hal_cortex.o
      1146          6          8          0          0      10731   stm32f4xx_hal_dma.o
       456          0          0          0          0       5328   stm32f4xx_hal_gpio.o
        56          0          0          0          0       1456   stm32f4xx_hal_msp.o
      1484          0          0          0          0       7471   stm32f4xx_hal_rcc.o
      3778          0          0          0          0      27841   stm32f4xx_hal_sd.o
      2156          0          0          0          0      26566   stm32f4xx_hal_spi.o
      2664         16          0          0          0      55659   stm32f4xx_hal_tim.o
       270          0          0          0          0      21019   stm32f4xx_hal_tim_ex.o
      4082          0          0          0          0      32382   stm32f4xx_hal_uart.o
       214          0          0          0          0       9563   stm32f4xx_it.o
      1750          0          0          0          0      21218   stm32f4xx_ll_sdmmc.o
        18          0         24          4          0       2584   system_stm32f4xx.o
       836          0          0          0        288      10835   tim.o
       680          0          0          0        188       8577   tlc5940.o
      3008        250         62          2       1052      18573   transmit.o
       614          0          0          0        528       7522   usart.o
       348          0          0          1          0       7301   utils.o

    ----------------------------------------------------------------------
     33784       1050        704         56       9088     374542   Object Totals
         0          0         32          0          0          0   (incl. Generated)
       210          0          0          3          6          0   (incl. Padding)

    ----------------------------------------------------------------------

      Code (inc. data)   RO Data    RW Data    ZI Data      Debug   Library Member Name

       280         28          0          0          0        156   ceil.o
         0          0          0          0          0          0   entry.o
         0          0          0          0          0          0   entry10a.o
         0          0          0          0          0          0   entry11a.o
         8          4          0          0          0          0   entry2.o
         4          0          0          0          0          0   entry5.o
         0          0          0          0          0          0   entry7b.o
         0          0          0          0          0          0   entry8b.o
         8          4          0          0          0          0   entry9a.o
        30          0          0          0          0          0   handlers.o
        48         10          0          0          0         68   init.o
         0          0          0          0          0          0   iusefp.o
        30          0          0          0          0         68   llshl.o
        36          0          0          0          0         68   llsshr.o
        32          0          0          0          0         68   llushr.o
        26          0          0          0          0         80   memcmp.o
        36          0          0          0          0         68   memcpya.o
        36          0          0          0          0        108   memseta.o
      2300         86          0          0          0        516   printfa.o
        44          0          0          0          0         80   uidiv.o
        98          0          0          0          0         92   uldiv.o
        48          0          0          0          0         68   cdrcmple.o
       334          0          0          0          0        148   dadd.o
       222          0          0          0          0        100   ddiv.o
       186          0          0          0          0        176   depilogue.o
        62          0          0          0          0         80   dfixi.o
        48          0          0          0          0         68   dfixul.o
        26          0          0          0          0         76   dfltui.o
       228          0          0          0          0         96   dmul.o
        38          0          0          0          0         68   f2d.o

    ----------------------------------------------------------------------
      4216        136          0          0          0       2252   Library Totals
         8          4          0          0          0          0   (incl. Padding)

    ----------------------------------------------------------------------

      Code (inc. data)   RO Data    RW Data    ZI Data      Debug   Library Name

       280         28          0          0          0        156   m_wm.l
      2736        104          0          0          0       1216   mc_w.l
      1192          0          0          0          0        880   mf_w.l

    ----------------------------------------------------------------------
      4216        136          0          0          0       2252   Library Totals

    ----------------------------------------------------------------------

==============================================================================


      Code (inc. data)   RO Data    RW Data    ZI Data      Debug   

     38000       1186        704         56       9088     375286   Grand Totals
     38000       1186        704         56       9088     375286   ELF Image Totals
     38000       1186        704         56          0          0   ROM Totals

==============================================================================

    Total RO  Size (Code + RO Data)                38704 (  37.80kB)
    Total RW  Size (RW Data + ZI Data)              9144 (   8.93kB)
    Total ROM Size (Code + RO Data + RW Data)      38760 (  37.85kB)

==============================================================================

