Component: Arm Compiler for Embedded 6.21 Tool: armlink [5ec1fa00]

==============================================================================

Section Cross References

    startup_stm32f407xx.o(RESET) refers to startup_stm32f407xx.o(STACK) for __initial_sp
    startup_stm32f407xx.o(RESET) refers to startup_stm32f407xx.o(.text) for Reset_Handler
    startup_stm32f407xx.o(RESET) refers to stm32f4xx_it.o(.text.NMI_Handler) for NMI_Handler
    startup_stm32f407xx.o(RESET) refers to stm32f4xx_it.o(.text.HardFault_Handler) for HardFault_Handler
    startup_stm32f407xx.o(RESET) refers to stm32f4xx_it.o(.text.MemManage_Handler) for MemManage_Handler
    startup_stm32f407xx.o(RESET) refers to stm32f4xx_it.o(.text.BusFault_Handler) for BusFault_Handler
    startup_stm32f407xx.o(RESET) refers to stm32f4xx_it.o(.text.UsageFault_Handler) for UsageFault_Handler
    startup_stm32f407xx.o(RESET) refers to stm32f4xx_it.o(.text.SVC_Handler) for SVC_Handler
    startup_stm32f407xx.o(RESET) refers to stm32f4xx_it.o(.text.DebugMon_Handler) for DebugMon_Handler
    startup_stm32f407xx.o(RESET) refers to stm32f4xx_it.o(.text.PendSV_Handler) for PendSV_Handler
    startup_stm32f407xx.o(RESET) refers to stm32f4xx_it.o(.text.SysTick_Handler) for SysTick_Handler
    startup_stm32f407xx.o(RESET) refers to stm32f4xx_it.o(.text.EXTI4_IRQHandler) for EXTI4_IRQHandler
    startup_stm32f407xx.o(RESET) refers to stm32f4xx_it.o(.text.DMA1_Stream1_IRQHandler) for DMA1_Stream1_IRQHandler
    startup_stm32f407xx.o(RESET) refers to stm32f4xx_it.o(.text.DMA1_Stream3_IRQHandler) for DMA1_Stream3_IRQHandler
    startup_stm32f407xx.o(RESET) refers to stm32f4xx_it.o(.text.DMA1_Stream4_IRQHandler) for DMA1_Stream4_IRQHandler
    startup_stm32f407xx.o(RESET) refers to stm32f4xx_it.o(.text.DMA1_Stream6_IRQHandler) for DMA1_Stream6_IRQHandler
    startup_stm32f407xx.o(RESET) refers to stm32f4xx_it.o(.text.TIM2_IRQHandler) for TIM2_IRQHandler
    startup_stm32f407xx.o(RESET) refers to stm32f4xx_it.o(.text.TIM4_IRQHandler) for TIM4_IRQHandler
    startup_stm32f407xx.o(RESET) refers to stm32f4xx_it.o(.text.SPI2_IRQHandler) for SPI2_IRQHandler
    startup_stm32f407xx.o(RESET) refers to stm32f4xx_it.o(.text.USART2_IRQHandler) for USART2_IRQHandler
    startup_stm32f407xx.o(RESET) refers to stm32f4xx_it.o(.text.USART3_IRQHandler) for USART3_IRQHandler
    startup_stm32f407xx.o(RESET) refers to stm32f4xx_it.o(.text.SDIO_IRQHandler) for SDIO_IRQHandler
    startup_stm32f407xx.o(RESET) refers to stm32f4xx_it.o(.text.TIM6_DAC_IRQHandler) for TIM6_DAC_IRQHandler
    startup_stm32f407xx.o(RESET) refers to stm32f4xx_it.o(.text.DMA2_Stream3_IRQHandler) for DMA2_Stream3_IRQHandler
    startup_stm32f407xx.o(.text) refers to system_stm32f4xx.o(.text.SystemInit) for SystemInit
    startup_stm32f407xx.o(.text) refers to entry.o(.ARM.Collect$$$$00000000) for __main
    main.o(.text.HAL_TIM_PeriodElapsedCallback) refers to tim.o(.bss.htim6) for htim6
    main.o(.text.HAL_TIM_PeriodElapsedCallback) refers to key.o(.text.KEY_Scan) for KEY_Scan
    main.o(.text.HAL_TIM_PeriodElapsedCallback) refers to main.o(.bss.HAL_TIM_PeriodElapsedCallback.__cnt) for HAL_TIM_PeriodElapsedCallback.__cnt
    main.o(.text.HAL_TIM_PeriodElapsedCallback) refers to bat_adc.o(.text.get_battery_status) for get_battery_status
    main.o(.text.HAL_TIM_PeriodElapsedCallback) refers to tim.o(.bss.htim2) for htim2
    main.o(.text.HAL_TIM_PeriodElapsedCallback) refers to stm32f4xx_hal_gpio.o(.text.HAL_GPIO_WritePin) for HAL_GPIO_WritePin
    main.o(.ARM.exidx.text.HAL_TIM_PeriodElapsedCallback) refers to main.o(.text.HAL_TIM_PeriodElapsedCallback) for [Anonymous Symbol]
    main.o(.text.HAL_TIM_IC_CaptureCallback) refers to tlc5940.o(.bss.g_tlc) for g_tlc
    main.o(.text.HAL_TIM_IC_CaptureCallback) refers to main.o(.bss.g_timer_ready_flag) for g_timer_ready_flag
    main.o(.ARM.exidx.text.HAL_TIM_IC_CaptureCallback) refers to main.o(.text.HAL_TIM_IC_CaptureCallback) for [Anonymous Symbol]
    main.o(.text.main) refers to stm32f4xx_hal.o(.text.HAL_Init) for HAL_Init
    main.o(.text.main) refers to main.o(.text.SystemClock_Config) for SystemClock_Config
    main.o(.text.main) refers to gpio.o(.text.MX_GPIO_Init) for MX_GPIO_Init
    main.o(.text.main) refers to dma.o(.text.MX_DMA_Init) for MX_DMA_Init
    main.o(.text.main) refers to adc.o(.text.MX_ADC1_Init) for MX_ADC1_Init
    main.o(.text.main) refers to sdio.o(.text.MX_SDIO_SD_Init) for MX_SDIO_SD_Init
    main.o(.text.main) refers to spi.o(.text.MX_SPI1_Init) for MX_SPI1_Init
    main.o(.text.main) refers to spi.o(.text.MX_SPI2_Init) for MX_SPI2_Init
    main.o(.text.main) refers to usart.o(.text.MX_USART3_UART_Init) for MX_USART3_UART_Init
    main.o(.text.main) refers to usart.o(.text.MX_USART2_UART_Init) for MX_USART2_UART_Init
    main.o(.text.main) refers to tim.o(.text.MX_TIM6_Init) for MX_TIM6_Init
    main.o(.text.main) refers to tim.o(.text.MX_TIM1_Init) for MX_TIM1_Init
[...]
    I2C1_ER_IRQHandler                       0x080001b7   Thumb Code     0  startup_stm32f407xx.o(.text)
    I2C1_EV_IRQHandler                       0x080001b7   Thumb Code     0  startup_stm32f407xx.o(.text)
    I2C2_ER_IRQHandler                       0x080001b7   Thumb Code     0  startup_stm32f407xx.o(.text)
    I2C2_EV_IRQHandler                       0x080001b7   Thumb Code     0  startup_stm32f407xx.o(.text)
    I2C3_ER_IRQHandler                       0x080001b7   Thumb Code     0  startup_stm32f407xx.o(.text)
    I2C3_EV_IRQHandler                       0x080001b7   Thumb Code     0  startup_stm32f407xx.o(.text)
    OTG_FS_IRQHandler                        0x080001b7   Thumb Code     0  startup_stm32f407xx.o(.text)
    OTG_FS_WKUP_IRQHandler                   0x080001b7   Thumb Code     0  startup_stm32f407xx.o(.text)
    OTG_HS_EP1_IN_IRQHandler                 0x080001b7   Thumb Code     0  startup_stm32f407xx.o(.text)
    OTG_HS_EP1_OUT_IRQHandler                0x080001b7   Thumb Code     0  startup_stm32f407xx.o(.text)
    OTG_HS_IRQHandler                        0x080001b7   Thumb Code     0  startup_stm32f407xx.o(.text)
    OTG_HS_WKUP_IRQHandler                   0x080001b7   Thumb Code     0  startup_stm32f407xx.o(.text)
    PVD_IRQHandler                           0x080001b7   Thumb Code     0  startup_stm32f407xx.o(.text)
    RCC_IRQHandler                           0x080001b7   Thumb Code     0  startup_stm32f407xx.o(.text)
    RTC_Alarm_IRQHandler                     0x080001b7   Thumb Code     0  startup_stm32f407xx.o(.text)
    RTC_WKUP_IRQHandler                      0x080001b7   Thumb Code     0  startup_stm32f407xx.o(.text)
    SPI1_IRQHandler                          0x080001b7   Thumb Code     0  startup_stm32f407xx.o(.text)
    SPI3_IRQHandler                          0x080001b7   Thumb Code     0  startup_stm32f407xx.o(.text)
    TAMP_STAMP_IRQHandler                    0x080001b7   Thumb Code     0  startup_stm32f407xx.o(.text)
    TIM1_BRK_TIM9_IRQHandler                 0x080001b7   Thumb Code     0  startup_stm32f407xx.o(.text)
    TIM1_CC_IRQHandler                       0x080001b7   Thumb Code     0  startup_stm32f407xx.o(.text)
    TIM1_TRG_COM_TIM11_IRQHandler            0x080001b7   Thumb Code     0  startup_stm32f407xx.o(.text)
    TIM1_UP_TIM10_IRQHandler                 0x080001b7   Thumb Code     0  startup_stm32f407xx.o(.text)
    TIM3_IRQHandler                          0x080001b7   Thumb Code     0  startup_stm32f407xx.o(.text)
    TIM5_IRQHandler                          0x080001b7   Thumb Code     0  startup_stm32f407xx.o(.text)
    TIM7_IRQHandler                          0x080001b7   Thumb Code     0  startup_stm32f407xx.o(.text)
    TIM8_BRK_TIM12_IRQHandler                0x080001b7   Thumb Code     0  startup_stm32f407xx.o(.text)
    TIM8_CC_IRQHandler                       0x080001b7   Thumb Code     0  startup_stm32f407xx.o(.text)
    TIM8_TRG_COM_TIM14_IRQHandler            0x080001b7   Thumb Code     0  startup_stm32f407xx.o(.text)
    TIM8_UP_TIM13_IRQHandler                 0x080001b7   Thumb Code     0  startup_stm32f407xx.o(.text)
    UART4_IRQHandler                         0x080001b7   Thumb Code     0  startup_stm32f407xx.o(.text)
    UART5_IRQHandler                         0x080001b7   Thumb Code     0  startup_stm32f407xx.o(.text)
    USART1_IRQHandler                        0x080001b7   Thumb Code     0  startup_stm32f407xx.o(.text)
    USART6_IRQHandler                        0x080001b7   Thumb Code     0  startup_stm32f407xx.o(.text)
    WWDG_IRQHandler                          0x080001b7   Thumb Code     0  startup_stm32f407xx.o(.text)
    __aeabi_uldivmod                         0x080001c1   Thumb Code    98  uldiv.o(.text)
    __aeabi_memcpy                           0x08000223   Thumb Code    36  memcpya.o(.text)
    __aeabi_memcpy4                          0x08000223   Thumb Code     0  memcpya.o(.text)
    __aeabi_memcpy8                          0x08000223   Thumb Code     0  memcpya.o(.text)
    __aeabi_memset                           0x08000247   Thumb Code    14  memseta.o(.text)
    __aeabi_memset4                          0x08000247   Thumb Code     0  memseta.o(.text)
    __aeabi_memset8                          0x08000247   Thumb Code     0  memseta.o(.text)
    __aeabi_memclr                           0x08000255   Thumb Code     4  memseta.o(.text)
    __aeabi_memclr4                          0x08000255   Thumb Code     0  memseta.o(.text)
    __aeabi_memclr8                          0x08000255   Thumb Code     0  memseta.o(.text)
    _memset$wrapper                          0x08000259   Thumb Code    18  memseta.o(.text)
    memcmp                                   0x0800026b   Thumb Code    26  memcmp.o(.text)
    __aeabi_ddiv                             0x08000285   Thumb Code   222  ddiv.o(.text)
    __aeabi_i2d                              0x08000363   Thumb Code    34  dflti.o(.text)
    __aeabi_d2iz                             0x08000385   Thumb Code    62  dfixi.o(.text)
    __aeabi_llsl                             0x080003c3   Thumb Code    30  llshl.o(.text)
    _ll_shift_l                              0x080003c3   Thumb Code     0  llshl.o(.text)
    __aeabi_llsr                             0x080003e1   Thumb Code    32  llushr.o(.text)
    _ll_ushift_r                             0x080003e1   Thumb Code     0  llushr.o(.text)
    __I$use$fp                               0x08000401   Thumb Code     0  iusefp.o(.text)
    _double_round                            0x08000401   Thumb Code    30  depilogue.o(.text)
    _double_epilogue                         0x0800041f   Thumb Code   156  depilogue.o(.text)
    __aeabi_dadd                             0x080004bb   Thumb Code   322  dadd.o(.text)
    __aeabi_dsub                             0x080005fd   Thumb Code     6  dadd.o(.text)
    __aeabi_drsub                            0x08000603   Thumb Code     6  dadd.o(.text)
    __aeabi_cdrcmple                         0x08000609   Thumb Code    48  cdrcmple.o(.text)
    __scatterload                            0x08000639   Thumb Code    38  init.o(.text)
    __scatterload_rt2                        0x08000639   Thumb Code     0  init.o(.text)
    __aeabi_lasr                             0x08000669   Thumb Code    36  llsshr.o(.text)
    _ll_sshift_r                             0x08000669   Thumb Code     0  llsshr.o(.text)
    BusFault_Handler                         0x08000819   Thumb Code     4  stm32f4xx_it.o(.text.BusFault_Handler)
    DMA1_Stream1_IRQHandler                  0x0800081d   Thumb Code    16  stm32f4xx_it.o(.text.DMA1_Stream1_IRQHandler)
    DMA1_Stream3_IRQHandler                  0x0800082d   Thumb Code    16  stm32f4xx_it.o(.text.DMA1_Stream3_IRQHandler)
    DMA1_Stream4_IRQHandler                  0x0800083d   Thumb Code    16  stm32f4xx_it.o(.text.DMA1_Stream4_IRQHandler)
    DMA1_Stream6_IRQHandler                  0x0800084d   Thumb Code    16  stm32f4xx_it.o(.text.DMA1_Stream6_IRQHandler)
    DMA2_Stream3_IRQHandler                  0x0800085d   Thumb Code    16  stm32f4xx_it.o(.text.DMA2_Stream3_IRQHandler)
    DebugMon_Handler                         0x08000a05   Thumb Code     2  stm32f4xx_it.o(.text.DebugMon_Handler)
    DebugPrintf                              0x08000a09   Thumb Code     8  utils.o(.text.DebugPrintf)
    Delay_us                                 0x08000a11   Thumb Code    16  utils.o(.text.Delay_us)
    EXTI4_IRQHandler                         0x08000a21   Thumb Code    10  stm32f4xx_it.o(.text.EXTI4_IRQHandler)
    Error_Handler                            0x08000a2d   Thumb Code    66  main.o(.text.Error_Handler)
    HAL_ADC_ConfigChannel                    0x08000a71   Thumb Code   536  stm32f4xx_hal_adc.o(.text.HAL_ADC_ConfigChannel)
    HAL_ADC_GetState                         0x08000c89   Thumb Code    12  stm32f4xx_hal_adc.o(.text.HAL_ADC_GetState)
    HAL_ADC_GetValue                         0x08000c95   Thumb Code    14  stm32f4xx_hal_adc.o(.text.HAL_ADC_GetValue)
    HAL_ADC_Init                             0x08000ca5   Thumb Code   168  stm32f4xx_hal_adc.o(.text.HAL_ADC_Init)
    HAL_ADC_MspInit                          0x08000d4d   Thumb Code   136  adc.o(.text.HAL_ADC_MspInit)
    HAL_ADC_PollForConversion                0x08000dd5   Thumb Code   298  stm32f4xx_hal_adc.o(.text.HAL_ADC_PollForConversion)
    HAL_ADC_Start                            0x08000f01   Thumb Code   464  stm32f4xx_hal_adc.o(.text.HAL_ADC_Start)
    HAL_ADC_Stop                             0x080010d1   Thumb Code   108  stm32f4xx_hal_adc.o(.text.HAL_ADC_Stop)
    HAL_DMA_Abort                            0x0800113d   Thumb Code   236  stm32f4xx_hal_dma.o(.text.HAL_DMA_Abort)
    HAL_DMA_Abort_IT                         0x08001229   Thumb Code    68  stm32f4xx_hal_dma.o(.text.HAL_DMA_Abort_IT)
    HAL_DMA_GetError                         0x0800126d   Thumb Code    12  stm32f4xx_hal_dma.o(.text.HAL_DMA_GetError)
    HAL_DMA_IRQHandler                       0x08001279   Thumb Code   798  stm32f4xx_hal_dma.o(.text.HAL_DMA_IRQHandler)
    HAL_DMA_Init                             0x08001599   Thumb Code   366  stm32f4xx_hal_dma.o(.text.HAL_DMA_Init)
    HAL_DMA_Start_IT                         0x08001709   Thumb Code   194  stm32f4xx_hal_dma.o(.text.HAL_DMA_Start_IT)
    HAL_Delay                                0x080017cd   Thumb Code    66  stm32f4xx_hal.o(.text.HAL_Delay)
    HAL_GPIO_EXTI_Callback                   0x08001811   Thumb Code    32  fnirs.o(.text.HAL_GPIO_EXTI_Callback)
    HAL_GPIO_EXTI_IRQHandler                 0x08001831   Thumb Code    56  stm32f4xx_hal_gpio.o(.text.HAL_GPIO_EXTI_IRQHandler)
    HAL_GPIO_Init                            0x08001869   Thumb Code   950  stm32f4xx_hal_gpio.o(.text.HAL_GPIO_Init)
    HAL_GPIO_ReadPin                         0x08001c21   Thumb Code    46  stm32f4xx_hal_gpio.o(.text.HAL_GPIO_ReadPin)
    HAL_GPIO_WritePin                        0x08001c51   Thumb Code    46  stm32f4xx_hal_gpio.o(.text.HAL_GPIO_WritePin)
    HAL_GetTick                              0x08001c81   Thumb Code    12  stm32f4xx_hal.o(.text.HAL_GetTick)
    HAL_IncTick                              0x08001c8d   Thumb Code    26  stm32f4xx_hal.o(.text.HAL_IncTick)
    HAL_Init                                 0x08001ca9   Thumb Code    60  stm32f4xx_hal.o(.text.HAL_Init)
    HAL_InitTick                             0x08001ce5   Thumb Code   112  stm32f4xx_hal.o(.text.HAL_InitTick)
    HAL_MspInit                              0x08001d55   Thumb Code    74  stm32f4xx_hal_msp.o(.text.HAL_MspInit)
    HAL_NVIC_EnableIRQ                       0x08001da1   Thumb Code    20  stm32f4xx_hal_cortex.o(.text.HAL_NVIC_EnableIRQ)
    HAL_NVIC_SetPriority                     0x08001db5   Thumb Code    50  stm32f4xx_hal_cortex.o(.text.HAL_NVIC_SetPriority)
    HAL_NVIC_SetPriorityGrouping             0x08001de9   Thumb Code    16  stm32f4xx_hal_cortex.o(.text.HAL_NVIC_SetPriorityGrouping)
    HAL_RCC_ClockConfig                      0x08001df9   Thumb Code   610  stm32f4xx_hal_rcc.o(.text.HAL_RCC_ClockConfig)
    HAL_RCC_GetHCLKFreq                      0x0800205d   Thumb Code    12  stm32f4xx_hal_rcc.o(.text.HAL_RCC_GetHCLKFreq)
    HAL_RCC_GetPCLK1Freq                     0x08002069   Thumb Code    34  stm32f4xx_hal_rcc.o(.text.HAL_RCC_GetPCLK1Freq)
    HAL_RCC_GetPCLK2Freq                     0x0800208d   Thumb Code    34  stm32f4xx_hal_rcc.o(.text.HAL_RCC_GetPCLK2Freq)
    HAL_RCC_GetSysClockFreq                  0x080020b1   Thumb Code   230  stm32f4xx_hal_rcc.o(.text.HAL_RCC_GetSysClockFreq)
    HAL_RCC_OscConfig                        0x08002199   Thumb Code  1726  stm32f4xx_hal_rcc.o(.text.HAL_RCC_OscConfig)
    HAL_SD_AbortCallback                     0x08002859   Thumb Code     8  stm32f4xx_hal_sd.o(.text.HAL_SD_AbortCallback)
    HAL_SD_ConfigWideBusOperation            0x08002861   Thumb Code   316  stm32f4xx_hal_sd.o(.text.HAL_SD_ConfigWideBusOperation)
    HAL_SD_Erase                             0x0800299d   Thumb Code   446  stm32f4xx_hal_sd.o(.text.HAL_SD_Erase)
    HAL_SD_ErrorCallback                     0x08002b5d   Thumb Code     8  stm32f4xx_hal_sd.o(.text.HAL_SD_ErrorCallback)
    HAL_SD_GetCardCID                        0x08002b65   Thumb Code   128  stm32f4xx_hal_sd.o(.text.HAL_SD_GetCardCID)
    HAL_SD_GetCardCSD                        0x08002be5   Thumb Code   650  stm32f4xx_hal_sd.o(.text.HAL_SD_GetCardCSD)
    HAL_SD_GetCardState                      0x08002e71   Thumb Code    52  stm32f4xx_hal_sd.o(.text.HAL_SD_GetCardState)
    HAL_SD_GetCardStatus                     0x08002ea5   Thumb Code   250  stm32f4xx_hal_sd.o(.text.HAL_SD_GetCardStatus)
    HAL_SD_IRQHandler                        0x08002fa1   Thumb Code   838  stm32f4xx_hal_sd.o(.text.HAL_SD_IRQHandler)
    HAL_SD_Init                              0x080032e9   Thumb Code   102  stm32f4xx_hal_sd.o(.text.HAL_SD_Init)
    HAL_SD_InitCard                          0x08003351   Thumb Code   244  stm32f4xx_hal_sd.o(.text.HAL_SD_InitCard)
    HAL_SD_MspInit                           0x08003445   Thumb Code   380  sdio.o(.text.HAL_SD_MspInit)
    HAL_SD_ReadBlocks                        0x080035c1   Thumb Code  1044  stm32f4xx_hal_sd.o(.text.HAL_SD_ReadBlocks)
    HAL_SD_RxCpltCallback                    0x080039d5   Thumb Code     8  stm32f4xx_hal_sd.o(.text.HAL_SD_RxCpltCallback)
    HAL_SD_TxCpltCallback                    0x080039dd   Thumb Code    42  csnp32.o(.text.HAL_SD_TxCpltCallback)
    HAL_SD_WriteBlocks_DMA                   0x08003a09   Thumb Code   472  stm32f4xx_hal_sd.o(.text.HAL_SD_WriteBlocks_DMA)
    HAL_SPI_ErrorCallback                    0x08003be1   Thumb Code     8  stm32f4xx_hal_spi.o(.text.HAL_SPI_ErrorCallback)
    HAL_SPI_IRQHandler                       0x08003be9   Thumb Code   560  stm32f4xx_hal_spi.o(.text.HAL_SPI_IRQHandler)
    HAL_SPI_Init                             0x08003e19   Thumb Code   256  stm32f4xx_hal_spi.o(.text.HAL_SPI_Init)
    HAL_SPI_MspInit                          0x08003f19   Thumb Code   372  spi.o(.text.HAL_SPI_MspInit)
    HAL_SPI_TransmitReceive                  0x0800408d   Thumb Code   930  stm32f4xx_hal_spi.o(.text.HAL_SPI_TransmitReceive)
    HAL_SPI_Transmit_DMA                     0x08004431   Thumb Code   364  stm32f4xx_hal_spi.o(.text.HAL_SPI_Transmit_DMA)
    HAL_SPI_TxCpltCallback                   0x0800459d   Thumb Code    60  transmit.o(.text.HAL_SPI_TxCpltCallback)
    HAL_SPI_TxHalfCpltCallback               0x080045d9   Thumb Code     8  stm32f4xx_hal_spi.o(.text.HAL_SPI_TxHalfCpltCallback)
    HAL_SYSTICK_Config                       0x080045e1   Thumb Code    16  stm32f4xx_hal_cortex.o(.text.HAL_SYSTICK_Config)
    HAL_TIMEx_BreakCallback                  0x080045f1   Thumb Code     8  stm32f4xx_hal_tim_ex.o(.text.HAL_TIMEx_BreakCallback)
    HAL_TIMEx_CommutCallback                 0x080045f9   Thumb Code     8  stm32f4xx_hal_tim_ex.o(.text.HAL_TIMEx_CommutCallback)
    HAL_TIMEx_ConfigBreakDeadTime            0x08004601   Thumb Code   178  stm32f4xx_hal_tim_ex.o(.text.HAL_TIMEx_ConfigBreakDeadTime)
    HAL_TIMEx_MasterConfigSynchronization    0x080046b5   Thumb Code   290  stm32f4xx_hal_tim_ex.o(.text.HAL_TIMEx_MasterConfigSynchronization)
    HAL_TIM_Base_Init                        0x080047d9   Thumb Code   156  stm32f4xx_hal_tim.o(.text.HAL_TIM_Base_Init)
    HAL_TIM_Base_MspInit                     0x08004875   Thumb Code   356  tim.o(.text.HAL_TIM_Base_MspInit)
    HAL_TIM_Base_Start_IT                    0x080049d9   Thumb Code   246  stm32f4xx_hal_tim.o(.text.HAL_TIM_Base_Start_IT)
    HAL_TIM_Base_Stop_IT                     0x08004ad1   Thumb Code    82  stm32f4xx_hal_tim.o(.text.HAL_TIM_Base_Stop_IT)
    HAL_TIM_ConfigClockSource                0x08004b25   Thumb Code   388  stm32f4xx_hal_tim.o(.text.HAL_TIM_ConfigClockSource)
    HAL_TIM_IC_CaptureCallback               0x08004ca9   Thumb Code   168  main.o(.text.HAL_TIM_IC_CaptureCallback)
    HAL_TIM_IC_ConfigChannel                 0x08004d51   Thumb Code   304  stm32f4xx_hal_tim.o(.text.HAL_TIM_IC_ConfigChannel)
    HAL_TIM_IC_Init                          0x08004e81   Thumb Code   156  stm32f4xx_hal_tim.o(.text.HAL_TIM_IC_Init)
    HAL_TIM_IC_MspInit                       0x08004f1d   Thumb Code     8  stm32f4xx_hal_tim.o(.text.HAL_TIM_IC_MspInit)
    HAL_TIM_IC_Start_IT                      0x08004f25   Thumb Code   678  stm32f4xx_hal_tim.o(.text.HAL_TIM_IC_Start_IT)
    HAL_TIM_IC_Stop_IT                       0x080051cd   Thumb Code   346  stm32f4xx_hal_tim.o(.text.HAL_TIM_IC_Stop_IT)
    HAL_TIM_IRQHandler                       0x08005329   Thumb Code   538  stm32f4xx_hal_tim.o(.text.HAL_TIM_IRQHandler)
    HAL_TIM_MspPostInit                      0x08005545   Thumb Code   194  tim.o(.text.HAL_TIM_MspPostInit)
    HAL_TIM_OC_DelayElapsedCallback          0x08005609   Thumb Code     8  stm32f4xx_hal_tim.o(.text.HAL_TIM_OC_DelayElapsedCallback)
    HAL_TIM_PWM_ConfigChannel                0x08005611   Thumb Code   322  stm32f4xx_hal_tim.o(.text.HAL_TIM_PWM_ConfigChannel)
    HAL_TIM_PWM_Init                         0x08005755   Thumb Code   156  stm32f4xx_hal_tim.o(.text.HAL_TIM_PWM_Init)
    HAL_TIM_PWM_MspInit                      0x080057f1   Thumb Code     8  stm32f4xx_hal_tim.o(.text.HAL_TIM_PWM_MspInit)
    HAL_TIM_PWM_PulseFinishedCallback        0x080057f9   Thumb Code     8  stm32f4xx_hal_tim.o(.text.HAL_TIM_PWM_PulseFinishedCallback)
    HAL_TIM_PWM_Start                        0x08005801   Thumb Code   458  stm32f4xx_hal_tim.o(.text.HAL_TIM_PWM_Start)
    HAL_TIM_PWM_Stop                         0x080059cd   Thumb Code   262  stm32f4xx_hal_tim.o(.text.HAL_TIM_PWM_Stop)
    HAL_TIM_PeriodElapsedCallback            0x08005ad5   Thumb Code   150  main.o(.text.HAL_TIM_PeriodElapsedCallback)
    HAL_TIM_SlaveConfigSynchro               0x08005b6d   Thumb Code   150  stm32f4xx_hal_tim.o(.text.HAL_TIM_SlaveConfigSynchro)
    HAL_TIM_TriggerCallback                  0x08005c05   Thumb Code     8  stm32f4xx_hal_tim.o(.text.HAL_TIM_TriggerCallback)
    HAL_UARTEx_RxEventCallback               0x08005c0d   Thumb Code    12  stm32f4xx_hal_uart.o(.text.HAL_UARTEx_RxEventCallback)
    HAL_UART_DMAStop                         0x08005c19   Thumb Code   204  stm32f4xx_hal_uart.o(.text.HAL_UART_DMAStop)
    HAL_UART_ErrorCallback                   0x08005ce5   Thumb Code     8  stm32f4xx_hal_uart.o(.text.HAL_UART_ErrorCallback)
    HAL_UART_IRQHandler                      0x08005ced   Thumb Code  1116  stm32f4xx_hal_uart.o(.text.HAL_UART_IRQHandler)
    HAL_UART_Init                            0x08006149   Thumb Code   158  stm32f4xx_hal_uart.o(.text.HAL_UART_Init)
    HAL_UART_MspInit                         0x080061e9   Thumb Code   564  usart.o(.text.HAL_UART_MspInit)
    HAL_UART_Receive_DMA                     0x0800641d   Thumb Code    86  stm32f4xx_hal_uart.o(.text.HAL_UART_Receive_DMA)
    HAL_UART_RxCpltCallback                  0x08006475   Thumb Code     8  stm32f4xx_hal_uart.o(.text.HAL_UART_RxCpltCallback)
    HAL_UART_RxHalfCpltCallback              0x0800647d   Thumb Code     8  stm32f4xx_hal_uart.o(.text.HAL_UART_RxHalfCpltCallback)
    HAL_UART_RxIdleCallback                  0x08006485   Thumb Code   192  transmit.o(.text.HAL_UART_RxIdleCallback)
    HAL_UART_Transmit_DMA                    0x08006545   Thumb Code   252  stm32f4xx_hal_uart.o(.text.HAL_UART_Transmit_DMA)
    HAL_UART_TxCpltCallback                  0x08006641   Thumb Code   124  transmit.o(.text.HAL_UART_TxCpltCallback)
    HAL_UART_TxHalfCpltCallback              0x080066bd   Thumb Code     8  stm32f4xx_hal_uart.o(.text.HAL_UART_TxHalfCpltCallback)
    HardFault_Handler                        0x080066c5   Thumb Code    42  stm32f4xx_it.o(.text.HardFault_Handler)
    KEY_Scan                                 0x080066f1   Thumb Code   670  key.o(.text.KEY_Scan)
    MX_ADC1_Init                             0x08006991   Thumb Code   128  adc.o(.text.MX_ADC1_Init)
    MX_DMA_Init                              0x08006a11   Thumb Code   170  dma.o(.text.MX_DMA_Init)
    MX_GPIO_Init                             0x08006abd   Thumb Code   512  gpio.o(.text.MX_GPIO_Init)
    MX_SDIO_SD_Init                          0x08006cbd   Thumb Code   160  sdio.o(.text.MX_SDIO_SD_Init)
    MX_SPI1_Init                             0x08006d5d   Thumb Code    78  spi.o(.text.MX_SPI1_Init)
    MX_SPI2_Init                             0x08006dad   Thumb Code    78  spi.o(.text.MX_SPI2_Init)
    MX_TIM1_Init                             0x08006dfd   Thumb Code   286  tim.o(.text.MX_TIM1_Init)
    MX_TIM2_Init                             0x08006f1d   Thumb Code   130  tim.o(.text.MX_TIM2_Init)
    MX_TIM4_Init                             0x08006fa1   Thumb Code   294  tim.o(.text.MX_TIM4_Init)
    MX_TIM6_Init                             0x080070c9   Thumb Code    92  tim.o(.text.MX_TIM6_Init)
    MX_USART2_UART_Init                      0x08007125   Thumb Code    68  usart.o(.text.MX_USART2_UART_Init)
    MX_USART3_UART_Init                      0x08007169   Thumb Code    68  usart.o(.text.MX_USART3_UART_Init)
    MemManage_Handler                        0x080071ad   Thumb Code     4  stm32f4xx_it.o(.text.MemManage_Handler)
    NMI_Handler                              0x080071b1   Thumb Code     4  stm32f4xx_it.o(.text.NMI_Handler)
    PendSV_Handler                           0x08007221   Thumb Code     2  stm32f4xx_it.o(.text.PendSV_Handler)
    ReadDataDirect                           0x08007225   Thumb Code    72  ads1258.o(.text.ReadDataDirect)
    SDIO_ConfigData                          0x0800726d   Thumb Code    72  stm32f4xx_ll_sdmmc.o(.text.SDIO_ConfigData)
    SDIO_GetCommandResponse                  0x080072b5   Thumb Code    14  stm32f4xx_ll_sdmmc.o(.text.SDIO_GetCommandResponse)
    SDIO_GetPowerState                       0x080072c5   Thumb Code    16  stm32f4xx_ll_sdmmc.o(.text.SDIO_GetPowerState)
    SDIO_GetResponse                         0x080072d5   Thumb Code    24  stm32f4xx_ll_sdmmc.o(.text.SDIO_GetResponse)
    SDIO_IRQHandler                          0x080072ed   Thumb Code    16  stm32f4xx_it.o(.text.SDIO_IRQHandler)
    SDIO_Init                                0x080072fd   Thumb Code    90  stm32f4xx_ll_sdmmc.o(.text.SDIO_Init)
    SDIO_PowerState_ON                       0x08007359   Thumb Code    16  stm32f4xx_ll_sdmmc.o(.text.SDIO_PowerState_ON)
    SDIO_ReadFIFO                            0x08007369   Thumb Code    14  stm32f4xx_ll_sdmmc.o(.text.SDIO_ReadFIFO)
    SDIO_SendCommand                         0x08007379   Thumb Code    66  stm32f4xx_ll_sdmmc.o(.text.SDIO_SendCommand)
    SDIO_WriteFIFO                           0x080073bd   Thumb Code    22  stm32f4xx_ll_sdmmc.o(.text.SDIO_WriteFIFO)
    SDMMC_CmdAppCommand                      0x080073d5   Thumb Code    60  stm32f4xx_ll_sdmmc.o(.text.SDMMC_CmdAppCommand)
    SDMMC_CmdAppOperCommand                  0x08007411   Thumb Code    60  stm32f4xx_ll_sdmmc.o(.text.SDMMC_CmdAppOperCommand)
    SDMMC_CmdBlockLength                     0x0800744d   Thumb Code    60  stm32f4xx_ll_sdmmc.o(.text.SDMMC_CmdBlockLength)
    SDMMC_CmdBusWidth                        0x08007489   Thumb Code    60  stm32f4xx_ll_sdmmc.o(.text.SDMMC_CmdBusWidth)
    SDMMC_CmdErase                           0x080074c5   Thumb Code    56  stm32f4xx_ll_sdmmc.o(.text.SDMMC_CmdErase)
    SDMMC_CmdGoIdleState                     0x080074fd   Thumb Code    44  stm32f4xx_ll_sdmmc.o(.text.SDMMC_CmdGoIdleState)
    SDMMC_CmdOperCond                        0x08007529   Thumb Code    52  stm32f4xx_ll_sdmmc.o(.text.SDMMC_CmdOperCond)
    SDMMC_CmdReadMultiBlock                  0x0800755d   Thumb Code    60  stm32f4xx_ll_sdmmc.o(.text.SDMMC_CmdReadMultiBlock)
    SDMMC_CmdReadSingleBlock                 0x08007599   Thumb Code    60  stm32f4xx_ll_sdmmc.o(.text.SDMMC_CmdReadSingleBlock)
    SDMMC_CmdSDEraseEndAdd                   0x080075d5   Thumb Code    60  stm32f4xx_ll_sdmmc.o(.text.SDMMC_CmdSDEraseEndAdd)
    SDMMC_CmdSDEraseStartAdd                 0x08007611   Thumb Code    60  stm32f4xx_ll_sdmmc.o(.text.SDMMC_CmdSDEraseStartAdd)
    SDMMC_CmdSelDesel                        0x0800764d   Thumb Code    62  stm32f4xx_ll_sdmmc.o(.text.SDMMC_CmdSelDesel)
    SDMMC_CmdSendCID                         0x0800768d   Thumb Code    48  stm32f4xx_ll_sdmmc.o(.text.SDMMC_CmdSendCID)
    SDMMC_CmdSendCSD                         0x080076bd   Thumb Code    52  stm32f4xx_ll_sdmmc.o(.text.SDMMC_CmdSendCSD)
    SDMMC_CmdSendSCR                         0x080076f1   Thumb Code    56  stm32f4xx_ll_sdmmc.o(.text.SDMMC_CmdSendSCR)
    SDMMC_CmdSendStatus                      0x08007729   Thumb Code    60  stm32f4xx_ll_sdmmc.o(.text.SDMMC_CmdSendStatus)
    SDMMC_CmdSetRelAdd                       0x08007765   Thumb Code    56  stm32f4xx_ll_sdmmc.o(.text.SDMMC_CmdSetRelAdd)
    SDMMC_CmdStatusRegister                  0x0800779d   Thumb Code    56  stm32f4xx_ll_sdmmc.o(.text.SDMMC_CmdStatusRegister)
    SDMMC_CmdStopTransfer                    0x080077d5   Thumb Code    60  stm32f4xx_ll_sdmmc.o(.text.SDMMC_CmdStopTransfer)
    SDMMC_CmdWriteMultiBlock                 0x08007811   Thumb Code    60  stm32f4xx_ll_sdmmc.o(.text.SDMMC_CmdWriteMultiBlock)
    SDMMC_CmdWriteSingleBlock                0x0800784d   Thumb Code    60  stm32f4xx_ll_sdmmc.o(.text.SDMMC_CmdWriteSingleBlock)
    SDMMC_GetCmdResp1                        0x080078e5   Thumb Code   582  stm32f4xx_ll_sdmmc.o(.text.SDMMC_GetCmdResp1)
    SDMMC_GetCmdResp2                        0x08007b2d   Thumb Code   168  stm32f4xx_ll_sdmmc.o(.text.SDMMC_GetCmdResp2)
    SDMMC_GetCmdResp3                        0x08007bd5   Thumb Code   146  stm32f4xx_ll_sdmmc.o(.text.SDMMC_GetCmdResp3)
    SDMMC_GetCmdResp6                        0x08007c69   Thumb Code   276  stm32f4xx_ll_sdmmc.o(.text.SDMMC_GetCmdResp6)
    SDMMC_GetCmdResp7                        0x08007d7d   Thumb Code   182  stm32f4xx_ll_sdmmc.o(.text.SDMMC_GetCmdResp7)
    SPI2_IRQHandler                          0x08008891   Thumb Code    16  stm32f4xx_it.o(.text.SPI2_IRQHandler)
    SVC_Handler                              0x08008bad   Thumb Code     2  stm32f4xx_it.o(.text.SVC_Handler)
    SwitchLED                                0x08008bb1   Thumb Code    94  led.o(.text.SwitchLED)
    SwitchOff                                0x08008c11   Thumb Code   114  led.o(.text.SwitchOff)
    SwitchOn                                 0x08008c85   Thumb Code   116  led.o(.text.SwitchOn)
    SysTick_Handler                          0x08008d4d   Thumb Code     8  stm32f4xx_it.o(.text.SysTick_Handler)
    SystemClock_Config                       0x08008d55   Thumb Code   188  main.o(.text.SystemClock_Config)
    SystemInit                               0x08008e11   Thumb Code    18  system_stm32f4xx.o(.text.SystemInit)
    TIM2_IRQHandler                          0x08008e25   Thumb Code    16  stm32f4xx_it.o(.text.TIM2_IRQHandler)
    TIM4_IRQHandler                          0x08008e35   Thumb Code    16  stm32f4xx_it.o(.text.TIM4_IRQHandler)
    TIM6_DAC_IRQHandler                      0x08008e45   Thumb Code    16  stm32f4xx_it.o(.text.TIM6_DAC_IRQHandler)
    TIM_Base_SetConfig                       0x08008e55   Thumb Code   420  stm32f4xx_hal_tim.o(.text.TIM_Base_SetConfig)
    TIM_CCxChannelCmd                        0x08008ff9   Thumb Code    54  stm32f4xx_hal_tim.o(.text.TIM_CCxChannelCmd)
    TIM_ETR_SetConfig                        0x08009031   Thumb Code    52  stm32f4xx_hal_tim.o(.text.TIM_ETR_SetConfig)
    TIM_OC2_SetConfig                        0x0800917d   Thumb Code   244  stm32f4xx_hal_tim.o(.text.TIM_OC2_SetConfig)
    TIM_TI1_SetConfig                        0x08009581   Thumb Code   278  stm32f4xx_hal_tim.o(.text.TIM_TI1_SetConfig)
    UART_Start_Receive_DMA                   0x08009e1d   Thumb Code   304  stm32f4xx_hal_uart.o(.text.UART_Start_Receive_DMA)
    USART2_IRQHandler                        0x08009fe1   Thumb Code    16  stm32f4xx_it.o(.text.USART2_IRQHandler)
    USART3_IRQHandler                        0x08009ff1   Thumb Code    28  stm32f4xx_it.o(.text.USART3_IRQHandler)
    UsageFault_Handler                       0x0800a00d   Thumb Code     4  stm32f4xx_it.o(.text.UsageFault_Handler)
    ads1258init                              0x0800a41d   Thumb Code   278  ads1258.o(.text.ads1258init)
    calculate_crc16                          0x0800a535   Thumb Code   102  transmit.o(.text.calculate_crc16)
    convert_voltage_to_percentage            0x0800a59d   Thumb Code   140  bat_adc.o(.text.convert_voltage_to_percentage)
    count_channel_info                       0x0800a629   Thumb Code   250  ads1258.o(.text.count_channel_info)
    decode_received_command                  0x0800a725   Thumb Code   504  transmit.o(.text.decode_received_command)
    delay_microseconds                       0x0800a91d   Thumb Code   222  utils.o(.text.delay_microseconds)
    detect_battery_status                    0x0800a9fd   Thumb Code   208  bat_adc.o(.text.detect_battery_status)
    determine_battery_status                 0x0800aacd   Thumb Code    58  bat_adc.o(.text.determine_battery_status)
    encode_command_response                  0x0800ab09   Thumb Code    96  transmit.o(.text.encode_command_response)
    fnirs_struct_init                        0x0800ab69   Thumb Code    82  fnirs.o(.text.fnirs_struct_init)
    generate_crc16_table                     0x0800abbd   Thumb Code   144  transmit.o(.text.generate_crc16_table)
    get_battery_percentage                   0x0800ac4d   Thumb Code    12  bat_adc.o(.text.get_battery_percentage)
    get_battery_status                       0x0800ac59   Thumb Code    18  bat_adc.o(.text.get_battery_status)
    handle_channel_config_command            0x0800ac71   Thumb Code   456  transmit.o(.text.handle_channel_config_command)
    handle_critical_battery_level            0x0800ae41   Thumb Code   108  bat_adc.o(.text.handle_critical_battery_level)
    handle_data_supplement_request           0x0800aead   Thumb Code    74  transmit.o(.text.handle_data_supplement_request)
    handle_low_battery_warning               0x0800aef9   Thumb Code    98  bat_adc.o(.text.handle_low_battery_warning)
    handle_sample_rate_command               0x0800af5d   Thumb Code   346  transmit.o(.text.handle_sample_rate_command)
    init_data_frame                          0x0800b0b9   Thumb Code   104  transmit.o(.text.init_data_frame)
    init_data_frame_module                   0x0800b121   Thumb Code   138  transmit.o(.text.init_data_frame_module)
    init_tlc_struct                          0x0800b1ad   Thumb Code   162  tlc5940.o(.text.init_tlc_struct)
    main                                     0x0800b251   Thumb Code   248  main.o(.text.main)
    nirs_config                              0x0800b349   Thumb Code   498  fnirs.o(.text.nirs_config)
    nirs_data_collect                        0x0800b53d   Thumb Code   148  fnirs.o(.text.nirs_data_collect)
    nirs_data_send                           0x0800b5d1   Thumb Code   204  fnirs.o(.text.nirs_data_send)
    nirs_init                                0x0800b69d   Thumb Code    36  fnirs.o(.text.nirs_init)
    nirs_set_sample_rate                     0x0800b6c1   Thumb Code   176  fnirs.o(.text.nirs_set_sample_rate)
    nirs_start                               0x0800b771   Thumb Code    96  fnirs.o(.text.nirs_start)
    nirs_stop                                0x0800b7d1   Thumb Code   128  fnirs.o(.text.nirs_stop)
    nirs_timer_handle                        0x0800b851   Thumb Code   312  fnirs.o(.text.nirs_timer_handle)
    readMultipleRegisters                    0x0800b989   Thumb Code   136  ads1258.o(.text.readMultipleRegisters)
    readSingleRegister                       0x0800ba11   Thumb Code   110  ads1258.o(.text.readSingleRegister)
    reverse_array                            0x0800ba81   Thumb Code    76  utils.o(.text.reverse_array)
    sd_read_nirs                             0x0800bacd   Thumb Code   194  fnirs.o(.text.sd_read_nirs)
    sdio_init                                0x0800bb91   Thumb Code   654  csnp32.o(.text.sdio_init)
    sdio_read                                0x0800be21   Thumb Code   336  csnp32.o(.text.sdio_read)
    sdio_write                               0x0800bf71   Thumb Code   544  csnp32.o(.text.sdio_write)
    set_ads_channel                          0x0800c191   Thumb Code    36  ads1258.o(.text.set_ads_channel)
    set_led_color                            0x0800c1b5   Thumb Code   686  led.o(.text.set_led_color)
    spi_transmit_dma                         0x0800c465   Thumb Code   180  transmit.o(.text.spi_transmit_dma)
    start_debug_dma_transfer                 0x0800c519   Thumb Code   250  utils.o(.text.start_debug_dma_transfer)
    stopConversions                          0x0800c615   Thumb Code    18  ads1258.o(.text.stopConversions)
    tlc5940_init                             0x0800c629   Thumb Code   170  tlc5940.o(.text.tlc5940_init)
    tlcSetDC                                 0x0800c6d5   Thumb Code   386  tlc5940.o(.text.tlcSetDC)
    tlcSetGS                                 0x0800c859   Thumb Code   274  tlc5940.o(.text.tlcSetGS)
    uart_transmit_dma                        0x0800c96d   Thumb Code   160  transmit.o(.text.uart_transmit_dma)
    writeMultipleRegisters                   0x0800ca0d   Thumb Code   126  ads1258.o(.text.writeMultipleRegisters)
    writeTLC                                 0x0800ca8d   Thumb Code   146  tlc5940.o(.text.writeTLC)
    __hardfp_ceil                            0x0800cb21   Thumb Code   252  ceil.o(i.__hardfp_ceil)
    __scatterload_copy                       0x0800cc39   Thumb Code    14  handlers.o(i.__scatterload_copy)
    __scatterload_null                       0x0800cc47   Thumb Code     2  handlers.o(i.__scatterload_null)
    __scatterload_zeroinit                   0x0800cc49   Thumb Code    14  handlers.o(i.__scatterload_zeroinit)
    AHBPrescTable                            0x0800cc56   Data          16  system_stm32f4xx.o(.rodata.AHBPrescTable)
    APBPrescTable                            0x0800cc66   Data           8  system_stm32f4xx.o(.rodata.APBPrescTable)
    Region$$Table$$Base                      0x0800daec   Number         0  anon$$obj.o(Region$$Table)
    Region$$Table$$Limit                     0x0800db0c   Number         0  anon$$obj.o(Region$$Table)
    SystemCoreClock                          0x20000004   Data           4  system_stm32f4xx.o(.data.SystemCoreClock)
    g_debug_uart_tx_complete                 0x20000009   Data           1  utils.o(.data.g_debug_uart_tx_complete)
    g_sd_write_ready                         0x2000000a   Data           1  csnp32.o(.data.g_sd_write_ready)
    g_spi_tx_complete                        0x2000000b   Data           1  transmit.o(.data.g_spi_tx_complete)
    g_uart_tx_complete                       0x2000000c   Data           1  transmit.o(.data.g_uart_tx_complete)
    uwTickFreq                               0x2000000e   Data           1  stm32f4xx_hal.o(.data.uwTickFreq)
    uwTickPrio                               0x20000010   Data           4  stm32f4xx_hal.o(.data.uwTickPrio)
    channel                                  0x20000024   Data          36  ads1258.o(.bss.channel)
    g_adc_sample                             0x2000004c   Data          76  fnirs.o(.bss.g_adc_sample)
    g_crc16_table                            0x2000009c   Data         512  transmit.o(.bss.g_crc16_table)
    g_debug_buffer                           0x2000029c   Data        1292  utils.o(.bss.g_debug_buffer)
    g_fnirs_ctx                              0x200007a8   Data        5360  fnirs.o(.bss.g_fnirs_ctx)
    g_fnirs_ready_flag                       0x20001c98   Data           1  fnirs.o(.bss.g_fnirs_ready_flag)
    g_response_frame                         0x20001c99   Data          12  transmit.o(.bss.g_response_frame)
    g_sensor_id                              0x20001ca5   Data           6  transmit.o(.bss.g_sensor_id)
    g_timer_ready_flag                       0x20001cab   Data           1  main.o(.bss.g_timer_ready_flag)
    g_tlc                                    0x20001cac   Data         192  tlc5940.o(.bss.g_tlc)
    g_uart_rx_buffer                         0x20001d6c   Data         264  transmit.o(.bss.g_uart_rx_buffer)
    g_uart_rx_buffer_raw                     0x20001e74   Data         256  transmit.o(.bss.g_uart_rx_buffer_raw)
    hadc1                                    0x20001f74   Data          72  adc.o(.bss.hadc1)
    hdma_sdio_tx                             0x20001fc0   Data          96  sdio.o(.bss.hdma_sdio_tx)
    hdma_spi2_tx                             0x20002020   Data          96  spi.o(.bss.hdma_spi2_tx)
    hdma_usart2_tx                           0x20002080   Data          96  usart.o(.bss.hdma_usart2_tx)
    hdma_usart3_rx                           0x200020e0   Data          96  usart.o(.bss.hdma_usart3_rx)
    hdma_usart3_tx                           0x20002140   Data          96  usart.o(.bss.hdma_usart3_tx)
    hsd                                      0x200021a0   Data         132  sdio.o(.bss.hsd)
    hspi1                                    0x20002224   Data          88  spi.o(.bss.hspi1)
    hspi2                                    0x2000227c   Data          88  spi.o(.bss.hspi2)
    htim1                                    0x200022d4   Data          72  tim.o(.bss.htim1)
    htim2                                    0x2000231c   Data          72  tim.o(.bss.htim2)
    htim4                                    0x20002364   Data          72  tim.o(.bss.htim4)
    htim6                                    0x200023ac   Data          72  tim.o(.bss.htim6)
    huart2                                   0x200023f4   Data          72  usart.o(.bss.huart2)
    huart3                                   0x2000243c   Data          72  usart.o(.bss.huart3)
    key_return                               0x20002484   Data           1  key.o(.bss.key_return)
    registerMap                              0x20002485   Data          10  ads1258.o(.bss.registerMap)
    uwTick                                   0x20002490   Data           4  stm32f4xx_hal.o(.bss.uwTick)
    __initial_sp                             0x20002898   Data           0  startup_stm32f407xx.o(STACK)



==============================================================================

Memory Map of the image

  Image Entry point : 0x08000189

  Load Region LR_IROM1 (Base: 0x08000000, Size: 0x0000db28, Max: 0x00100000, ABSOLUTE)

    Execution Region ER_IROM1 (Exec base: 0x08000000, Load base: 0x08000000, Size: 0x0000db0c, Max: 0x00100000, ABSOLUTE)

    Exec Addr    Load Addr    Size         Type   Attr      Idx    E Section Name        Object

    0x08000000   0x08000000   0x00000188   Data   RO            3    RESET               startup_stm32f407xx.o
    0x08000188   0x08000188   0x00000000   Code   RO         1834  * .ARM.Collect$$$$00000000  mc_w.l(entry.o)
    0x08000188   0x08000188   0x00000004   Code   RO         1855    .ARM.Collect$$$$00000001  mc_w.l(entry2.o)
    0x0800018c   0x0800018c   0x00000004   Code   RO         1858    .ARM.Collect$$$$00000004  mc_w.l(entry5.o)
    0x08000190   0x08000190   0x00000000   Code   RO         1860    .ARM.Collect$$$$00000008  mc_w.l(entry7b.o)
    0x08000190   0x08000190   0x00000000   Code   RO         1862    .ARM.Collect$$$$0000000A  mc_w.l(entry8b.o)
    0x08000190   0x08000190   0x00000008   Code   RO         1863    .ARM.Collect$$$$0000000B  mc_w.l(entry9a.o)
    0x08000198   0x08000198   0x00000000   Code   RO         1865    .ARM.Collect$$$$0000000D  mc_w.l(entry10a.o)
    0x08000198   0x08000198   0x00000000   Code   RO         1867    .ARM.Collect$$$$0000000F  mc_w.l(entry11a.o)
    0x08000198   0x08000198   0x00000004   Code   RO         1856    .ARM.Collect$$$$00002712  mc_w.l(entry2.o)
    0x0800019c   0x0800019c   0x00000024   Code   RO            4    .text               startup_stm32f407xx.o
    0x080001c0   0x080001c0   0x00000062   Code   RO         1837    .text               mc_w.l(uldiv.o)
    0x08000222   0x08000222   0x00000024   Code   RO         1839    .text               mc_w.l(memcpya.o)
    0x08000246   0x08000246   0x00000024   Code   RO         1841    .text               mc_w.l(memseta.o)
    0x0800026a   0x0800026a   0x0000001a   Code   RO         1843    .text               mc_w.l(memcmp.o)
    0x08000284   0x08000284   0x000000de   Code   RO         1847    .text               mf_w.l(ddiv.o)
    0x08000362   0x08000362   0x00000022   Code   RO         1849    .text               mf_w.l(dflti.o)
    0x08000384   0x08000384   0x0000003e   Code   RO         1851    .text               mf_w.l(dfixi.o)
    0x080003c2   0x080003c2   0x0000001e   Code   RO         1869    .text               mc_w.l(llshl.o)
    0x080003e0   0x080003e0   0x00000020   Code   RO         1871    .text               mc_w.l(llushr.o)
    0x08000400   0x08000400   0x00000000   Code   RO         1873    .text               mc_w.l(iusefp.o)
    0x08000400   0x08000400   0x000000ba   Code   RO         1874    .text               mf_w.l(depilogue.o)
    0x080004ba   0x080004ba   0x0000014e   Code   RO         1876    .text               mf_w.l(dadd.o)
    0x08000608   0x08000608   0x00000030   Code   RO         1878    .text               mf_w.l(cdrcmple.o)
    0x08000638   0x08000638   0x00000030   Code   RO         1880    .text               mc_w.l(init.o)
    0x08000668   0x08000668   0x00000024   Code   RO         1882    .text               mc_w.l(llsshr.o)
    0x0800068c   0x0800068c   0x0000018a   Code   RO          203    .text.ADC_Init      stm32f4xx_hal_adc.o
    0x08000816   0x08000816   0x00000002   PAD
    0x08000818   0x08000818   0x00000004   Code   RO          146    .text.BusFault_Handler  stm32f4xx_it.o
    0x0800081c   0x0800081c   0x00000010   Code   RO          160    .text.DMA1_Stream1_IRQHandler  stm32f4xx_it.o
    0x0800082c   0x0800082c   0x00000010   Code   RO          162    .text.DMA1_Stream3_IRQHandler  stm32f4xx_it.o
    0x0800083c   0x0800083c   0x00000010   Code   RO          164    .text.DMA1_Stream4_IRQHandler  stm32f4xx_it.o
    0x0800084c   0x0800084c   0x00000010   Code   RO          166    .text.DMA1_Stream6_IRQHandler  stm32f4xx_it.o
    0x0800085c   0x0800085c   0x00000010   Code   RO          182    .text.DMA2_Stream3_IRQHandler  stm32f4xx_it.o
    0x0800086c   0x0800086c   0x00000056   Code   RO          474    .text.DMA_CalcBaseAndBitshift  stm32f4xx_hal_dma.o
    0x080008c2   0x080008c2   0x00000002   PAD
    0x080008c4   0x080008c4   0x000000f0   Code   RO          472    .text.DMA_CheckFifoParam  stm32f4xx_hal_dma.o
    0x080009b4   0x080009b4   0x00000050   Code   RO          480    .text.DMA_SetConfig  stm32f4xx_hal_dma.o
    0x08000a04   0x08000a04   0x00000002   Code   RO          152    .text.DebugMon_Handler  stm32f4xx_it.o
    0x08000a06   0x08000a06   0x00000002   PAD
    0x08000a08   0x08000a08   0x00000008   Code   RO         1750    .text.DebugPrintf   utils.o
    0x08000a10   0x08000a10   0x00000010   Code   RO         1736    .text.Delay_us      utils.o
    0x08000a20   0x08000a20   0x0000000a   Code   RO          158    .text.EXTI4_IRQHandler  stm32f4xx_it.o
    0x08000a2a   0x08000a2a   0x00000002   PAD
    0x08000a2c   0x08000a2c   0x00000042   Code   RO           19    .text.Error_Handler  main.o
    0x08000a6e   0x08000a6e   0x00000002   PAD
    0x08000a70   0x08000a70   0x00000218   Code   RO          243    .text.HAL_ADC_ConfigChannel  stm32f4xx_hal_adc.o
    0x08000c88   0x08000c88   0x0000000c   Code   RO          247    .text.HAL_ADC_GetState  stm32f4xx_hal_adc.o
    0x08000c94   0x08000c94   0x0000000e   Code   RO          239    .text.HAL_ADC_GetValue  stm32f4xx_hal_adc.o
    0x08000ca2   0x08000ca2   0x00000002   PAD
    0x08000ca4   0x08000ca4   0x000000a8   Code   RO          199    .text.HAL_ADC_Init  stm32f4xx_hal_adc.o
    0x08000d4c   0x08000d4c   0x00000088   Code   RO           42    .text.HAL_ADC_MspInit  adc.o
    0x08000dd4   0x08000dd4   0x0000012a   Code   RO          213    .text.HAL_ADC_PollForConversion  stm32f4xx_hal_adc.o
    0x08000efe   0x08000efe   0x00000002   PAD
    0x08000f00   0x08000f00   0x000001d0   Code   RO          209    .text.HAL_ADC_Start  stm32f4xx_hal_adc.o
    0x080010d0   0x080010d0   0x0000006c   Code   RO          211    .text.HAL_ADC_Stop  stm32f4xx_hal_adc.o
    0x0800113c   0x0800113c   0x000000ec   Code   RO          484    .text.HAL_DMA_Abort  stm32f4xx_hal_dma.o
    0x08001228   0x08001228   0x00000044   Code   RO          486    .text.HAL_DMA_Abort_IT  stm32f4xx_hal_dma.o
    0x0800126c   0x0800126c   0x0000000c   Code   RO          498    .text.HAL_DMA_GetError  stm32f4xx_hal_dma.o
    0x08001278   0x08001278   0x0000031e   Code   RO          490    .text.HAL_DMA_IRQHandler  stm32f4xx_hal_dma.o
    0x08001596   0x08001596   0x00000002   PAD
    0x08001598   0x08001598   0x0000016e   Code   RO          470    .text.HAL_DMA_Init  stm32f4xx_hal_dma.o
    0x08001706   0x08001706   0x00000002   PAD
    0x08001708   0x08001708   0x000000c2   Code   RO          482    .text.HAL_DMA_Start_IT  stm32f4xx_hal_dma.o
    0x080017ca   0x080017ca   0x00000002   PAD
    0x080017cc   0x080017cc   0x00000042   Code   RO          665    .text.HAL_Delay     stm32f4xx_hal.o
    0x0800180e   0x0800180e   0x00000002   PAD
    0x08001810   0x08001810   0x00000020   Code   RO         1522    .text.HAL_GPIO_EXTI_Callback  fnirs.o
    0x08001830   0x08001830   0x00000038   Code   RO          444    .text.HAL_GPIO_EXTI_IRQHandler  stm32f4xx_hal_gpio.o
    0x08001868   0x08001868   0x000003b6   Code   RO          432    .text.HAL_GPIO_Init  stm32f4xx_hal_gpio.o
    0x08001c1e   0x08001c1e   0x00000002   PAD
    0x08001c20   0x08001c20   0x0000002e   Code   RO          436    .text.HAL_GPIO_ReadPin  stm32f4xx_hal_gpio.o
    0x08001c4e   0x08001c4e   0x00000002   PAD
    0x08001c50   0x08001c50   0x0000002e   Code   RO          438    .text.HAL_GPIO_WritePin  stm32f4xx_hal_gpio.o
    0x08001c7e   0x08001c7e   0x00000002   PAD
    0x08001c80   0x08001c80   0x0000000c   Code   RO          657    .text.HAL_GetTick   stm32f4xx_hal.o
    0x08001c8c   0x08001c8c   0x0000001a   Code   RO          655    .text.HAL_IncTick   stm32f4xx_hal.o
    0x08001ca6   0x08001ca6   0x00000002   PAD
    0x08001ca8   0x08001ca8   0x0000003c   Code   RO          645    .text.HAL_Init      stm32f4xx_hal.o
    0x08001ce4   0x08001ce4   0x00000070   Code   RO          647    .text.HAL_InitTick  stm32f4xx_hal.o
    0x08001d54   0x08001d54   0x0000004a   Code   RO          191    .text.HAL_MspInit   stm32f4xx_hal_msp.o
    0x08001d9e   0x08001d9e   0x00000002   PAD
    0x08001da0   0x08001da0   0x00000014   Code   RO          580    .text.HAL_NVIC_EnableIRQ  stm32f4xx_hal_cortex.o
    0x08001db4   0x08001db4   0x00000032   Code   RO          572    .text.HAL_NVIC_SetPriority  stm32f4xx_hal_cortex.o
    0x08001de6   0x08001de6   0x00000002   PAD
    0x08001de8   0x08001de8   0x00000010   Code   RO          568    .text.HAL_NVIC_SetPriorityGrouping  stm32f4xx_hal_cortex.o
    0x08001df8   0x08001df8   0x00000262   Code   RO          300    .text.HAL_RCC_ClockConfig  stm32f4xx_hal_rcc.o
    0x0800205a   0x0800205a   0x00000002   PAD
    0x0800205c   0x0800205c   0x0000000c   Code   RO          310    .text.HAL_RCC_GetHCLKFreq  stm32f4xx_hal_rcc.o
    0x08002068   0x08002068   0x00000022   Code   RO          312    .text.HAL_RCC_GetPCLK1Freq  stm32f4xx_hal_rcc.o
    0x0800208a   0x0800208a   0x00000002   PAD
    0x0800208c   0x0800208c   0x00000022   Code   RO          314    .text.HAL_RCC_GetPCLK2Freq  stm32f4xx_hal_rcc.o
    0x080020ae   0x080020ae   0x00000002   PAD
    0x080020b0   0x080020b0   0x000000e6   Code   RO          302    .text.HAL_RCC_GetSysClockFreq  stm32f4xx_hal_rcc.o
    0x08002196   0x08002196   0x00000002   PAD
    0x08002198   0x08002198   0x000006be   Code   RO          298    .text.HAL_RCC_OscConfig  stm32f4xx_hal_rcc.o
    0x08002856   0x08002856   0x00000002   PAD
    0x08002858   0x08002858   0x00000008   Code   RO          885    .text.HAL_SD_AbortCallback  stm32f4xx_hal_sd.o
    0x08002860   0x08002860   0x0000013c   Code   RO          901    .text.HAL_SD_ConfigWideBusOperation  stm32f4xx_hal_sd.o
    0x0800299c   0x0800299c   0x000001be   Code   RO          867    .text.HAL_SD_Erase  stm32f4xx_hal_sd.o
    0x08002b5a   0x08002b5a   0x00000002   PAD
    0x08002b5c   0x08002b5c   0x00000008   Code   RO          873    .text.HAL_SD_ErrorCallback  stm32f4xx_hal_sd.o
    0x08002b64   0x08002b64   0x00000080   Code   RO          891    .text.HAL_SD_GetCardCID  stm32f4xx_hal_sd.o
    0x08002be4   0x08002be4   0x0000028a   Code   RO          893    .text.HAL_SD_GetCardCSD  stm32f4xx_hal_sd.o
    0x08002e6e   0x08002e6e   0x00000002   PAD
    0x08002e70   0x08002e70   0x00000034   Code   RO          907    .text.HAL_SD_GetCardState  stm32f4xx_hal_sd.o
    0x08002ea4   0x08002ea4   0x000000fa   Code   RO          895    .text.HAL_SD_GetCardStatus  stm32f4xx_hal_sd.o
    0x08002f9e   0x08002f9e   0x00000002   PAD
    0x08002fa0   0x08002fa0   0x00000346   Code   RO          869    .text.HAL_SD_IRQHandler  stm32f4xx_hal_sd.o
    0x080032e6   0x080032e6   0x00000002   PAD
    0x080032e8   0x080032e8   0x00000066   Code   RO          833    .text.HAL_SD_Init   stm32f4xx_hal_sd.o
    0x0800334e   0x0800334e   0x00000002   PAD
    0x08003350   0x08003350   0x000000f4   Code   RO          837    .text.HAL_SD_InitCard  stm32f4xx_hal_sd.o
    0x08003444   0x08003444   0x0000017c   Code   RO           64    .text.HAL_SD_MspInit  sdio.o
    0x080035c0   0x080035c0   0x00000414   Code   RO          849    .text.HAL_SD_ReadBlocks  stm32f4xx_hal_sd.o
    0x080039d4   0x080039d4   0x00000008   Code   RO          875    .text.HAL_SD_RxCpltCallback  stm32f4xx_hal_sd.o
    0x080039dc   0x080039dc   0x0000002a   Code   RO         1571    .text.HAL_SD_TxCpltCallback  csnp32.o
    0x08003a06   0x08003a06   0x00000002   PAD
    0x08003a08   0x08003a08   0x000001d8   Code   RO          863    .text.HAL_SD_WriteBlocks_DMA  stm32f4xx_hal_sd.o
    0x08003be0   0x08003be0   0x00000008   Code   RO         1008    .text.HAL_SPI_ErrorCallback  stm32f4xx_hal_spi.o
    0x08003be8   0x08003be8   0x00000230   Code   RO         1004    .text.HAL_SPI_IRQHandler  stm32f4xx_hal_spi.o
    0x08003e18   0x08003e18   0x00000100   Code   RO          924    .text.HAL_SPI_Init  stm32f4xx_hal_spi.o
    0x08003f18   0x08003f18   0x00000174   Code   RO           81    .text.HAL_SPI_MspInit  spi.o
    0x0800408c   0x0800408c   0x000003a2   Code   RO          938    .text.HAL_SPI_TransmitReceive  stm32f4xx_hal_spi.o
    0x0800442e   0x0800442e   0x00000002   PAD
    0x08004430   0x08004430   0x0000016c   Code   RO          964    .text.HAL_SPI_Transmit_DMA  stm32f4xx_hal_spi.o
    0x0800459c   0x0800459c   0x0000003c   Code   RO         1783    .text.HAL_SPI_TxCpltCallback  transmit.o
    0x080045d8   0x080045d8   0x00000008   Code   RO         1016    .text.HAL_SPI_TxHalfCpltCallback  stm32f4xx_hal_spi.o
    0x080045e0   0x080045e0   0x00000010   Code   RO          592    .text.HAL_SYSTICK_Config  stm32f4xx_hal_cortex.o
    0x080045f0   0x080045f0   0x00000008   Code   RO         1364    .text.HAL_TIMEx_BreakCallback  stm32f4xx_hal_tim_ex.o
    0x080045f8   0x080045f8   0x00000008   Code   RO         1360    .text.HAL_TIMEx_CommutCallback  stm32f4xx_hal_tim_ex.o
    0x08004600   0x08004600   0x000000b2   Code   RO         1356    .text.HAL_TIMEx_ConfigBreakDeadTime  stm32f4xx_hal_tim_ex.o
    0x080046b2   0x080046b2   0x00000002   PAD
    0x080046b4   0x080046b4   0x00000122   Code   RO         1354    .text.HAL_TIMEx_MasterConfigSynchronization  stm32f4xx_hal_tim_ex.o
    0x080047d6   0x080047d6   0x00000002   PAD
    0x080047d8   0x080047d8   0x0000009c   Code   RO         1041    .text.HAL_TIM_Base_Init  stm32f4xx_hal_tim.o
    0x08004874   0x08004874   0x00000164   Code   RO          105    .text.HAL_TIM_Base_MspInit  tim.o
    0x080049d8   0x080049d8   0x000000f6   Code   RO         1055    .text.HAL_TIM_Base_Start_IT  stm32f4xx_hal_tim.o
    0x08004ace   0x08004ace   0x00000002   PAD
    0x08004ad0   0x08004ad0   0x00000052   Code   RO         1057    .text.HAL_TIM_Base_Stop_IT  stm32f4xx_hal_tim.o
    0x08004b22   0x08004b22   0x00000002   PAD
    0x08004b24   0x08004b24   0x00000184   Code   RO         1233    .text.HAL_TIM_ConfigClockSource  stm32f4xx_hal_tim.o
    0x08004ca8   0x08004ca8   0x000000a8   Code   RO           13    .text.HAL_TIM_IC_CaptureCallback  main.o
    0x08004d50   0x08004d50   0x00000130   Code   RO         1197    .text.HAL_TIM_IC_ConfigChannel  stm32f4xx_hal_tim.o
    0x08004e80   0x08004e80   0x0000009c   Code   RO         1115    .text.HAL_TIM_IC_Init  stm32f4xx_hal_tim.o
    0x08004f1c   0x08004f1c   0x00000008   Code   RO         1117    .text.HAL_TIM_IC_MspInit  stm32f4xx_hal_tim.o
    0x08004f24   0x08004f24   0x000002a6   Code   RO         1127    .text.HAL_TIM_IC_Start_IT  stm32f4xx_hal_tim.o
    0x080051ca   0x080051ca   0x00000002   PAD
    0x080051cc   0x080051cc   0x0000015a   Code   RO         1129    .text.HAL_TIM_IC_Stop_IT  stm32f4xx_hal_tim.o
    0x08005326   0x08005326   0x00000002   PAD
    0x08005328   0x08005328   0x0000021a   Code   RO         1175    .text.HAL_TIM_IRQHandler  stm32f4xx_hal_tim.o
    0x08005542   0x08005542   0x00000002   PAD
    0x08005544   0x08005544   0x000000c2   Code   RO           97    .text.HAL_TIM_MspPostInit  tim.o
    0x08005606   0x08005606   0x00000002   PAD
    0x08005608   0x08005608   0x00000008   Code   RO         1179    .text.HAL_TIM_OC_DelayElapsedCallback  stm32f4xx_hal_tim.o
    0x08005610   0x08005610   0x00000142   Code   RO         1207    .text.HAL_TIM_PWM_ConfigChannel  stm32f4xx_hal_tim.o
    0x08005752   0x08005752   0x00000002   PAD
    0x08005754   0x08005754   0x0000009c   Code   RO         1095    .text.HAL_TIM_PWM_Init  stm32f4xx_hal_tim.o
    0x080057f0   0x080057f0   0x00000008   Code   RO         1097    .text.HAL_TIM_PWM_MspInit  stm32f4xx_hal_tim.o
    0x080057f8   0x080057f8   0x00000008   Code   RO         1181    .text.HAL_TIM_PWM_PulseFinishedCallback  stm32f4xx_hal_tim.o
    0x08005800   0x08005800   0x000001ca   Code   RO         1103    .text.HAL_TIM_PWM_Start  stm32f4xx_hal_tim.o
    0x080059ca   0x080059ca   0x00000002   PAD
    0x080059cc   0x080059cc   0x00000106   Code   RO         1105    .text.HAL_TIM_PWM_Stop  stm32f4xx_hal_tim.o
    0x08005ad2   0x08005ad2   0x00000002   PAD
    0x08005ad4   0x08005ad4   0x00000096   Code   RO           11    .text.HAL_TIM_PeriodElapsedCallback  main.o
    0x08005b6a   0x08005b6a   0x00000002   PAD
    0x08005b6c   0x08005b6c   0x00000096   Code   RO         1243    .text.HAL_TIM_SlaveConfigSynchro  stm32f4xx_hal_tim.o
    0x08005c02   0x08005c02   0x00000002   PAD
    0x08005c04   0x08005c04   0x00000008   Code   RO         1185    .text.HAL_TIM_TriggerCallback  stm32f4xx_hal_tim.o
    0x08005c0c   0x08005c0c   0x0000000c   Code   RO         1469    .text.HAL_UARTEx_RxEventCallback  stm32f4xx_hal_uart.o
    0x08005c18   0x08005c18   0x000000cc   Code   RO         1421    .text.HAL_UART_DMAStop  stm32f4xx_hal_uart.o
    0x08005ce4   0x08005ce4   0x00000008   Code   RO         1467    .text.HAL_UART_ErrorCallback  stm32f4xx_hal_uart.o
    0x08005cec   0x08005cec   0x0000045c   Code   RO         1461    .text.HAL_UART_IRQHandler  stm32f4xx_hal_uart.o
    0x08006148   0x08006148   0x0000009e   Code   RO         1377    .text.HAL_UART_Init  stm32f4xx_hal_uart.o
    0x080061e6   0x080061e6   0x00000002   PAD
    0x080061e8   0x080061e8   0x00000234   Code   RO          124    .text.HAL_UART_MspInit  usart.o
    0x0800641c   0x0800641c   0x00000056   Code   RO         1413    .text.HAL_UART_Receive_DMA  stm32f4xx_hal_uart.o
    0x08006472   0x08006472   0x00000002   PAD
    0x08006474   0x08006474   0x00000008   Code   RO         1479    .text.HAL_UART_RxCpltCallback  stm32f4xx_hal_uart.o
    0x0800647c   0x0800647c   0x00000008   Code   RO         1481    .text.HAL_UART_RxHalfCpltCallback  stm32f4xx_hal_uart.o
    0x08006484   0x08006484   0x000000c0   Code   RO         1787    .text.HAL_UART_RxIdleCallback  transmit.o
    0x08006544   0x08006544   0x000000fc   Code   RO         1405    .text.HAL_UART_Transmit_DMA  stm32f4xx_hal_uart.o
    0x08006640   0x08006640   0x0000007c   Code   RO         1785    .text.HAL_UART_TxCpltCallback  transmit.o
    0x080066bc   0x080066bc   0x00000008   Code   RO         1477    .text.HAL_UART_TxHalfCpltCallback  stm32f4xx_hal_uart.o
    0x080066c4   0x080066c4   0x0000002a   Code   RO          142    .text.HardFault_Handler  stm32f4xx_it.o
    0x080066ee   0x080066ee   0x00000002   PAD
    0x080066f0   0x080066f0   0x0000029e   Code   RO         1712    .text.KEY_Scan      key.o
    0x0800698e   0x0800698e   0x00000002   PAD
    0x08006990   0x08006990   0x00000080   Code   RO           40    .text.MX_ADC1_Init  adc.o
    0x08006a10   0x08006a10   0x000000aa   Code   RO           54    .text.MX_DMA_Init   dma.o
    0x08006aba   0x08006aba   0x00000002   PAD
    0x08006abc   0x08006abc   0x00000200   Code   RO           32    .text.MX_GPIO_Init  gpio.o
    0x08006cbc   0x08006cbc   0x000000a0   Code   RO           62    .text.MX_SDIO_SD_Init  sdio.o
    0x08006d5c   0x08006d5c   0x0000004e   Code   RO           77    .text.MX_SPI1_Init  spi.o
    0x08006daa   0x08006daa   0x00000002   PAD
    0x08006dac   0x08006dac   0x0000004e   Code   RO           79    .text.MX_SPI2_Init  spi.o
    0x08006dfa   0x08006dfa   0x00000002   PAD
    0x08006dfc   0x08006dfc   0x0000011e   Code   RO           95    .text.MX_TIM1_Init  tim.o
    0x08006f1a   0x08006f1a   0x00000002   PAD
    0x08006f1c   0x08006f1c   0x00000082   Code   RO           99    .text.MX_TIM2_Init  tim.o
    0x08006f9e   0x08006f9e   0x00000002   PAD
    0x08006fa0   0x08006fa0   0x00000126   Code   RO          101    .text.MX_TIM4_Init  tim.o
    0x080070c6   0x080070c6   0x00000002   PAD
    0x080070c8   0x080070c8   0x0000005c   Code   RO          103    .text.MX_TIM6_Init  tim.o
    0x08007124   0x08007124   0x00000044   Code   RO          120    .text.MX_USART2_UART_Init  usart.o
    0x08007168   0x08007168   0x00000044   Code   RO          122    .text.MX_USART3_UART_Init  usart.o
    0x080071ac   0x080071ac   0x00000004   Code   RO          144    .text.MemManage_Handler  stm32f4xx_it.o
    0x080071b0   0x080071b0   0x00000004   Code   RO          140    .text.NMI_Handler   stm32f4xx_it.o
    0x080071b4   0x080071b4   0x0000006c   Code   RO          578    .text.NVIC_EncodePriority  stm32f4xx_hal_cortex.o
    0x08007220   0x08007220   0x00000002   Code   RO          154    .text.PendSV_Handler  stm32f4xx_it.o
    0x08007222   0x08007222   0x00000002   PAD
    0x08007224   0x08007224   0x00000048   Code   RO         1646    .text.ReadDataDirect  ads1258.o
    0x0800726c   0x0800726c   0x00000048   Code   RO          752    .text.SDIO_ConfigData  stm32f4xx_ll_sdmmc.o
    0x080072b4   0x080072b4   0x0000000e   Code   RO          748    .text.SDIO_GetCommandResponse  stm32f4xx_ll_sdmmc.o
    0x080072c2   0x080072c2   0x00000002   PAD
    0x080072c4   0x080072c4   0x00000010   Code   RO          744    .text.SDIO_GetPowerState  stm32f4xx_ll_sdmmc.o
    0x080072d4   0x080072d4   0x00000018   Code   RO          750    .text.SDIO_GetResponse  stm32f4xx_ll_sdmmc.o
    0x080072ec   0x080072ec   0x00000010   Code   RO          178    .text.SDIO_IRQHandler  stm32f4xx_it.o
    0x080072fc   0x080072fc   0x0000005a   Code   RO          734    .text.SDIO_Init     stm32f4xx_ll_sdmmc.o
    0x08007356   0x08007356   0x00000002   PAD
    0x08007358   0x08007358   0x00000010   Code   RO          740    .text.SDIO_PowerState_ON  stm32f4xx_ll_sdmmc.o
    0x08007368   0x08007368   0x0000000e   Code   RO          736    .text.SDIO_ReadFIFO  stm32f4xx_ll_sdmmc.o
    0x08007376   0x08007376   0x00000002   PAD
    0x08007378   0x08007378   0x00000042   Code   RO          746    .text.SDIO_SendCommand  stm32f4xx_ll_sdmmc.o
    0x080073ba   0x080073ba   0x00000002   PAD
    0x080073bc   0x080073bc   0x00000016   Code   RO          738    .text.SDIO_WriteFIFO  stm32f4xx_ll_sdmmc.o
    0x080073d2   0x080073d2   0x00000002   PAD
    0x080073d4   0x080073d4   0x0000003c   Code   RO          794    .text.SDMMC_CmdAppCommand  stm32f4xx_ll_sdmmc.o
    0x08007410   0x08007410   0x0000003c   Code   RO          796    .text.SDMMC_CmdAppOperCommand  stm32f4xx_ll_sdmmc.o
    0x0800744c   0x0800744c   0x0000003c   Code   RO          760    .text.SDMMC_CmdBlockLength  stm32f4xx_ll_sdmmc.o
    0x08007488   0x08007488   0x0000003c   Code   RO          800    .text.SDMMC_CmdBusWidth  stm32f4xx_ll_sdmmc.o
    0x080074c4   0x080074c4   0x00000038   Code   RO          780    .text.SDMMC_CmdErase  stm32f4xx_ll_sdmmc.o
    0x080074fc   0x080074fc   0x0000002c   Code   RO          786    .text.SDMMC_CmdGoIdleState  stm32f4xx_ll_sdmmc.o
    0x08007528   0x08007528   0x00000034   Code   RO          790    .text.SDMMC_CmdOperCond  stm32f4xx_ll_sdmmc.o
    0x0800755c   0x0800755c   0x0000003c   Code   RO          766    .text.SDMMC_CmdReadMultiBlock  stm32f4xx_ll_sdmmc.o
    0x08007598   0x08007598   0x0000003c   Code   RO          764    .text.SDMMC_CmdReadSingleBlock  stm32f4xx_ll_sdmmc.o
    0x080075d4   0x080075d4   0x0000003c   Code   RO          774    .text.SDMMC_CmdSDEraseEndAdd  stm32f4xx_ll_sdmmc.o
    0x08007610   0x08007610   0x0000003c   Code   RO          772    .text.SDMMC_CmdSDEraseStartAdd  stm32f4xx_ll_sdmmc.o
    0x0800764c   0x0800764c   0x0000003e   Code   RO          784    .text.SDMMC_CmdSelDesel  stm32f4xx_ll_sdmmc.o
    0x0800768a   0x0800768a   0x00000002   PAD
    0x0800768c   0x0800768c   0x00000030   Code   RO          804    .text.SDMMC_CmdSendCID  stm32f4xx_ll_sdmmc.o
    0x080076bc   0x080076bc   0x00000034   Code   RO          808    .text.SDMMC_CmdSendCSD  stm32f4xx_ll_sdmmc.o
    0x080076f0   0x080076f0   0x00000038   Code   RO          802    .text.SDMMC_CmdSendSCR  stm32f4xx_ll_sdmmc.o
    0x08007728   0x08007728   0x0000003c   Code   RO          816    .text.SDMMC_CmdSendStatus  stm32f4xx_ll_sdmmc.o
    0x08007764   0x08007764   0x00000038   Code   RO          810    .text.SDMMC_CmdSetRelAdd  stm32f4xx_ll_sdmmc.o
    0x0800779c   0x0800779c   0x00000038   Code   RO          818    .text.SDMMC_CmdStatusRegister  stm32f4xx_ll_sdmmc.o
    0x080077d4   0x080077d4   0x0000003c   Code   RO          782    .text.SDMMC_CmdStopTransfer  stm32f4xx_ll_sdmmc.o
    0x08007810   0x08007810   0x0000003c   Code   RO          770    .text.SDMMC_CmdWriteMultiBlock  stm32f4xx_ll_sdmmc.o
    0x0800784c   0x0800784c   0x0000003c   Code   RO          768    .text.SDMMC_CmdWriteSingleBlock  stm32f4xx_ll_sdmmc.o
    0x08007888   0x08007888   0x0000005a   Code   RO          788    .text.SDMMC_GetCmdError  stm32f4xx_ll_sdmmc.o
    0x080078e2   0x080078e2   0x00000002   PAD
    0x080078e4   0x080078e4   0x00000246   Code   RO          762    .text.SDMMC_GetCmdResp1  stm32f4xx_ll_sdmmc.o
    0x08007b2a   0x08007b2a   0x00000002   PAD
    0x08007b2c   0x08007b2c   0x000000a8   Code   RO          806    .text.SDMMC_GetCmdResp2  stm32f4xx_ll_sdmmc.o
    0x08007bd4   0x08007bd4   0x00000092   Code   RO          798    .text.SDMMC_GetCmdResp3  stm32f4xx_ll_sdmmc.o
    0x08007c66   0x08007c66   0x00000002   PAD
    0x08007c68   0x08007c68   0x00000114   Code   RO          812    .text.SDMMC_GetCmdResp6  stm32f4xx_ll_sdmmc.o
    0x08007d7c   0x08007d7c   0x000000b6   Code   RO          792    .text.SDMMC_GetCmdResp7  stm32f4xx_ll_sdmmc.o
    0x08007e32   0x08007e32   0x00000002   PAD
    0x08007e34   0x08007e34   0x000000a4   Code   RO          861    .text.SD_DMAError   stm32f4xx_hal_sd.o
    0x08007ed8   0x08007ed8   0x0000006c   Code   RO          883    .text.SD_DMARxAbort  stm32f4xx_hal_sd.o
    0x08007f44   0x08007f44   0x0000001a   Code   RO          865    .text.SD_DMATransmitCplt  stm32f4xx_hal_sd.o
    0x08007f5e   0x08007f5e   0x00000002   PAD
    0x08007f60   0x08007f60   0x0000006c   Code   RO          881    .text.SD_DMATxAbort  stm32f4xx_hal_sd.o
    0x08007fcc   0x08007fcc   0x0000019c   Code   RO          915    .text.SD_FindSCR    stm32f4xx_hal_sd.o
    0x08008168   0x08008168   0x0000018a   Code   RO          841    .text.SD_InitCard   stm32f4xx_hal_sd.o
    0x080082f2   0x080082f2   0x00000002   PAD
    0x080082f4   0x080082f4   0x0000013e   Code   RO          839    .text.SD_PowerON    stm32f4xx_hal_sd.o
    0x08008432   0x08008432   0x00000002   PAD
    0x08008434   0x08008434   0x0000009c   Code   RO          871    .text.SD_Read_IT    stm32f4xx_hal_sd.o
    0x080084d0   0x080084d0   0x000001ae   Code   RO          897    .text.SD_SendSDStatus  stm32f4xx_hal_sd.o
    0x0800867e   0x0800867e   0x00000002   PAD
    0x08008680   0x08008680   0x0000004e   Code   RO          909    .text.SD_SendStatus  stm32f4xx_hal_sd.o
    0x080086ce   0x080086ce   0x00000002   PAD
    0x080086d0   0x080086d0   0x0000008a   Code   RO          905    .text.SD_WideBus_Disable  stm32f4xx_hal_sd.o
    0x0800875a   0x0800875a   0x00000002   PAD
    0x0800875c   0x0800875c   0x0000008c   Code   RO          903    .text.SD_WideBus_Enable  stm32f4xx_hal_sd.o
    0x080087e8   0x080087e8   0x000000a8   Code   RO          879    .text.SD_Write_IT   stm32f4xx_hal_sd.o
    0x08008890   0x08008890   0x00000010   Code   RO          172    .text.SPI2_IRQHandler  stm32f4xx_it.o
    0x080088a0   0x080088a0   0x00000020   Code   RO         1006    .text.SPI_DMAAbortOnError  stm32f4xx_hal_spi.o
    0x080088c0   0x080088c0   0x00000034   Code   RO          970    .text.SPI_DMAError  stm32f4xx_hal_spi.o
    0x080088f4   0x080088f4   0x00000016   Code   RO          966    .text.SPI_DMAHalfTransmitCplt  stm32f4xx_hal_spi.o
    0x0800890a   0x0800890a   0x00000002   PAD
    0x0800890c   0x0800890c   0x000000a6   Code   RO          968    .text.SPI_DMATransmitCplt  stm32f4xx_hal_spi.o
    0x080089b2   0x080089b2   0x00000002   PAD
    0x080089b4   0x080089b4   0x000000cc   Code   RO          934    .text.SPI_EndRxTxTransaction  stm32f4xx_hal_spi.o
    0x08008a80   0x08008a80   0x0000012c   Code   RO         1032    .text.SPI_WaitFlagStateUntilTimeout  stm32f4xx_hal_spi.o
    0x08008bac   0x08008bac   0x00000002   Code   RO          150    .text.SVC_Handler   stm32f4xx_it.o
    0x08008bae   0x08008bae   0x00000002   PAD
    0x08008bb0   0x08008bb0   0x0000005e   Code   RO         1768    .text.SwitchLED     led.o
    0x08008c0e   0x08008c0e   0x00000002   PAD
    0x08008c10   0x08008c10   0x00000072   Code   RO         1772    .text.SwitchOff     led.o
    0x08008c82   0x08008c82   0x00000002   PAD
    0x08008c84   0x08008c84   0x00000074   Code   RO         1770    .text.SwitchOn      led.o
    0x08008cf8   0x08008cf8   0x00000052   Code   RO          594    .text.SysTick_Config  stm32f4xx_hal_cortex.o
    0x08008d4a   0x08008d4a   0x00000002   PAD
    0x08008d4c   0x08008d4c   0x00000008   Code   RO          156    .text.SysTick_Handler  stm32f4xx_it.o
    0x08008d54   0x08008d54   0x000000bc   Code   RO           17    .text.SystemClock_Config  main.o
    0x08008e10   0x08008e10   0x00000012   Code   RO         1508    .text.SystemInit    system_stm32f4xx.o
    0x08008e22   0x08008e22   0x00000002   PAD
    0x08008e24   0x08008e24   0x00000010   Code   RO          168    .text.TIM2_IRQHandler  stm32f4xx_it.o
    0x08008e34   0x08008e34   0x00000010   Code   RO          170    .text.TIM4_IRQHandler  stm32f4xx_it.o
    0x08008e44   0x08008e44   0x00000010   Code   RO          180    .text.TIM6_DAC_IRQHandler  stm32f4xx_it.o
    0x08008e54   0x08008e54   0x000001a4   Code   RO         1045    .text.TIM_Base_SetConfig  stm32f4xx_hal_tim.o
    0x08008ff8   0x08008ff8   0x00000036   Code   RO         1079    .text.TIM_CCxChannelCmd  stm32f4xx_hal_tim.o
    0x0800902e   0x0800902e   0x00000002   PAD
    0x08009030   0x08009030   0x00000034   Code   RO         1231    .text.TIM_ETR_SetConfig  stm32f4xx_hal_tim.o
    0x08009064   0x08009064   0x0000002a   Code   RO         1237    .text.TIM_ITRx_SetConfig  stm32f4xx_hal_tim.o
    0x0800908e   0x0800908e   0x00000002   PAD
    0x08009090   0x08009090   0x000000ea   Code   RO         1189    .text.TIM_OC1_SetConfig  stm32f4xx_hal_tim.o
    0x0800917a   0x0800917a   0x00000002   PAD
    0x0800917c   0x0800917c   0x000000f4   Code   RO         1191    .text.TIM_OC2_SetConfig  stm32f4xx_hal_tim.o
    0x08009270   0x08009270   0x000000f2   Code   RO         1193    .text.TIM_OC3_SetConfig  stm32f4xx_hal_tim.o
    0x08009362   0x08009362   0x00000002   PAD
    0x08009364   0x08009364   0x000000a4   Code   RO         1195    .text.TIM_OC4_SetConfig  stm32f4xx_hal_tim.o
    0x08009408   0x08009408   0x00000128   Code   RO         1245    .text.TIM_SlaveTimer_SetConfig  stm32f4xx_hal_tim.o
    0x08009530   0x08009530   0x00000050   Code   RO         1235    .text.TIM_TI1_ConfigInputStage  stm32f4xx_hal_tim.o
    0x08009580   0x08009580   0x00000116   Code   RO         1199    .text.TIM_TI1_SetConfig  stm32f4xx_hal_tim.o
    0x08009696   0x08009696   0x00000002   PAD
    0x08009698   0x08009698   0x00000052   Code   RO         1239    .text.TIM_TI2_ConfigInputStage  stm32f4xx_hal_tim.o
    0x080096ea   0x080096ea   0x00000002   PAD
    0x080096ec   0x080096ec   0x0000006c   Code   RO         1201    .text.TIM_TI2_SetConfig  stm32f4xx_hal_tim.o
    0x08009758   0x08009758   0x0000006a   Code   RO         1203    .text.TIM_TI3_SetConfig  stm32f4xx_hal_tim.o
    0x080097c2   0x080097c2   0x00000002   PAD
    0x080097c4   0x080097c4   0x0000006c   Code   RO         1205    .text.TIM_TI4_SetConfig  stm32f4xx_hal_tim.o
    0x08009830   0x08009830   0x0000001c   Code   RO         1465    .text.UART_DMAAbortOnError  stm32f4xx_hal_uart.o
    0x0800984c   0x0800984c   0x0000007c   Code   RO         1411    .text.UART_DMAError  stm32f4xx_hal_uart.o
    0x080098c8   0x080098c8   0x000000f4   Code   RO         1497    .text.UART_DMAReceiveCplt  stm32f4xx_hal_uart.o
    0x080099bc   0x080099bc   0x00000034   Code   RO         1499    .text.UART_DMARxHalfCplt  stm32f4xx_hal_uart.o
    0x080099f0   0x080099f0   0x0000007a   Code   RO         1407    .text.UART_DMATransmitCplt  stm32f4xx_hal_uart.o
    0x08009a6a   0x08009a6a   0x00000002   PAD
    0x08009a6c   0x08009a6c   0x00000016   Code   RO         1409    .text.UART_DMATxHalfCplt  stm32f4xx_hal_uart.o
    0x08009a82   0x08009a82   0x00000002   PAD
    0x08009a84   0x08009a84   0x00000094   Code   RO         1425    .text.UART_EndRxTransfer  stm32f4xx_hal_uart.o
    0x08009b18   0x08009b18   0x00000026   Code   RO         1473    .text.UART_EndTransmit_IT  stm32f4xx_hal_uart.o
    0x08009b3e   0x08009b3e   0x00000002   PAD
    0x08009b40   0x08009b40   0x00000036   Code   RO         1423    .text.UART_EndTxTransfer  stm32f4xx_hal_uart.o
    0x08009b76   0x08009b76   0x00000002   PAD
    0x08009b78   0x08009b78   0x00000168   Code   RO         1463    .text.UART_Receive_IT  stm32f4xx_hal_uart.o
    0x08009ce0   0x08009ce0   0x0000013a   Code   RO         1381    .text.UART_SetConfig  stm32f4xx_hal_uart.o
    0x08009e1a   0x08009e1a   0x00000002   PAD
    0x08009e1c   0x08009e1c   0x00000130   Code   RO         1415    .text.UART_Start_Receive_DMA  stm32f4xx_hal_uart.o
    0x08009f4c   0x08009f4c   0x00000094   Code   RO         1471    .text.UART_Transmit_IT  stm32f4xx_hal_uart.o
    0x08009fe0   0x08009fe0   0x00000010   Code   RO          174    .text.USART2_IRQHandler  stm32f4xx_it.o
    0x08009ff0   0x08009ff0   0x0000001c   Code   RO          176    .text.USART3_IRQHandler  stm32f4xx_it.o
    0x0800a00c   0x0800a00c   0x00000004   Code   RO          148    .text.UsageFault_Handler  stm32f4xx_it.o
    0x0800a010   0x0800a010   0x00000030   Code   RO          582    .text.__NVIC_EnableIRQ  stm32f4xx_hal_cortex.o
    0x0800a040   0x0800a040   0x00000010   Code   RO          574    .text.__NVIC_GetPriorityGrouping  stm32f4xx_hal_cortex.o
    0x0800a050   0x0800a050   0x00000042   Code   RO          576    .text.__NVIC_SetPriority  stm32f4xx_hal_cortex.o
    0x0800a092   0x0800a092   0x00000002   PAD
    0x0800a094   0x0800a094   0x0000003c   Code   RO          570    .text.__NVIC_SetPriorityGrouping  stm32f4xx_hal_cortex.o
    0x0800a0d0   0x0800a0d0   0x00000048   Code   RO         1636    .text._ads1258_spi_transfer  ads1258.o
    0x0800a118   0x0800a118   0x0000003e   Code   RO         1618    .text._ads1258_validate_address  ads1258.o
    0x0800a156   0x0800a156   0x00000002   PAD
    0x0800a158   0x0800a158   0x00000062   Code   RO         1554    .text._fnirs_handle_ir_wavelength  fnirs.o
    0x0800a1ba   0x0800a1ba   0x00000002   PAD
    0x0800a1bc   0x0800a1bc   0x00000062   Code   RO         1552    .text._fnirs_handle_red_wavelength  fnirs.o
    0x0800a21e   0x0800a21e   0x00000002   PAD
    0x0800a220   0x0800a220   0x00000072   Code   RO         1528    .text._fnirs_init_default_config  fnirs.o
    0x0800a292   0x0800a292   0x00000002   PAD
    0x0800a294   0x0800a294   0x00000048   Code   RO         1556    .text._fnirs_process_adc_samples  fnirs.o
    0x0800a2dc   0x0800a2dc   0x00000034   Code   RO         1530    .text._fnirs_update_buffer_length  fnirs.o
    0x0800a310   0x0800a310   0x000000a8   Code   RO         1548    .text._fnirs_write_sd_card  fnirs.o
    0x0800a3b8   0x0800a3b8   0x00000064   Code   RO         1677    .text._update_battery_indicator  bat_adc.o
    0x0800a41c   0x0800a41c   0x00000116   Code   RO         1620    .text.ads1258init   ads1258.o
    0x0800a532   0x0800a532   0x00000002   PAD
    0x0800a534   0x0800a534   0x00000066   Code   RO         1795    .text.calculate_crc16  transmit.o
    0x0800a59a   0x0800a59a   0x00000002   PAD
    0x0800a59c   0x0800a59c   0x0000008c   Code   RO         1675    .text.convert_voltage_to_percentage  bat_adc.o
    0x0800a628   0x0800a628   0x000000fa   Code   RO         1632    .text.count_channel_info  ads1258.o
    0x0800a722   0x0800a722   0x00000002   PAD
    0x0800a724   0x0800a724   0x000001f8   Code   RO         1811    .text.decode_received_command  transmit.o
    0x0800a91c   0x0800a91c   0x000000de   Code   RO         1734    .text.delay_microseconds  utils.o
    0x0800a9fa   0x0800a9fa   0x00000002   PAD
    0x0800a9fc   0x0800a9fc   0x000000d0   Code   RO         1673    .text.detect_battery_status  bat_adc.o
    0x0800aacc   0x0800aacc   0x0000003a   Code   RO         1687    .text.determine_battery_status  bat_adc.o
    0x0800ab06   0x0800ab06   0x00000002   PAD
    0x0800ab08   0x0800ab08   0x00000060   Code   RO         1809    .text.encode_command_response  transmit.o
    0x0800ab68   0x0800ab68   0x00000052   Code   RO         1526    .text.fnirs_struct_init  fnirs.o
    0x0800abba   0x0800abba   0x00000002   PAD
    0x0800abbc   0x0800abbc   0x00000090   Code   RO         1793    .text.generate_crc16_table  transmit.o
    0x0800ac4c   0x0800ac4c   0x0000000c   Code   RO         1683    .text.get_battery_percentage  bat_adc.o
    0x0800ac58   0x0800ac58   0x00000012   Code   RO         1685    .text.get_battery_status  bat_adc.o
    0x0800ac6a   0x0800ac6a   0x00000006   PAD
    0x0800ac70   0x0800ac70   0x000001d0   Code   RO         1805    .text.handle_channel_config_command  transmit.o
    0x0800ae40   0x0800ae40   0x0000006c   Code   RO         1693    .text.handle_critical_battery_level  bat_adc.o
    0x0800aeac   0x0800aeac   0x0000004a   Code   RO         1807    .text.handle_data_supplement_request  transmit.o
    0x0800aef6   0x0800aef6   0x00000002   PAD
    0x0800aef8   0x0800aef8   0x00000062   Code   RO         1691    .text.handle_low_battery_warning  bat_adc.o
    0x0800af5a   0x0800af5a   0x00000002   PAD
    0x0800af5c   0x0800af5c   0x0000015a   Code   RO         1803    .text.handle_sample_rate_command  transmit.o
    0x0800b0b6   0x0800b0b6   0x00000002   PAD
    0x0800b0b8   0x0800b0b8   0x00000068   Code   RO         1799    .text.init_data_frame  transmit.o
    0x0800b120   0x0800b120   0x0000008a   Code   RO         1801    .text.init_data_frame_module  transmit.o
    0x0800b1aa   0x0800b1aa   0x00000002   PAD
    0x0800b1ac   0x0800b1ac   0x000000a2   Code   RO         1590    .text.init_tlc_struct  tlc5940.o
    0x0800b24e   0x0800b24e   0x00000002   PAD
    0x0800b250   0x0800b250   0x000000f8   Code   RO           15    .text.main          main.o
    0x0800b348   0x0800b348   0x000001f2   Code   RO         1536    .text.nirs_config   fnirs.o
    0x0800b53a   0x0800b53a   0x00000002   PAD
    0x0800b53c   0x0800b53c   0x00000094   Code   RO         1524    .text.nirs_data_collect  fnirs.o
    0x0800b5d0   0x0800b5d0   0x000000cc   Code   RO         1546    .text.nirs_data_send  fnirs.o
    0x0800b69c   0x0800b69c   0x00000024   Code   RO         1532    .text.nirs_init     fnirs.o
    0x0800b6c0   0x0800b6c0   0x000000b0   Code   RO         1534    .text.nirs_set_sample_rate  fnirs.o
    0x0800b770   0x0800b770   0x00000060   Code   RO         1538    .text.nirs_start    fnirs.o
    0x0800b7d0   0x0800b7d0   0x00000080   Code   RO         1540    .text.nirs_stop     fnirs.o
    0x0800b850   0x0800b850   0x00000138   Code   RO         1550    .text.nirs_timer_handle  fnirs.o
    0x0800b988   0x0800b988   0x00000088   Code   RO         1626    .text.readMultipleRegisters  ads1258.o
    0x0800ba10   0x0800ba10   0x0000006e   Code   RO         1622    .text.readSingleRegister  ads1258.o
    0x0800ba7e   0x0800ba7e   0x00000002   PAD
    0x0800ba80   0x0800ba80   0x0000004c   Code   RO         1744    .text.reverse_array  utils.o
    0x0800bacc   0x0800bacc   0x000000c2   Code   RO         1558    .text.sd_read_nirs  fnirs.o
    0x0800bb8e   0x0800bb8e   0x00000002   PAD
    0x0800bb90   0x0800bb90   0x0000028e   Code   RO         1573    .text.sdio_init     csnp32.o
    0x0800be1e   0x0800be1e   0x00000002   PAD
    0x0800be20   0x0800be20   0x00000150   Code   RO         1575    .text.sdio_read     csnp32.o
    0x0800bf70   0x0800bf70   0x00000220   Code   RO         1577    .text.sdio_write    csnp32.o
    0x0800c190   0x0800c190   0x00000024   Code   RO         1634    .text.set_ads_channel  ads1258.o
    0x0800c1b4   0x0800c1b4   0x000002ae   Code   RO         1766    .text.set_led_color  led.o
    0x0800c462   0x0800c462   0x00000002   PAD
    0x0800c464   0x0800c464   0x000000b4   Code   RO         1789    .text.spi_transmit_dma  transmit.o
    0x0800c518   0x0800c518   0x000000fa   Code   RO         1748    .text.start_debug_dma_transfer  utils.o
    0x0800c612   0x0800c612   0x00000002   PAD
    0x0800c614   0x0800c614   0x00000012   Code   RO         1644    .text.stopConversions  ads1258.o
    0x0800c626   0x0800c626   0x00000002   PAD
    0x0800c628   0x0800c628   0x000000aa   Code   RO         1592    .text.tlc5940_init  tlc5940.o
    0x0800c6d2   0x0800c6d2   0x00000002   PAD
    0x0800c6d4   0x0800c6d4   0x00000182   Code   RO         1596    .text.tlcSetDC      tlc5940.o
    0x0800c856   0x0800c856   0x00000002   PAD
    0x0800c858   0x0800c858   0x00000112   Code   RO         1594    .text.tlcSetGS      tlc5940.o
    0x0800c96a   0x0800c96a   0x00000002   PAD
    0x0800c96c   0x0800c96c   0x000000a0   Code   RO         1791    .text.uart_transmit_dma  transmit.o
    0x0800ca0c   0x0800ca0c   0x0000007e   Code   RO         1624    .text.writeMultipleRegisters  ads1258.o
    0x0800ca8a   0x0800ca8a   0x00000002   PAD
    0x0800ca8c   0x0800ca8c   0x00000092   Code   RO         1600    .text.writeTLC      tlc5940.o
    0x0800cb1e   0x0800cb1e   0x00000002   PAD
    0x0800cb20   0x0800cb20   0x00000118   Code   RO         1828    i.__hardfp_ceil     m_wm.l(ceil.o)
    0x0800cc38   0x0800cc38   0x0000000e   Code   RO         1886    i.__scatterload_copy  mc_w.l(handlers.o)
    0x0800cc46   0x0800cc46   0x00000002   Code   RO         1887    i.__scatterload_null  mc_w.l(handlers.o)
    0x0800cc48   0x0800cc48   0x0000000e   Code   RO         1888    i.__scatterload_zeroinit  mc_w.l(handlers.o)
    0x0800cc56   0x0800cc56   0x00000010   Data   RO         1513    .rodata.AHBPrescTable  system_stm32f4xx.o
    0x0800cc66   0x0800cc66   0x00000008   Data   RO         1514    .rodata.APBPrescTable  system_stm32f4xx.o
    0x0800cc6e   0x0800cc6e   0x00000008   Data   RO          500    .rodata.DMA_CalcBaseAndBitshift.flagBitshiftOffset  stm32f4xx_hal_dma.o
    0x0800cc76   0x0800cc76   0x00000016   Data   RO         1699    .rodata.g_battery_voltage_thresholds  bat_adc.o
    0x0800cc8c   0x0800cc8c   0x00000030   Data   RO           23    .rodata.str1.1      main.o
    0x0800ccbc   0x0800ccbc   0x00000114   Data   RO         1563    .rodata.str1.1      fnirs.o
    0x0800cdd0   0x0800cdd0   0x00000657   Data   RO         1582    .rodata.str1.1      csnp32.o
    0x0800d427   0x0800d427   0x000001c3   Data   RO         1660    .rodata.str1.1      ads1258.o
    0x0800d5ea   0x0800d5ea   0x000000d4   Data   RO         1698    .rodata.str1.1      bat_adc.o
    0x0800d6be   0x0800d6be   0x0000003d   Data   RO         1723    .rodata.str1.1      key.o
    0x0800d6fb   0x0800d6fb   0x000003f1   Data   RO         1820    .rodata.str1.1      transmit.o
    0x0800daec   0x0800daec   0x00000020   Data   RO         1885    Region$$Table       anon$$obj.o


    Execution Region RW_IRAM1 (Exec base: 0x20000000, Load base: 0x0800db10, Size: 0x00002898, Max: 0x0001c000, ABSOLUTE)

    Exec Addr    Load Addr    Size         Type   Attr      Idx    E Section Name        Object

    0x20000000   0x0800db10   0x00000001   Data   RW         1721    .data.KEY_Scan.Long_Cnt  key.o
    0x20000001   0x0800db11   0x00000001   Data   RW         1722    .data.KEY_Scan.Twice_Cnt  key.o
    0x20000002   0x0800db12   0x00000001   Data   RW         1720    .data.KEY_Scan.key_state  key.o
    0x20000003   0x0800db13   0x00000001   PAD
    0x20000004   0x0800db14   0x00000004   Data   RW         1512    .data.SystemCoreClock  system_stm32f4xx.o
    0x20000008   0x0800db18   0x00000001   Data   RW         1774    .data.cur_chr       led.o
    0x20000009   0x0800db19   0x00000001   Data   RW         1757    .data.g_debug_uart_tx_complete  utils.o
    0x2000000a   0x0800db1a   0x00000001   Data   RW         1581    .data.g_sd_write_ready  csnp32.o
    0x2000000b   0x0800db1b   0x00000001   Data   RW         1818    .data.g_spi_tx_complete  transmit.o
    0x2000000c   0x0800db1c   0x00000001   Data   RW         1819    .data.g_uart_tx_complete  transmit.o
    0x2000000d   0x0800db1d   0x00000001   Data   RW         1775    .data.pre_chr       led.o
    0x2000000e   0x0800db1e   0x00000001   Data   RW          700    .data.uwTickFreq    stm32f4xx_hal.o
    0x2000000f   0x0800db1f   0x00000001   PAD
    0x20000010   0x0800db20   0x00000004   Data   RW          699    .data.uwTickPrio    stm32f4xx_hal.o
    0x20000014   0x0800db24   0x00000004   PAD
    0x20000018        -       0x00000004   Zero   RW           22    .bss.HAL_TIM_PeriodElapsedCallback.__cnt  main.o
    0x2000001c        -       0x00000001   Zero   RW         1717    .bss.KEY_Scan.Click  key.o
    0x2000001d        -       0x00000001   Zero   RW         1715    .bss.KEY_Scan.Click_Buf  key.o
    0x2000001e        -       0x00000001   Zero   RW         1719    .bss.KEY_Scan.Double_Click  key.o
    0x2000001f        -       0x00000001   Zero   RW         1716    .bss.KEY_Scan.KEY_flag  key.o
    0x20000020        -       0x00000001   Zero   RW         1718    .bss.KEY_Scan.Long_Press  key.o
    0x20000021   0x0800db24   0x00000003   PAD
    0x20000024        -       0x00000024   Zero   RW         1659    .bss.channel        ads1258.o
    0x20000048        -       0x00000001   Zero   RW         1821    .bss.decode_received_command.is_initialized  transmit.o
    0x20000049   0x0800db24   0x00000001   PAD
    0x2000004a        -       0x00000002   Zero   RW         1695    .bss.g_adc_raw_value  bat_adc.o
    0x2000004c        -       0x0000004c   Zero   RW         1561    .bss.g_adc_sample   fnirs.o
    0x20000098        -       0x00000001   Zero   RW         1697    .bss.g_battery_percentage  bat_adc.o
    0x20000099   0x0800db24   0x00000001   PAD
    0x2000009a        -       0x00000002   Zero   RW         1696    .bss.g_battery_voltage_mv  bat_adc.o
    0x2000009c        -       0x00000200   Zero   RW         1813    .bss.g_crc16_table  transmit.o
    0x2000029c        -       0x0000050c   Zero   RW         1756    .bss.g_debug_buffer  utils.o
    0x200007a8        -       0x000014f0   Zero   RW         1560    .bss.g_fnirs_ctx    fnirs.o
    0x20001c98        -       0x00000001   Zero   RW         1562    .bss.g_fnirs_ready_flag  fnirs.o
    0x20001c99        -       0x0000000c   Zero   RW         1817    .bss.g_response_frame  transmit.o
    0x20001ca5        -       0x00000006   Zero   RW         1816    .bss.g_sensor_id    transmit.o
    0x20001cab        -       0x00000001   Zero   RW           21    .bss.g_timer_ready_flag  main.o
    0x20001cac        -       0x000000c0   Zero   RW         1608    .bss.g_tlc          tlc5940.o
    0x20001d6c        -       0x00000108   Zero   RW         1815    .bss.g_uart_rx_buffer  transmit.o
    0x20001e74        -       0x00000100   Zero   RW         1814    .bss.g_uart_rx_buffer_raw  transmit.o
    0x20001f74        -       0x00000048   Zero   RW           46    .bss.hadc1          adc.o
    0x20001fbc        -       0x00000001   Zero   RW         1704    .bss.handle_critical_battery_level.critical_handled  bat_adc.o
    0x20001fbd        -       0x00000001   Zero   RW         1703    .bss.handle_low_battery_warning.warning_count  bat_adc.o
    0x20001fbe   0x0800db24   0x00000002   PAD
    0x20001fc0        -       0x00000060   Zero   RW           69    .bss.hdma_sdio_tx   sdio.o
    0x20002020        -       0x00000060   Zero   RW           87    .bss.hdma_spi2_tx   spi.o
    0x20002080        -       0x00000060   Zero   RW          130    .bss.hdma_usart2_tx  usart.o
    0x200020e0        -       0x00000060   Zero   RW          132    .bss.hdma_usart3_rx  usart.o
    0x20002140        -       0x00000060   Zero   RW          131    .bss.hdma_usart3_tx  usart.o
    0x200021a0        -       0x00000084   Zero   RW           68    .bss.hsd            sdio.o
    0x20002224        -       0x00000058   Zero   RW           85    .bss.hspi1          spi.o
    0x2000227c        -       0x00000058   Zero   RW           86    .bss.hspi2          spi.o
    0x200022d4        -       0x00000048   Zero   RW          109    .bss.htim1          tim.o
    0x2000231c        -       0x00000048   Zero   RW          110    .bss.htim2          tim.o
    0x20002364        -       0x00000048   Zero   RW          111    .bss.htim4          tim.o
    0x200023ac        -       0x00000048   Zero   RW          112    .bss.htim6          tim.o
    0x200023f4        -       0x00000048   Zero   RW          128    .bss.huart2         usart.o
    0x2000243c        -       0x00000048   Zero   RW          129    .bss.huart3         usart.o
    0x20002484        -       0x00000001   Zero   RW         1714    .bss.key_return     key.o
    0x20002485        -       0x0000000a   Zero   RW         1653    .bss.registerMap    ads1258.o
    0x2000248f   0x0800db24   0x00000001   PAD
    0x20002490        -       0x00000004   Zero   RW          701    .bss.uwTick         stm32f4xx_hal.o
    0x20002494   0x0800db24   0x00000004   PAD
    0x20002498        -       0x00000400   Zero   RW            1    STACK               startup_stm32f407xx.o


    Execution Region RW_IRAM2 (Exec base: 0x2001c000, Load base: 0x0800db28, Size: 0x00000000, Max: 0x00004000, ABSOLUTE)

    **** No section assigned to this execution region ****


==============================================================================

Image component sizes


      Code (inc. data)   RO Data    RW Data    ZI Data      Debug   Object Name

       264          0          0          0         72       4876   adc.o
      1160          0        451          0         46       6033   ads1258.o
       742          0        234          0          7       3331   bat_adc.o
      1576          0       1623          1          0       7135   csnp32.o
       170          0          0          0          0       3326   dma.o
      2508          0        276          0       5437       8283   fnirs.o
       512          0          0          0          0       4121   gpio.o
       670          0         61          3          6       1746   key.o
      1010        112          0          2          0       1888   led.o
       820          0         48          0          5       6650   main.o
       540          0          0          0        228       7243   sdio.o
       528          0          0          0        272       7138   spi.o
        36          8        392          0       1024        836   startup_stm32f407xx.o
       276          0          0          5          4       7110   stm32f4xx_hal.o
      1994          0          0          0          0      10103   stm32f4xx_hal_adc.o
       482          0          0          0          0       9717   stm32f4xx_hal_cortex.o
      2080          8          8          0          0       8495   stm32f4xx_hal_dma.o
      1098          0          0          0          0       5091   stm32f4xx_hal_gpio.o
        74          0          0          0          0       1473   stm32f4xx_hal_msp.o
      2646          0          0          0          0       7595   stm32f4xx_hal_rcc.o
      7206          0          0          0          0      21221   stm32f4xx_hal_sd.o
      2902          0          0          0          0      19455   stm32f4xx_hal_spi.o
      6792         42          0          0          0      36016   stm32f4xx_hal_tim.o
       484          0          0          0          0      15331   stm32f4xx_hal_tim_ex.o
      3818          0          0          0          0      20426   stm32f4xx_hal_uart.o
       286          0          0          0          0       3033   stm32f4xx_it.o
      2980          0          0          0          0      11271   stm32f4xx_ll_sdmmc.o
        18          0         24          4          0       2502   system_stm32f4xx.o
      1352          0          0          0        288       9803   tim.o
      1138          0          0          0        192       7304   tlc5940.o
      2688         60       1009          2       1051      10947   transmit.o
       700          0          0          0        432       7317   usart.o
       572          0          0          1       1292       4819   utils.o

    ----------------------------------------------------------------------
     50360        230       4158         20      10372     281635   Object Totals
         0          0         32          0          0          0   (incl. Generated)
       238          0          0          2         16          0   (incl. Padding)

    ----------------------------------------------------------------------

      Code (inc. data)   RO Data    RW Data    ZI Data      Debug   Library Member Name

       280         28          0          0          0        156   ceil.o
         0          0          0          0          0          0   entry.o
         0          0          0          0          0          0   entry10a.o
         0          0          0          0          0          0   entry11a.o
         8          4          0          0          0          0   entry2.o
         4          0          0          0          0          0   entry5.o
         0          0          0          0          0          0   entry7b.o
         0          0          0          0          0          0   entry8b.o
         8          4          0          0          0          0   entry9a.o
        30          0          0          0          0          0   handlers.o
        48         10          0          0          0         68   init.o
         0          0          0          0          0          0   iusefp.o
        30          0          0          0          0         68   llshl.o
        36          0          0          0          0         68   llsshr.o
        32          0          0          0          0         68   llushr.o
        26          0          0          0          0         80   memcmp.o
        36          0          0          0          0         68   memcpya.o
        36          0          0          0          0        108   memseta.o
        98          0          0          0          0         92   uldiv.o
        48          0          0          0          0         68   cdrcmple.o
       334          0          0          0          0        148   dadd.o
       222          0          0          0          0        100   ddiv.o
       186          0          0          0          0        176   depilogue.o
        62          0          0          0          0         80   dfixi.o
        34          0          0          0          0         76   dflti.o

    ----------------------------------------------------------------------
      1558         46          0          0          0       1424   Library Totals
         0          0          0          0          0          0   (incl. Padding)

    ----------------------------------------------------------------------

      Code (inc. data)   RO Data    RW Data    ZI Data      Debug   Library Name

       280         28          0          0          0        156   m_wm.l
       392         18          0          0          0        620   mc_w.l
       886          0          0          0          0        648   mf_w.l

    ----------------------------------------------------------------------
      1558         46          0          0          0       1424   Library Totals

    ----------------------------------------------------------------------

==============================================================================


      Code (inc. data)   RO Data    RW Data    ZI Data      Debug   

     51918        276       4158         20      10372     282019   Grand Totals
     51918        276       4158         20      10372     282019   ELF Image Totals
     51918        276       4158         20          0          0   ROM Totals

==============================================================================

    Total RO  Size (Code + RO Data)                56076 (  54.76kB)
    Total RW  Size (RW Data + ZI Data)             10392 (  10.15kB)
    Total ROM Size (Code + RO Data + RW Data)      56096 (  54.78kB)

==============================================================================

